PATCHED: All models kept in frontier, no Pareto pruning
[pz] Q1 paper | claims=30 papers=62 pairs=1860 gold=14

1 JOINED
1 JOINED
2 JOINED
3 JOINED
4 JOINED
5 JOINED
6 JOINED
7 JOINED
2 JOINED
8 JOINED
9 JOINED
3 JOINED
4 JOINED
10 JOINED
11 JOINED
12 JOINED
13 JOINED
14 JOINED
15 JOINED
16 JOINED
5 JOINED
6 JOINED
7 JOINED
8 JOINED
9 JOINED
10 JOINED
11 JOINED
1 JOINED
12 JOINED
13 JOINED
14 JOINED
2 JOINED
3 JOINED
4 JOINED
5 JOINED
15 JOINED
6 JOINED
16 JOINED
7 JOINED
8 JOINED
9 JOINED
10 JOINED
11 JOINED
12 JOINED
1 JOINED
2 JOINED
13 JOINED
14 JOINED
15 JOINED
3 JOINED
16 JOINED
4 JOINED
5 JOINED
6 JOINED
7 JOINED
8 JOINED
9 JOINED
10 JOINED
11 JOINED
12 JOINED
13 JOINED
14 JOINED
15 JOINED
16 JOINED
1 JOINED
2 JOINED
3 JOINED
4 JOINED
5 JOINED
6 JOINED
7 JOINED
8 JOINED
9 JOINED
10 JOINED
11 JOINED
12 JOINED
13 JOINED
14 JOINED
15 JOINED
16 JOINED
1 JOINED
2 JOINED
3 JOINED
4 JOINED
5 JOINED
6 JOINED
7 JOINED
8 JOINED
9 JOINED
10 JOINED
11 JOINED
12 JOINED
13 JOINED
14 JOINED
15 JOINED
16 JOINED
1 JOINED
1 JOINED
1 JOINED
1 JOINED
1 JOINED
1 JOINED
1 JOINED
1 JOINED
1 JOINED
1 JOINED
1 JOINED
1 JOINED
1 JOINED
1 JOINED
1 JOINED
1 JOINED
17 JOINED
17 JOINED
18 JOINED
19 JOINED
17 JOINED
20 JOINED
21 JOINED
22 JOINED
23 JOINED
24 JOINED
25 JOINED
17 JOINED
17 JOINED
17 JOINED
26 JOINED
27 JOINED
28 JOINED
29 JOINED
30 JOINED
31 JOINED
32 JOINED
1 JOINED
1 JOINED
1 JOINED
1 JOINED
1 JOINED
1 JOINED
1 JOINED
1 JOINED
1 JOINED
1 JOINED
1 JOINED
1 JOINED
1 JOINED
1 JOINED
1 JOINED
1 JOINED
╭───────────────────────────── Sample Allocation ──────────────────────────────╮
│                                                                              │
│  ⠋ MarshalAndScanDataOp (0-711d00553b) ━━━━━━━   0% 0/0     Cost: $0.0000    │
│  ⠋ MarshalAndScanDataOp (1-c9b1852cdb) ━━━━━━━   0% 0/0     Cost: $0.0000    │
│    NestedLoopsJoin (2-0709197eca)      ━━━━━━━ 100% 117/100 Cost: $0.0000    │
│  ⠋ ProjectOp (3-abff3448d4)            ━━━━━━━   0% 0/0     Cost: $0.0000    │
│                                                                              │
╰──────────────────────────────────────────────────────────────────────────────╯
╭─────────────────────────── Optimization Progress ────────────────────────────╮
│                                                                              │
│                                                                              │
│     ━━━━━━━━━━━━━━━━━━━━━━━━━━ 100% 117/100 0:00:12 0:00:00 Cost: $0.0000    │
│                                                                              │
│                                                                              │
╰──────────────────────────────────────────────────────────────────────────────╯Total opt. time: 15.40s
Total opt. cost: $0.0000

1 JOINED
2 JOINED
3 JOINED
4 JOINED
5 JOINED
6 JOINED
7 JOINED
8 JOINED
9 JOINED
10 JOINED
11 JOINED
12 JOINED
13 JOINED
14 JOINED
15 JOINED
16 JOINED
17 JOINED
18 JOINED
19 JOINED
20 JOINED
21 JOINED
22 JOINED
23 JOINED
24 JOINED
25 JOINED
26 JOINED
27 JOINED
28 JOINED
29 JOINED
30 JOINED
31 JOINED
32 JOINED
33 JOINED
34 JOINED
35 JOINED
36 JOINED
37 JOINED
38 JOINED
39 JOINED
40 JOINED
41 JOINED
42 JOINED
43 JOINED
44 JOINED
45 JOINED
46 JOINED
47 JOINED
48 JOINED
49 JOINED
50 JOINED
51 JOINED
52 JOINED
53 JOINED
54 JOINED
55 JOINED
56 JOINED
57 JOINED
58 JOINED
59 JOINED
60 JOINED
61 JOINED
62 JOINED
63 JOINED
64 JOINED
65 JOINED
66 JOINED
67 JOINED
68 JOINED
69 JOINED
70 JOINED
71 JOINED
72 JOINED
73 JOINED
74 JOINED
75 JOINED
76 JOINED
77 JOINED
78 JOINED
79 JOINED
80 JOINED
81 JOINED
82 JOINED
83 JOINED
84 JOINED
85 JOINED
86 JOINED
87 JOINED
88 JOINED
89 JOINED
90 JOINED
91 JOINED
92 JOINED
93 JOINED
94 JOINED
95 JOINED
96 JOINED
97 JOINED
98 JOINED
99 JOINED
100 JOINED
101 JOINED
102 JOINED
103 JOINED
104 JOINED
105 JOINED
106 JOINED
107 JOINED
108 JOINED
109 JOINED
110 JOINED
111 JOINED
112 JOINED
113 JOINED
114 JOINED
115 JOINED
116 JOINED
117 JOINED
118 JOINED
119 JOINED
120 JOINED
121 JOINED
122 JOINED
123 JOINED
124 JOINED
125 JOINED
126 JOINED
127 JOINED
128 JOINED
129 JOINED
130 JOINED
131 JOINED
132 JOINED
133 JOINED
134 JOINED
135 JOINED
136 JOINED
137 JOINED
138 JOINED
139 JOINED
140 JOINED
141 JOINED
142 JOINED
143 JOINED
144 JOINED
145 JOINED
146 JOINED
147 JOINED
148 JOINED
149 JOINED
150 JOINED
151 JOINED
152 JOINED
153 JOINED
154 JOINED
155 JOINED
156 JOINED
157 JOINED
158 JOINED
159 JOINED
160 JOINED
161 JOINED
162 JOINED
163 JOINED
164 JOINED
165 JOINED
166 JOINED
167 JOINED
168 JOINED
169 JOINED
170 JOINED
171 JOINED
172 JOINED
173 JOINED
174 JOINED
175 JOINED
176 JOINED
177 JOINED
178 JOINED
179 JOINED
180 JOINED
181 JOINED
182 JOINED
183 JOINED
184 JOINED
185 JOINED
186 JOINED
187 JOINED
188 JOINED
189 JOINED
190 JOINED
191 JOINED
192 JOINED
193 JOINED
194 JOINED
195 JOINED
196 JOINED
197 JOINED
198 JOINED
199 JOINED
200 JOINED
201 JOINED
202 JOINED
203 JOINED
204 JOINED
205 JOINED
206 JOINED
207 JOINED
208 JOINED
209 JOINED
210 JOINED
211 JOINED
212 JOINED
213 JOINED
214 JOINED
215 JOINED
216 JOINED
217 JOINED
218 JOINED
219 JOINED
220 JOINED
221 JOINED
222 JOINED
223 JOINED
224 JOINED
225 JOINED
226 JOINED
227 JOINED
228 JOINED
229 JOINED
230 JOINED
231 JOINED
232 JOINED
233 JOINED
234 JOINED
235 JOINED
236 JOINED
237 JOINED
238 JOINED
239 JOINED
240 JOINED
241 JOINED
242 JOINED
243 JOINED
244 JOINED
245 JOINED
246 JOINED
247 JOINED
248 JOINED
249 JOINED
250 JOINED
251 JOINED
252 JOINED
253 JOINED
254 JOINED
255 JOINED
256 JOINED
257 JOINED
258 JOINED
259 JOINED
260 JOINED
261 JOINED
262 JOINED
263 JOINED
264 JOINED
265 JOINED
266 JOINED
267 JOINED
268 JOINED
269 JOINED
270 JOINED
271 JOINED
272 JOINED
273 JOINED
274 JOINED
275 JOINED
276 JOINED
277 JOINED
278 JOINED
279 JOINED
280 JOINED
281 JOINED
282 JOINED
283 JOINED
284 JOINED
285 JOINED
286 JOINED
287 JOINED
288 JOINED
289 JOINED
290 JOINED
291 JOINED
292 JOINED
293 JOINED
294 JOINED
295 JOINED
296 JOINED
297 JOINED
298 JOINED
299 JOINED
300 JOINED
301 JOINED
302 JOINED
303 JOINED
304 JOINED
305 JOINED
306 JOINED
307 JOINED
308 JOINED
309 JOINED
310 JOINED
311 JOINED
312 JOINED
313 JOINED
314 JOINED
315 JOINED
316 JOINED
317 JOINED
318 JOINED
319 JOINED
320 JOINED
321 JOINED
322 JOINED
323 JOINED
324 JOINED
325 JOINED
326 JOINED
327 JOINED
328 JOINED
329 JOINED
330 JOINED
331 JOINED
332 JOINED
333 JOINED
334 JOINED
335 JOINED
336 JOINED
337 JOINED
338 JOINED
339 JOINED
340 JOINED
341 JOINED
342 JOINED
343 JOINED
344 JOINED
345 JOINED
346 JOINED
347 JOINED
348 JOINED
349 JOINED
350 JOINED
351 JOINED
352 JOINED
353 JOINED
354 JOINED
355 JOINED
356 JOINED
357 JOINED
358 JOINED
359 JOINED
360 JOINED
361 JOINED
362 JOINED
363 JOINED
364 JOINED
365 JOINED
366 JOINED
367 JOINED
368 JOINED
369 JOINED
370 JOINED
371 JOINED
372 JOINED
373 JOINED
374 JOINED
375 JOINED
376 JOINED
377 JOINED
378 JOINED
379 JOINED
380 JOINED
381 JOINED
382 JOINED
383 JOINED
384 JOINED
385 JOINED
386 JOINED
387 JOINED
388 JOINED
389 JOINED
390 JOINED
391 JOINED
392 JOINED
393 JOINED
394 JOINED
395 JOINED
396 JOINED
397 JOINED
398 JOINED
399 JOINED
400 JOINED
401 JOINED
402 JOINED
403 JOINED
404 JOINED
405 JOINED
406 JOINED
407 JOINED
408 JOINED
409 JOINED
410 JOINED
411 JOINED
412 JOINED
413 JOINED
414 JOINED
415 JOINED
416 JOINED
417 JOINED
418 JOINED
419 JOINED
420 JOINED
421 JOINED
422 JOINED
423 JOINED
424 JOINED
425 JOINED
426 JOINED
427 JOINED
428 JOINED
429 JOINED
430 JOINED
431 JOINED
432 JOINED
433 JOINED
434 JOINED
435 JOINED
436 JOINED
437 JOINED
438 JOINED
439 JOINED
440 JOINED
441 JOINED
442 JOINED
443 JOINED
444 JOINED
445 JOINED
446 JOINED
447 JOINED
448 JOINED
449 JOINED
450 JOINED
451 JOINED
452 JOINED
453 JOINED
454 JOINED
455 JOINED
456 JOINED
457 JOINED
458 JOINED
459 JOINED
460 JOINED
461 JOINED
462 JOINED
463 JOINED
464 JOINED
465 JOINED
466 JOINED
467 JOINED
468 JOINED
469 JOINED
470 JOINED
471 JOINED
472 JOINED
473 JOINED
474 JOINED
475 JOINED
476 JOINED
477 JOINED
478 JOINED
479 JOINED
480 JOINED
481 JOINED
482 JOINED
483 JOINED
484 JOINED
485 JOINED
486 JOINED
487 JOINED
488 JOINED
489 JOINED
490 JOINED
491 JOINED
492 JOINED
493 JOINED
494 JOINED
495 JOINED
496 JOINED
497 JOINED
498 JOINED
499 JOINED
500 JOINED
501 JOINED
502 JOINED
503 JOINED
504 JOINED
505 JOINED
506 JOINED
507 JOINED
508 JOINED
509 JOINED
510 JOINED
511 JOINED
512 JOINED
513 JOINED
514 JOINED
515 JOINED
516 JOINED
517 JOINED
518 JOINED
519 JOINED
520 JOINED
521 JOINED
522 JOINED
523 JOINED
524 JOINED
525 JOINED
526 JOINED
527 JOINED
528 JOINED
529 JOINED
530 JOINED
531 JOINED
532 JOINED
533 JOINED
534 JOINED
535 JOINED
536 JOINED
537 JOINED
538 JOINED
539 JOINED
540 JOINED
541 JOINED
542 JOINED
543 JOINED
544 JOINED
545 JOINED
546 JOINED
547 JOINED
548 JOINED
549 JOINED
550 JOINED
551 JOINED
552 JOINED
553 JOINED
554 JOINED
555 JOINED
556 JOINED
557 JOINED
558 JOINED
559 JOINED
560 JOINED
561 JOINED
562 JOINED
563 JOINED
564 JOINED
565 JOINED
566 JOINED
567 JOINED
568 JOINED
569 JOINED
570 JOINED
571 JOINED
572 JOINED
573 JOINED
574 JOINED
575 JOINED
576 JOINED
577 JOINED
578 JOINED
579 JOINED
580 JOINED
581 JOINED
582 JOINED
583 JOINED
584 JOINED
585 JOINED
586 JOINED
587 JOINED
588 JOINED
589 JOINED
590 JOINED
591 JOINED
592 JOINED
593 JOINED
594 JOINED
595 JOINED
596 JOINED
597 JOINED
598 JOINED
599 JOINED
600 JOINED
601 JOINED
602 JOINED
603 JOINED
604 JOINED
605 JOINED
606 JOINED
607 JOINED
608 JOINED
609 JOINED
610 JOINED
611 JOINED
612 JOINED
613 JOINED
614 JOINED
615 JOINED
616 JOINED
617 JOINED
618 JOINED
619 JOINED
620 JOINED
621 JOINED
622 JOINED
623 JOINED
624 JOINED
625 JOINED
626 JOINED
627 JOINED
628 JOINED
629 JOINED
630 JOINED
631 JOINED
632 JOINED
633 JOINED
634 JOINED
635 JOINED
636 JOINED
637 JOINED
638 JOINED
639 JOINED
640 JOINED
641 JOINED
642 JOINED
643 JOINED
644 JOINED
645 JOINED
646 JOINED
647 JOINED
648 JOINED
649 JOINED
650 JOINED
651 JOINED
652 JOINED
653 JOINED
654 JOINED
655 JOINED
656 JOINED
657 JOINED
658 JOINED
659 JOINED
660 JOINED
661 JOINED
662 JOINED
663 JOINED
664 JOINED
665 JOINED
666 JOINED
667 JOINED
668 JOINED
669 JOINED
670 JOINED
671 JOINED
672 JOINED
673 JOINED
674 JOINED
675 JOINED
676 JOINED
677 JOINED
678 JOINED
679 JOINED
680 JOINED
681 JOINED
682 JOINED
683 JOINED
684 JOINED
685 JOINED
686 JOINED
687 JOINED
688 JOINED
689 JOINED
690 JOINED
691 JOINED
692 JOINED
693 JOINED
694 JOINED
695 JOINED
696 JOINED
697 JOINED
698 JOINED
699 JOINED
700 JOINED
701 JOINED
702 JOINED
703 JOINED
704 JOINED
705 JOINED
706 JOINED
707 JOINED
708 JOINED
709 JOINED
710 JOINED
711 JOINED
712 JOINED
713 JOINED
714 JOINED
715 JOINED
716 JOINED
717 JOINED
718 JOINED
719 JOINED
720 JOINED
721 JOINED
722 JOINED
723 JOINED
724 JOINED
725 JOINED
726 JOINED
727 JOINED
728 JOINED
729 JOINED
730 JOINED
731 JOINED
732 JOINED
733 JOINED
734 JOINED
735 JOINED
736 JOINED
737 JOINED
738 JOINED
739 JOINED
740 JOINED
741 JOINED
742 JOINED
743 JOINED
744 JOINED
745 JOINED
746 JOINED
747 JOINED
748 JOINED
749 JOINED
750 JOINED
751 JOINED
752 JOINED
753 JOINED
754 JOINED
755 JOINED
756 JOINED
757 JOINED
758 JOINED
759 JOINED
760 JOINED
761 JOINED
762 JOINED
763 JOINED
764 JOINED
765 JOINED
766 JOINED
767 JOINED
768 JOINED
769 JOINED
770 JOINED
771 JOINED
772 JOINED
773 JOINED
774 JOINED
775 JOINED
776 JOINED
777 JOINED
778 JOINED
779 JOINED
780 JOINED
781 JOINED
782 JOINED
783 JOINED
784 JOINED
785 JOINED
786 JOINED
787 JOINED
788 JOINED
789 JOINED
790 JOINED
791 JOINED
792 JOINED
793 JOINED
794 JOINED
795 JOINED
796 JOINED
797 JOINED
798 JOINED
799 JOINED
800 JOINED
801 JOINED
802 JOINED
803 JOINED
804 JOINED
805 JOINED
806 JOINED
807 JOINED
808 JOINED
809 JOINED
810 JOINED
811 JOINED
812 JOINED
813 JOINED
814 JOINED
815 JOINED
816 JOINED
817 JOINED
818 JOINED
819 JOINED
820 JOINED
821 JOINED
822 JOINED
823 JOINED
824 JOINED
825 JOINED
826 JOINED
827 JOINED
828 JOINED
829 JOINED
830 JOINED
831 JOINED
832 JOINED
833 JOINED
834 JOINED
835 JOINED
836 JOINED
837 JOINED
838 JOINED
839 JOINED
840 JOINED
841 JOINED
842 JOINED
843 JOINED
844 JOINED
845 JOINED
846 JOINED
847 JOINED
848 JOINED
849 JOINED
850 JOINED
851 JOINED
852 JOINED
853 JOINED
854 JOINED
855 JOINED
856 JOINED
857 JOINED
858 JOINED
859 JOINED
860 JOINED
861 JOINED
862 JOINED
863 JOINED
864 JOINED
865 JOINED
866 JOINED
867 JOINED
868 JOINED
869 JOINED
870 JOINED
871 JOINED
872 JOINED
873 JOINED
874 JOINED
875 JOINED
876 JOINED
877 JOINED
878 JOINED
879 JOINED
880 JOINED
881 JOINED
882 JOINED
883 JOINED
884 JOINED
885 JOINED
886 JOINED
887 JOINED
888 JOINED
889 JOINED
890 JOINED
891 JOINED
892 JOINED
893 JOINED
894 JOINED
895 JOINED
896 JOINED
897 JOINED
898 JOINED
899 JOINED
900 JOINED
901 JOINED
902 JOINED
903 JOINED
904 JOINED
905 JOINED
906 JOINED
907 JOINED
908 JOINED
909 JOINED
910 JOINED
911 JOINED
912 JOINED
913 JOINED
914 JOINED
915 JOINED
916 JOINED
917 JOINED
918 JOINED
919 JOINED
920 JOINED
921 JOINED
922 JOINED
923 JOINED
924 JOINED
925 JOINED
926 JOINED
927 JOINED
928 JOINED
929 JOINED
930 JOINED
931 JOINED
932 JOINED
933 JOINED
934 JOINED
935 JOINED
936 JOINED
937 JOINED
938 JOINED
939 JOINED
940 JOINED
941 JOINED
942 JOINED
943 JOINED
944 JOINED
945 JOINED
946 JOINED
947 JOINED
948 JOINED
949 JOINED
950 JOINED
951 JOINED
952 JOINED
953 JOINED
954 JOINED
955 JOINED
956 JOINED
957 JOINED
958 JOINED
959 JOINED
960 JOINED
961 JOINED
962 JOINED
963 JOINED
964 JOINED
965 JOINED
966 JOINED
967 JOINED
968 JOINED
969 JOINED
970 JOINED
971 JOINED
972 JOINED
973 JOINED
974 JOINED
975 JOINED
976 JOINED
977 JOINED
978 JOINED
979 JOINED
980 JOINED
981 JOINED
982 JOINED
983 JOINED
984 JOINED
985 JOINED
986 JOINED
987 JOINED
988 JOINED
989 JOINED
990 JOINED
991 JOINED
992 JOINED
993 JOINED
994 JOINED
995 JOINED
996 JOINED
997 JOINED
998 JOINED
999 JOINED
1000 JOINED
1001 JOINED
1002 JOINED
1003 JOINED
1004 JOINED
1005 JOINED
1006 JOINED
1007 JOINED
1008 JOINED
1009 JOINED
1010 JOINED
1011 JOINED
1012 JOINED
1013 JOINED
1014 JOINED
1015 JOINED
1016 JOINED
1017 JOINED
1018 JOINED
1019 JOINED
1020 JOINED
1021 JOINED
1022 JOINED
1023 JOINED
1024 JOINED
1025 JOINED
1026 JOINED
1027 JOINED
1028 JOINED
1029 JOINED
1030 JOINED
1031 JOINED
1032 JOINED
1033 JOINED
1034 JOINED
1035 JOINED
1036 JOINED
1037 JOINED
1038 JOINED
1039 JOINED
1040 JOINED
1041 JOINED
1042 JOINED
1043 JOINED
1044 JOINED
1045 JOINED
1046 JOINED
1047 JOINED
1048 JOINED
1049 JOINED
1050 JOINED
1051 JOINED
1052 JOINED
1053 JOINED
1054 JOINED
1055 JOINED
1056 JOINED
1057 JOINED
1058 JOINED
1059 JOINED
1060 JOINED
1061 JOINED
1062 JOINED
1063 JOINED
1064 JOINED
1065 JOINED
1066 JOINED
1067 JOINED
1068 JOINED
1069 JOINED
1070 JOINED
1071 JOINED
1072 JOINED
1073 JOINED
1074 JOINED
1075 JOINED
1076 JOINED
1077 JOINED
1078 JOINED
1079 JOINED
1080 JOINED
1081 JOINED
1082 JOINED
1083 JOINED
1084 JOINED
1085 JOINED
1086 JOINED
1087 JOINED
1088 JOINED
1089 JOINED
1090 JOINED
1091 JOINED
1092 JOINED
1093 JOINED
1094 JOINED
1095 JOINED
1096 JOINED
1097 JOINED
1098 JOINED
1099 JOINED
1100 JOINED
1101 JOINED
1102 JOINED
1103 JOINED
1104 JOINED
1105 JOINED
1106 JOINED
1107 JOINED
1108 JOINED
1109 JOINED
1110 JOINED
1111 JOINED
1112 JOINED
1113 JOINED
1114 JOINED
1115 JOINED
1116 JOINED
1117 JOINED
1118 JOINED
1119 JOINED
1120 JOINED
1121 JOINED
1122 JOINED
1123 JOINED
1124 JOINED
1125 JOINED
1126 JOINED
1127 JOINED
1128 JOINED
1129 JOINED
1130 JOINED
1131 JOINED
1132 JOINED
1133 JOINED
1134 JOINED
1135 JOINED
1136 JOINED
1137 JOINED
1138 JOINED
1139 JOINED
1140 JOINED
1141 JOINED
1142 JOINED
1143 JOINED
1144 JOINED
1145 JOINED
1146 JOINED
1147 JOINED
1148 JOINED
1149 JOINED
1150 JOINED
1151 JOINED
1152 JOINED
1153 JOINED
1154 JOINED
1155 JOINED
1156 JOINED
1157 JOINED
1158 JOINED
1159 JOINED
1160 JOINED
1161 JOINED
1162 JOINED
1163 JOINED
1164 JOINED
1165 JOINED
1166 JOINED
1167 JOINED
1168 JOINED
1169 JOINED
1170 JOINED
1171 JOINED
1172 JOINED
1173 JOINED
1174 JOINED
1175 JOINED
1176 JOINED
1177 JOINED
1178 JOINED
1179 JOINED
1180 JOINED
1181 JOINED
1182 JOINED
1183 JOINED
1184 JOINED
1185 JOINED
1186 JOINED
1187 JOINED
1188 JOINED
1189 JOINED
1190 JOINED
1191 JOINED
1192 JOINED
1193 JOINED
1194 JOINED
1195 JOINED
1196 JOINED
1197 JOINED
1198 JOINED
1199 JOINED
1200 JOINED
1201 JOINED
1202 JOINED
1203 JOINED
1204 JOINED
1205 JOINED
1206 JOINED
1207 JOINED
1208 JOINED
1209 JOINED
1210 JOINED
1211 JOINED
1212 JOINED
1213 JOINED
1214 JOINED
1215 JOINED
1216 JOINED
1217 JOINED
1218 JOINED
1219 JOINED
1220 JOINED
1221 JOINED
1222 JOINED
1223 JOINED
1224 JOINED
1225 JOINED
1226 JOINED
1227 JOINED
1228 JOINED
1229 JOINED
1230 JOINED
1231 JOINED
1232 JOINED
1233 JOINED
1234 JOINED
1235 JOINED
1236 JOINED
1237 JOINED
1238 JOINED
1239 JOINED
1240 JOINED
1241 JOINED
1242 JOINED
1243 JOINED
1244 JOINED
1245 JOINED
1246 JOINED
1247 JOINED
1248 JOINED
1249 JOINED
1250 JOINED
1251 JOINED
1252 JOINED
1253 JOINED
1254 JOINED
1255 JOINED
1256 JOINED
1257 JOINED
1258 JOINED
1259 JOINED
1260 JOINED
1261 JOINED
1262 JOINED
1263 JOINED
1264 JOINED
1265 JOINED
1266 JOINED
1267 JOINED
1268 JOINED
1269 JOINED
1270 JOINED
1271 JOINED
1272 JOINED
1273 JOINED
1274 JOINED
1275 JOINED
1276 JOINED
1277 JOINED
1278 JOINED
1279 JOINED
1280 JOINED
1281 JOINED
1282 JOINED
1283 JOINED
1284 JOINED
1285 JOINED
1286 JOINED
1287 JOINED
1288 JOINED
1289 JOINED
1290 JOINED
1291 JOINED
1292 JOINED
1293 JOINED
1294 JOINED
1295 JOINED
1296 JOINED
1297 JOINED
1298 JOINED
1299 JOINED
1300 JOINED
1301 JOINED
1302 JOINED
1303 JOINED
1304 JOINED
1305 JOINED
1306 JOINED
1307 JOINED
1308 JOINED
1309 JOINED
1310 JOINED
1311 JOINED
1312 JOINED
1313 JOINED
1314 JOINED
1315 JOINED
1316 JOINED
1317 JOINED
1318 JOINED
1319 JOINED
1320 JOINED
1321 JOINED
1322 JOINED
1323 JOINED
1324 JOINED
1325 JOINED
1326 JOINED
1327 JOINED
1328 JOINED
1329 JOINED
1330 JOINED
1331 JOINED
1332 JOINED
1333 JOINED
1334 JOINED
1335 JOINED
1336 JOINED
1337 JOINED
1338 JOINED
1339 JOINED
1340 JOINED
1341 JOINED
1342 JOINED
1343 JOINED
1344 JOINED
1345 JOINED
1346 JOINED
1347 JOINED
1348 JOINED
1349 JOINED
1350 JOINED
1351 JOINED
1352 JOINED
1353 JOINED
1354 JOINED
1355 JOINED
1356 JOINED
1357 JOINED
1358 JOINED
1359 JOINED
1360 JOINED
1361 JOINED
1362 JOINED
1363 JOINED
1364 JOINED
1365 JOINED
1366 JOINED
1367 JOINED
1368 JOINED
1369 JOINED
1370 JOINED
1371 JOINED
1372 JOINED
1373 JOINED
1374 JOINED
1375 JOINED
1376 JOINED
1377 JOINED
1378 JOINED
1379 JOINED
1380 JOINED
1381 JOINED
1382 JOINED
1383 JOINED
1384 JOINED
1385 JOINED
1386 JOINED
1387 JOINED
1388 JOINED
1389 JOINED
1390 JOINED
1391 JOINED
1392 JOINED
1393 JOINED
1394 JOINED
1395 JOINED
1396 JOINED
1397 JOINED
1398 JOINED
1399 JOINED
1400 JOINED
1401 JOINED
1402 JOINED
1403 JOINED
1404 JOINED
1405 JOINED
1406 JOINED
1407 JOINED
1408 JOINED
1409 JOINED
1410 JOINED
1411 JOINED
1412 JOINED
1413 JOINED
1414 JOINED
1415 JOINED
1416 JOINED
1417 JOINED
1418 JOINED
1419 JOINED
1420 JOINED
1421 JOINED
1422 JOINED
1423 JOINED
1424 JOINED
1425 JOINED
1426 JOINED
1427 JOINED
1428 JOINED
1429 JOINED
1430 JOINED
1431 JOINED
1432 JOINED
1433 JOINED
1434 JOINED
1435 JOINED
1436 JOINED
1437 JOINED
1438 JOINED
1439 JOINED
1440 JOINED
1441 JOINED
1442 JOINED
1443 JOINED
1444 JOINED
1445 JOINED
1446 JOINED
1447 JOINED
1448 JOINED
1449 JOINED
1450 JOINED
1451 JOINED
1452 JOINED
1453 JOINED
1454 JOINED
1455 JOINED
1456 JOINED
1457 JOINED
1458 JOINED
1459 JOINED
1460 JOINED
1461 JOINED
1462 JOINED
1463 JOINED
1464 JOINED
1465 JOINED
1466 JOINED
1467 JOINED
1468 JOINED
1469 JOINED
1470 JOINED
1471 JOINED
1472 JOINED
1473 JOINED
1474 JOINED
1475 JOINED
1476 JOINED
1477 JOINED
1478 JOINED
1479 JOINED
1480 JOINED
1481 JOINED
1482 JOINED
1483 JOINED
1484 JOINED
1485 JOINED
1486 JOINED
1487 JOINED
1488 JOINED
1489 JOINED
1490 JOINED
1491 JOINED
1492 JOINED
1493 JOINED
1494 JOINED
1495 JOINED
1496 JOINED
1497 JOINED
1498 JOINED
1499 JOINED
1500 JOINED
1501 JOINED
1502 JOINED
1503 JOINED
1504 JOINED
1505 JOINED
1506 JOINED
1507 JOINED
1508 JOINED
1509 JOINED
1510 JOINED
1511 JOINED
1512 JOINED
1513 JOINED
1514 JOINED
1515 JOINED
1516 JOINED
1517 JOINED
1518 JOINED
1519 JOINED
1520 JOINED
1521 JOINED
1522 JOINED
1523 JOINED
1524 JOINED
1525 JOINED
1526 JOINED
1527 JOINED
1528 JOINED
1529 JOINED
1530 JOINED
1531 JOINED
1532 JOINED
1533 JOINED
1534 JOINED
1535 JOINED
1536 JOINED
1537 JOINED
1538 JOINED
1539 JOINED
1540 JOINED
1541 JOINED
1542 JOINED
1543 JOINED
1544 JOINED
1545 JOINED
1546 JOINED
1547 JOINED
1548 JOINED
1549 JOINED
1550 JOINED
1551 JOINED
1552 JOINED
1553 JOINED
1554 JOINED
1555 JOINED
1556 JOINED
1557 JOINED
1558 JOINED
1559 JOINED
1560 JOINED
1561 JOINED
1562 JOINED
1563 JOINED
1564 JOINED
1565 JOINED
1566 JOINED
1567 JOINED
1568 JOINED
1569 JOINED
1570 JOINED
1571 JOINED
1572 JOINED
1573 JOINED
1574 JOINED
1575 JOINED
1576 JOINED
1577 JOINED
1578 JOINED
1579 JOINED
1580 JOINED
1581 JOINED
1582 JOINED
1583 JOINED
1584 JOINED
1585 JOINED
1586 JOINED
1587 JOINED
1588 JOINED
1589 JOINED
1590 JOINED
1591 JOINED
1592 JOINED
1593 JOINED
1594 JOINED
1595 JOINED
1596 JOINED
1597 JOINED
1598 JOINED
1599 JOINED
1600 JOINED
1601 JOINED
1602 JOINED
1603 JOINED
1604 JOINED
1605 JOINED
1606 JOINED
1607 JOINED
1608 JOINED
1609 JOINED
1610 JOINED
1611 JOINED
1612 JOINED
1613 JOINED
1614 JOINED
1615 JOINED
1616 JOINED
1617 JOINED
1618 JOINED
1619 JOINED
1620 JOINED
1621 JOINED
1622 JOINED
1623 JOINED
1624 JOINED
1625 JOINED
1626 JOINED
1627 JOINED
1628 JOINED
1629 JOINED
1630 JOINED
1631 JOINED
1632 JOINED
1633 JOINED
1634 JOINED
1635 JOINED
1636 JOINED
1637 JOINED
1638 JOINED
1639 JOINED
1640 JOINED
1641 JOINED
1642 JOINED
1643 JOINED
1644 JOINED
1645 JOINED
1646 JOINED
1647 JOINED
1648 JOINED
1649 JOINED
1650 JOINED
1651 JOINED
1652 JOINED
1653 JOINED
1654 JOINED
1655 JOINED
1656 JOINED
1657 JOINED
1658 JOINED
1659 JOINED
1660 JOINED
1661 JOINED
1662 JOINED
1663 JOINED
1664 JOINED
1665 JOINED
1666 JOINED
1667 JOINED
1668 JOINED
1669 JOINED
1670 JOINED
1671 JOINED
1672 JOINED
1673 JOINED
1674 JOINED
1675 JOINED
1676 JOINED
1677 JOINED
1678 JOINED
1679 JOINED
1680 JOINED
1681 JOINED
1682 JOINED
1683 JOINED
1684 JOINED
1685 JOINED
1686 JOINED
1687 JOINED
1688 JOINED
1689 JOINED
1690 JOINED
1691 JOINED
1692 JOINED
1693 JOINED
1694 JOINED
1695 JOINED
1696 JOINED
1697 JOINED
1698 JOINED
1699 JOINED
1700 JOINED
1701 JOINED
1702 JOINED
1703 JOINED
1704 JOINED
1705 JOINED
1706 JOINED
1707 JOINED
1708 JOINED
1709 JOINED
1710 JOINED
1711 JOINED
1712 JOINED
1713 JOINED
1714 JOINED
1715 JOINED
1716 JOINED
1717 JOINED
1718 JOINED
1719 JOINED
1720 JOINED
1721 JOINED
1722 JOINED
1723 JOINED
1724 JOINED
1725 JOINED
1726 JOINED
1727 JOINED
1728 JOINED
1729 JOINED
1730 JOINED
1731 JOINED
1732 JOINED
1733 JOINED
1734 JOINED
1735 JOINED
1736 JOINED
1737 JOINED
1738 JOINED
1739 JOINED
1740 JOINED
1741 JOINED
1742 JOINED
1743 JOINED
1744 JOINED
1745 JOINED
1746 JOINED
1747 JOINED
1748 JOINED
1749 JOINED
1750 JOINED
1751 JOINED
1752 JOINED
1753 JOINED
1754 JOINED
1755 JOINED
1756 JOINED
1757 JOINED
1758 JOINED
1759 JOINED
1760 JOINED
1761 JOINED
1762 JOINED
1763 JOINED
1764 JOINED
1765 JOINED
1766 JOINED
1767 JOINED
1768 JOINED
1769 JOINED
1770 JOINED
1771 JOINED
1772 JOINED
1773 JOINED
1774 JOINED
1775 JOINED
1776 JOINED
1777 JOINED
1778 JOINED
1779 JOINED
1780 JOINED
1781 JOINED
1782 JOINED
1783 JOINED
1784 JOINED
1785 JOINED
1786 JOINED
1787 JOINED
1788 JOINED
1789 JOINED
1790 JOINED
1791 JOINED
1792 JOINED
1793 JOINED
1794 JOINED
1795 JOINED
1796 JOINED
1797 JOINED
1798 JOINED
1799 JOINED
1800 JOINED
1801 JOINED
1802 JOINED
1803 JOINED
1804 JOINED
1805 JOINED
1806 JOINED
1807 JOINED
1808 JOINED
1809 JOINED
1810 JOINED
1811 JOINED
1812 JOINED
1813 JOINED
1814 JOINED
1815 JOINED
1816 JOINED
1817 JOINED
1818 JOINED
1819 JOINED
1820 JOINED
1821 JOINED
1822 JOINED
1823 JOINED
1824 JOINED
1825 JOINED
1826 JOINED
1827 JOINED
1828 JOINED
1829 JOINED
1830 JOINED
1831 JOINED
1832 JOINED
1833 JOINED
1834 JOINED
1835 JOINED
1836 JOINED
1837 JOINED
1838 JOINED
1839 JOINED
1840 JOINED
1841 JOINED
1842 JOINED
1843 JOINED
1844 JOINED
1845 JOINED
1846 JOINED
1847 JOINED
1848 JOINED
1849 JOINED
1850 JOINED
1851 JOINED
1852 JOINED
1853 JOINED
1854 JOINED
1855 JOINED
1856 JOINED
1857 JOINED
1858 JOINED
1859 JOINED
1860 JOINED
  MarshalAndScanDataOp (99e9a6f4e6) ━━━━━ 100% 30/30 0:00… 0:00… Cost: $0.0000 
  MarshalAndScanDataOp (9ae8e1f011) ━━━━━ 100% 62/62 0:00… 0:00… Cost: $0.0000 
  NestedLoopsJoin (92c9712d10)      ━━━━━ 100% 1860… 0:02… 0:00… Cost: $0.0000 
  ProjectOp (4cad171a2d)            ━━━━━   0% 0/0   0:02… -:--… Cost: $0.0000 
Total time: 155.86s
Total cost: $0.0000
Traceback (most recent call last):
  File "/mnt/e/Semantic Operators/SemBench/my_benchmark/paper/runner/pz_r_Q1_t1.py", line 80, in <module>
    res = set(zip(df["claim_id"].astype(str), df[col_right].astype(str)))
                  ~~^^^^^^^^^^^^
  File "/home/littl/miniconda3/envs/sembench/lib/python3.12/site-packages/pandas/core/frame.py", line 4107, in __getitem__
    indexer = self.columns.get_loc(key)
              ^^^^^^^^^^^^^^^^^^^^^^^^^
  File "/home/littl/miniconda3/envs/sembench/lib/python3.12/site-packages/pandas/core/indexes/range.py", line 417, in get_loc
    raise KeyError(key)
KeyError: 'claim_id'
