2026-04-26 13:33:39,259 - INFO - Use pytorch device_name: cuda
2026-04-26 13:33:39,259 - INFO - Load pretrained SentenceTransformer: intfloat/e5-base-v2
[t1] Paper Q3 | approximate (recall=0.8, precision=0.8)
Papers: 500

Running helper LM:   0%|           0/500 LM calls [00:00<?, ?it/s]2026-04-26 13:33:41,147 - INFO - Retrying request to /chat/completions in 0.390965 seconds
2026-04-26 13:33:41,156 - INFO - Retrying request to /chat/completions in 0.399952 seconds
2026-04-26 13:33:41,158 - INFO - Retrying request to /chat/completions in 0.455877 seconds
2026-04-26 13:33:41,164 - INFO - Retrying request to /chat/completions in 0.478926 seconds
2026-04-26 13:33:41,623 - INFO - Retrying request to /chat/completions in 0.976846 seconds
2026-04-26 13:33:41,640 - INFO - Retrying request to /chat/completions in 0.854230 seconds
2026-04-26 13:33:41,711 - INFO - Retrying request to /chat/completions in 0.850996 seconds
2026-04-26 13:33:42,112 - INFO - Retrying request to /chat/completions in 0.412016 seconds
2026-04-26 13:33:42,614 - INFO - Retrying request to /chat/completions in 0.862498 seconds
2026-04-26 13:33:42,741 - INFO - Retrying request to /chat/completions in 0.426764 seconds
2026-04-26 13:33:42,769 - INFO - Retrying request to /chat/completions in 0.395040 seconds
2026-04-26 13:33:43,242 - INFO - Retrying request to /chat/completions in 0.465887 seconds
2026-04-26 13:33:43,251 - INFO - Retrying request to /chat/completions in 0.958001 seconds
2026-04-26 13:33:43,662 - INFO - Retrying request to /chat/completions in 0.437231 seconds
2026-04-26 13:33:43,800 - INFO - Retrying request to /chat/completions in 0.435908 seconds
2026-04-26 13:33:43,810 - INFO - Retrying request to /chat/completions in 0.812187 seconds
2026-04-26 13:33:44,187 - INFO - Retrying request to /chat/completions in 0.817432 seconds
2026-04-26 13:33:44,324 - INFO - Retrying request to /chat/completions in 0.904334 seconds
2026-04-26 13:33:44,670 - INFO - Retrying request to /chat/completions in 0.478840 seconds
2026-04-26 13:33:44,806 - INFO - Retrying request to /chat/completions in 0.384515 seconds
2026-04-26 13:33:45,195 - INFO - Retrying request to /chat/completions in 0.432707 seconds
2026-04-26 13:33:45,231 - INFO - Retrying request to /chat/completions in 0.831288 seconds
2026-04-26 13:33:45,272 - INFO - Retrying request to /chat/completions in 0.987870 seconds
2026-04-26 13:33:45,429 - INFO - Retrying request to /chat/completions in 0.495399 seconds
2026-04-26 13:33:45,713 - INFO - Retrying request to /chat/completions in 0.861882 seconds
2026-04-26 13:33:46,014 - INFO - Retrying request to /chat/completions in 0.788517 seconds
2026-04-26 13:33:46,276 - INFO - Retrying request to /chat/completions in 0.459455 seconds
2026-04-26 13:33:46,446 - INFO - Retrying request to /chat/completions in 0.434376 seconds
2026-04-26 13:33:46,769 - INFO - Retrying request to /chat/completions in 0.459735 seconds
2026-04-26 13:33:46,818 - INFO - Retrying request to /chat/completions in 0.908503 seconds
2026-04-26 13:33:47,030 - INFO - Retrying request to /chat/completions in 0.460691 seconds
2026-04-26 13:33:47,266 - INFO - Retrying request to /chat/completions in 0.447339 seconds
2026-04-26 13:33:47,319 - INFO - Retrying request to /chat/completions in 0.999620 seconds
2026-04-26 13:33:47,580 - INFO - Retrying request to /chat/completions in 0.790111 seconds
2026-04-26 13:33:47,800 - INFO - Retrying request to /chat/completions in 0.832173 seconds
2026-04-26 13:33:47,911 - INFO - Retrying request to /chat/completions in 0.460079 seconds
2026-04-26 13:33:48,482 - INFO - Retrying request to /chat/completions in 0.997122 seconds
2026-04-26 13:33:48,514 - INFO - Retrying request to /chat/completions in 0.486748 seconds
2026-04-26 13:33:48,548 - INFO - Retrying request to /chat/completions in 0.495529 seconds
2026-04-26 13:33:48,851 - INFO - Retrying request to /chat/completions in 0.463540 seconds
2026-04-26 13:33:49,134 - INFO - Retrying request to /chat/completions in 0.936466 seconds
2026-04-26 13:33:49,416 - INFO - Retrying request to /chat/completions in 0.932474 seconds
2026-04-26 13:33:49,647 - INFO - Retrying request to /chat/completions in 0.394202 seconds
2026-04-26 13:33:49,903 - INFO - Retrying request to /chat/completions in 0.430458 seconds
2026-04-26 13:33:50,116 - INFO - Retrying request to /chat/completions in 0.887736 seconds
2026-04-26 13:33:50,426 - INFO - Retrying request to /chat/completions in 0.968515 seconds
2026-04-26 13:33:50,558 - INFO - Retrying request to /chat/completions in 0.498815 seconds
2026-04-26 13:33:51,463 - INFO - Retrying request to /chat/completions in 0.376730 seconds
2026-04-26 13:33:51,588 - INFO - Retrying request to /chat/completions in 0.388323 seconds
2026-04-26 13:33:51,598 - INFO - Retrying request to /chat/completions in 0.410586 seconds
2026-04-26 13:33:51,930 - INFO - Retrying request to /chat/completions in 0.923272 seconds
2026-04-26 13:33:52,081 - INFO - Retrying request to /chat/completions in 0.924407 seconds
2026-04-26 13:33:52,088 - INFO - Retrying request to /chat/completions in 0.963803 seconds
2026-04-26 13:33:52,916 - INFO - Retrying request to /chat/completions in 0.441771 seconds
2026-04-26 13:33:53,041 - INFO - Retrying request to /chat/completions in 0.395598 seconds
2026-04-26 13:33:53,196 - INFO - Retrying request to /chat/completions in 0.385299 seconds
2026-04-26 13:33:53,255 - INFO - Retrying request to /chat/completions in 0.455173 seconds
2026-04-26 13:33:53,520 - INFO - Retrying request to /chat/completions in 0.883246 seconds
2026-04-26 13:33:53,775 - INFO - Retrying request to /chat/completions in 0.815065 seconds
2026-04-26 13:33:53,972 - INFO - Retrying request to /chat/completions in 0.427639 seconds
2026-04-26 13:33:54,160 - INFO - Retrying request to /chat/completions in 0.418628 seconds
2026-04-26 13:33:54,469 - INFO - Retrying request to /chat/completions in 0.942235 seconds
2026-04-26 13:33:54,597 - INFO - Retrying request to /chat/completions in 0.381689 seconds
2026-04-26 13:33:54,693 - INFO - Retrying request to /chat/completions in 0.758143 seconds
2026-04-26 13:33:55,051 - INFO - Retrying request to /chat/completions in 0.433827 seconds
2026-04-26 13:33:55,066 - INFO - Retrying request to /chat/completions in 0.810586 seconds
2026-04-26 13:33:55,575 - INFO - Retrying request to /chat/completions in 0.901483 seconds
2026-04-26 13:33:55,620 - INFO - Retrying request to /chat/completions in 0.410260 seconds
2026-04-26 13:33:55,622 - INFO - Retrying request to /chat/completions in 0.413128 seconds
2026-04-26 13:33:56,053 - INFO - Retrying request to /chat/completions in 0.477631 seconds
2026-04-26 13:33:56,103 - INFO - Retrying request to /chat/completions in 0.977458 seconds
2026-04-26 13:33:56,113 - INFO - Retrying request to /chat/completions in 0.788550 seconds
2026-04-26 13:33:56,612 - INFO - Retrying request to /chat/completions in 0.777285 seconds
2026-04-26 13:33:56,672 - INFO - Retrying request to /chat/completions in 0.451033 seconds
2026-04-26 13:33:57,107 - INFO - Retrying request to /chat/completions in 0.481093 seconds
2026-04-26 13:33:57,257 - INFO - Retrying request to /chat/completions in 0.893202 seconds
2026-04-26 13:33:57,272 - INFO - Retrying request to /chat/completions in 0.458207 seconds
2026-04-26 13:33:57,590 - INFO - Retrying request to /chat/completions in 0.433833 seconds
2026-04-26 13:33:57,680 - INFO - Retrying request to /chat/completions in 0.905525 seconds
2026-04-26 13:33:57,874 - INFO - Retrying request to /chat/completions in 0.891997 seconds
2026-04-26 13:33:58,117 - INFO - Retrying request to /chat/completions in 0.950746 seconds
2026-04-26 13:33:58,349 - INFO - Retrying request to /chat/completions in 0.495463 seconds
2026-04-26 13:33:58,787 - INFO - Retrying request to /chat/completions in 0.471753 seconds
2026-04-26 13:33:58,950 - INFO - Retrying request to /chat/completions in 0.484778 seconds
2026-04-26 13:33:59,262 - INFO - Retrying request to /chat/completions in 0.433778 seconds
2026-04-26 13:33:59,364 - INFO - Retrying request to /chat/completions in 0.808771 seconds
2026-04-26 13:33:59,521 - INFO - Retrying request to /chat/completions in 0.825584 seconds
2026-04-26 13:33:59,778 - INFO - Retrying request to /chat/completions in 0.854211 seconds
2026-04-26 13:34:00,132 - INFO - Retrying request to /chat/completions in 0.392977 seconds
2026-04-26 13:34:00,374 - INFO - Retrying request to /chat/completions in 0.377647 seconds
2026-04-26 13:34:00,564 - INFO - Retrying request to /chat/completions in 0.488415 seconds
2026-04-26 13:34:00,615 - INFO - Retrying request to /chat/completions in 0.905358 seconds
2026-04-26 13:34:00,825 - INFO - Retrying request to /chat/completions in 0.414861 seconds
2026-04-26 13:34:00,833 - INFO - Retrying request to /chat/completions in 0.865484 seconds
2026-04-26 13:34:01,130 - INFO - Retrying request to /chat/completions in 0.807142 seconds
2026-04-26 13:34:01,315 - INFO - Retrying request to /chat/completions in 0.902783 seconds
2026-04-26 13:34:01,733 - INFO - Retrying request to /chat/completions in 0.497860 seconds
2026-04-26 13:34:01,953 - INFO - Retrying request to /chat/completions in 0.404240 seconds
2026-04-26 13:34:02,312 - INFO - Retrying request to /chat/completions in 0.860368 seconds
2026-04-26 13:34:02,413 - INFO - Retrying request to /chat/completions in 0.493574 seconds
2026-04-26 13:34:02,429 - INFO - Retrying request to /chat/completions in 0.445097 seconds
2026-04-26 13:34:02,439 - INFO - Retrying request to /chat/completions in 0.848049 seconds
2026-04-26 13:34:02,952 - INFO - Retrying request to /chat/completions in 0.961912 seconds
2026-04-26 13:34:02,995 - INFO - Retrying request to /chat/completions in 0.822157 seconds
2026-04-26 13:34:03,502 - INFO - Retrying request to /chat/completions in 0.443550 seconds
2026-04-26 13:34:03,712 - INFO - Retrying request to /chat/completions in 0.470613 seconds
2026-04-26 13:34:04,001 - INFO - Retrying request to /chat/completions in 0.408966 seconds
2026-04-26 13:34:04,151 - INFO - Retrying request to /chat/completions in 0.376568 seconds
2026-04-26 13:34:04,283 - INFO - Retrying request to /chat/completions in 0.802488 seconds
2026-04-26 13:34:04,692 - INFO - Retrying request to /chat/completions in 0.471066 seconds
2026-04-26 13:34:04,697 - INFO - Retrying request to /chat/completions in 0.992058 seconds
2026-04-26 13:34:04,707 - INFO - Retrying request to /chat/completions in 0.864672 seconds
2026-04-26 13:34:05,290 - INFO - Retrying request to /chat/completions in 0.391344 seconds
2026-04-26 13:34:05,708 - INFO - Retrying request to /chat/completions in 0.417401 seconds
2026-04-26 13:34:05,755 - INFO - Retrying request to /chat/completions in 0.972737 seconds
2026-04-26 13:34:05,836 - INFO - Retrying request to /chat/completions in 0.462204 seconds
2026-04-26 13:34:05,880 - INFO - Retrying request to /chat/completions in 0.499508 seconds
2026-04-26 13:34:06,215 - INFO - Retrying request to /chat/completions in 0.905018 seconds
2026-04-26 13:34:06,444 - INFO - Retrying request to /chat/completions in 0.751207 seconds
2026-04-26 13:34:06,839 - INFO - Retrying request to /chat/completions in 0.492802 seconds
2026-04-26 13:34:06,913 - INFO - Retrying request to /chat/completions in 0.459783 seconds
2026-04-26 13:34:07,393 - INFO - Retrying request to /chat/completions in 0.379692 seconds
2026-04-26 13:34:07,410 - INFO - Retrying request to /chat/completions in 0.993886 seconds
2026-04-26 13:34:07,467 - INFO - Retrying request to /chat/completions in 0.920517 seconds
2026-04-26 13:34:07,769 - INFO - Retrying request to /chat/completions in 0.498901 seconds
2026-04-26 13:34:07,939 - INFO - Retrying request to /chat/completions in 0.962667 seconds
2026-04-26 13:34:08,355 - INFO - Retrying request to /chat/completions in 0.928459 seconds
2026-04-26 13:34:08,598 - INFO - Retrying request to /chat/completions in 0.438459 seconds
2026-04-26 13:34:08,603 - INFO - Retrying request to /chat/completions in 0.395009 seconds
2026-04-26 13:34:09,122 - INFO - Retrying request to /chat/completions in 0.451007 seconds
2026-04-26 13:34:09,124 - INFO - Retrying request to /chat/completions in 0.765493 seconds
2026-04-26 13:34:09,484 - INFO - Retrying request to /chat/completions in 0.431573 seconds
2026-04-26 13:34:09,488 - INFO - Retrying request to /chat/completions in 0.388938 seconds
2026-04-26 13:34:09,678 - INFO - Retrying request to /chat/completions in 0.860923 seconds
2026-04-26 13:34:09,964 - INFO - Retrying request to /chat/completions in 0.846931 seconds
2026-04-26 13:34:10,004 - INFO - Retrying request to /chat/completions in 0.828597 seconds
2026-04-26 13:34:10,392 - INFO - Retrying request to /chat/completions in 0.482249 seconds
2026-04-26 13:34:10,756 - INFO - Retrying request to /chat/completions in 0.406584 seconds
2026-04-26 13:34:10,963 - INFO - Retrying request to /chat/completions in 0.752982 seconds
2026-04-26 13:34:10,999 - INFO - Retrying request to /chat/completions in 0.469498 seconds
2026-04-26 13:34:11,022 - INFO - Retrying request to /chat/completions in 0.493319 seconds
2026-04-26 13:34:11,257 - INFO - Retrying request to /chat/completions in 0.972402 seconds
2026-04-26 13:34:11,600 - INFO - Retrying request to /chat/completions in 0.824787 seconds
2026-04-26 13:34:12,462 - INFO - Retrying request to /chat/completions in 0.433955 seconds
2026-04-26 13:34:12,617 - INFO - Retrying request to /chat/completions in 0.497148 seconds
2026-04-26 13:34:12,630 - INFO - Retrying request to /chat/completions in 0.394629 seconds
2026-04-26 13:34:12,984 - INFO - Retrying request to /chat/completions in 0.760550 seconds
2026-04-26 13:34:13,179 - INFO - Retrying request to /chat/completions in 0.875152 seconds
2026-04-26 13:34:13,208 - INFO - Retrying request to /chat/completions in 0.827988 seconds
2026-04-26 13:34:14,220 - INFO - Retrying request to /chat/completions in 0.453823 seconds
2026-04-26 13:34:14,237 - INFO - Retrying request to /chat/completions in 0.394319 seconds
2026-04-26 13:34:14,285 - INFO - Retrying request to /chat/completions in 0.451886 seconds
2026-04-26 13:34:14,728 - INFO - Retrying request to /chat/completions in 0.974824 seconds
2026-04-26 13:34:14,757 - INFO - Retrying request to /chat/completions in 0.864701 seconds
2026-04-26 13:34:14,827 - INFO - Retrying request to /chat/completions in 0.966096 seconds
2026-04-26 13:34:15,111 - INFO - Retrying request to /chat/completions in 0.492253 seconds
2026-04-26 13:34:15,688 - INFO - Retrying request to /chat/completions in 0.831014 seconds
2026-04-26 13:34:15,832 - INFO - Retrying request to /chat/completions in 0.391466 seconds
2026-04-26 13:34:15,925 - INFO - Retrying request to /chat/completions in 0.484474 seconds
2026-04-26 13:34:16,314 - INFO - Retrying request to /chat/completions in 0.795820 seconds
2026-04-26 13:34:16,489 - INFO - Retrying request to /chat/completions in 0.928235 seconds
2026-04-26 13:34:16,715 - INFO - Retrying request to /chat/completions in 0.421732 seconds
2026-04-26 13:34:17,233 - INFO - Retrying request to /chat/completions in 0.973236 seconds
2026-04-26 13:34:17,289 - INFO - Retrying request to /chat/completions in 0.421550 seconds
2026-04-26 13:34:17,661 - INFO - Retrying request to /chat/completions in 0.485067 seconds
2026-04-26 13:34:17,807 - INFO - Retrying request to /chat/completions in 0.898788 seconds
2026-04-26 13:34:18,021 - INFO - Retrying request to /chat/completions in 0.438605 seconds
2026-04-26 13:34:18,239 - INFO - Retrying request to /chat/completions in 0.787888 seconds
2026-04-26 13:34:18,525 - INFO - Retrying request to /chat/completions in 0.757879 seconds
2026-04-26 13:34:18,888 - INFO - Retrying request to /chat/completions in 0.379214 seconds
2026-04-26 13:34:18,927 - INFO - Retrying request to /chat/completions in 0.409487 seconds
2026-04-26 13:34:19,237 - INFO - Retrying request to /chat/completions in 0.448256 seconds
2026-04-26 13:34:19,356 - INFO - Retrying request to /chat/completions in 0.816267 seconds
2026-04-26 13:34:19,422 - INFO - Retrying request to /chat/completions in 0.902257 seconds
2026-04-26 13:34:19,480 - INFO - Retrying request to /chat/completions in 0.453866 seconds
2026-04-26 13:34:19,783 - INFO - Retrying request to /chat/completions in 0.871586 seconds
2026-04-26 13:34:20,031 - INFO - Retrying request to /chat/completions in 0.932893 seconds
2026-04-26 13:34:20,377 - INFO - Retrying request to /chat/completions in 0.467764 seconds
2026-04-26 13:34:20,851 - INFO - Retrying request to /chat/completions in 0.460765 seconds
2026-04-26 13:34:20,927 - INFO - Retrying request to /chat/completions in 0.823984 seconds
2026-04-26 13:34:21,165 - INFO - Retrying request to /chat/completions in 0.448895 seconds
2026-04-26 13:34:21,332 - INFO - Retrying request to /chat/completions in 0.470195 seconds
2026-04-26 13:34:21,700 - INFO - Retrying request to /chat/completions in 0.809165 seconds
2026-04-26 13:34:21,884 - INFO - Retrying request to /chat/completions in 0.957341 seconds
2026-04-26 13:34:21,968 - INFO - Retrying request to /chat/completions in 0.442924 seconds
2026-04-26 13:34:22,089 - INFO - Retrying request to /chat/completions in 0.375206 seconds
2026-04-26 13:34:22,503 - INFO - Retrying request to /chat/completions in 0.760403 seconds
2026-04-26 13:34:22,734 - INFO - Retrying request to /chat/completions in 0.487757 seconds
2026-04-26 13:34:23,076 - INFO - Retrying request to /chat/completions in 0.380375 seconds
2026-04-26 13:34:23,296 - INFO - Retrying request to /chat/completions in 0.991161 seconds
2026-04-26 13:34:23,466 - INFO - Retrying request to /chat/completions in 0.465305 seconds
2026-04-26 13:34:23,529 - INFO - Retrying request to /chat/completions in 0.868215 seconds
2026-04-26 13:34:23,622 - INFO - Retrying request to /chat/completions in 0.479096 seconds
2026-04-26 13:34:24,017 - INFO - Retrying request to /chat/completions in 0.882985 seconds
2026-04-26 13:34:24,191 - INFO - Retrying request to /chat/completions in 0.861981 seconds
2026-04-26 13:34:24,519 - INFO - Retrying request to /chat/completions in 0.424710 seconds
2026-04-26 13:34:25,032 - INFO - Retrying request to /chat/completions in 0.979816 seconds
2026-04-26 13:34:25,082 - INFO - Retrying request to /chat/completions in 0.463458 seconds
2026-04-26 13:34:25,242 - INFO - Retrying request to /chat/completions in 0.437434 seconds
2026-04-26 13:34:25,406 - INFO - Retrying request to /chat/completions in 0.469269 seconds
2026-04-26 13:34:25,637 - INFO - Retrying request to /chat/completions in 0.988784 seconds
2026-04-26 13:34:25,775 - INFO - Retrying request to /chat/completions in 0.877216 seconds
2026-04-26 13:34:25,969 - INFO - Retrying request to /chat/completions in 0.906652 seconds
2026-04-26 13:34:26,223 - INFO - Retrying request to /chat/completions in 0.445234 seconds
2026-04-26 13:34:26,840 - INFO - Retrying request to /chat/completions in 0.408210 seconds
2026-04-26 13:34:26,879 - INFO - Retrying request to /chat/completions in 0.484014 seconds
2026-04-26 13:34:27,096 - INFO - Retrying request to /chat/completions in 0.387553 seconds
2026-04-26 13:34:27,103 - INFO - Retrying request to /chat/completions in 0.484623 seconds
2026-04-26 13:34:27,331 - INFO - Retrying request to /chat/completions in 0.796149 seconds
2026-04-26 13:34:27,468 - INFO - Retrying request to /chat/completions in 0.930314 seconds
2026-04-26 13:34:27,560 - INFO - Retrying request to /chat/completions in 0.766071 seconds
2026-04-26 13:34:27,659 - INFO - Retrying request to /chat/completions in 0.887767 seconds
2026-04-26 13:34:28,349 - INFO - Retrying request to /chat/completions in 0.407635 seconds
2026-04-26 13:34:28,558 - INFO - Retrying request to /chat/completions in 0.406044 seconds
2026-04-26 13:34:28,624 - INFO - Retrying request to /chat/completions in 0.472478 seconds
2026-04-26 13:34:28,761 - INFO - Retrying request to /chat/completions in 0.375603 seconds
2026-04-26 13:34:29,049 - INFO - Retrying request to /chat/completions in 0.756596 seconds
2026-04-26 13:34:29,205 - INFO - Retrying request to /chat/completions in 0.904967 seconds
2026-04-26 13:34:29,212 - INFO - Retrying request to /chat/completions in 0.994367 seconds
2026-04-26 13:34:29,556 - INFO - Retrying request to /chat/completions in 0.464280 seconds
2026-04-26 13:34:30,091 - INFO - Retrying request to /chat/completions in 0.947160 seconds
2026-04-26 13:34:30,317 - INFO - Retrying request to /chat/completions in 0.461903 seconds
2026-04-26 13:34:30,318 - INFO - Retrying request to /chat/completions in 0.408121 seconds
2026-04-26 13:34:30,418 - INFO - Retrying request to /chat/completions in 0.484281 seconds
2026-04-26 13:34:30,851 - INFO - Retrying request to /chat/completions in 0.818368 seconds
2026-04-26 13:34:30,966 - INFO - Retrying request to /chat/completions in 0.975337 seconds
2026-04-26 13:34:31,265 - INFO - Retrying request to /chat/completions in 0.481967 seconds
2026-04-26 13:34:31,834 - INFO - Retrying request to /chat/completions in 0.920879 seconds
2026-04-26 13:34:31,891 - INFO - Retrying request to /chat/completions in 0.475974 seconds
2026-04-26 13:34:31,959 - INFO - Retrying request to /chat/completions in 0.442245 seconds
2026-04-26 13:34:32,155 - INFO - Retrying request to /chat/completions in 0.425175 seconds
2026-04-26 13:34:32,459 - INFO - Retrying request to /chat/completions in 0.917174 seconds
2026-04-26 13:34:32,475 - INFO - Retrying request to /chat/completions in 0.888795 seconds
2026-04-26 13:34:32,669 - INFO - Retrying request to /chat/completions in 0.921737 seconds
2026-04-26 13:34:32,977 - INFO - Retrying request to /chat/completions in 0.416739 seconds
2026-04-26 13:34:33,488 - INFO - Retrying request to /chat/completions in 0.787384 seconds
2026-04-26 13:34:33,584 - INFO - Retrying request to /chat/completions in 0.406490 seconds
2026-04-26 13:34:33,588 - INFO - Retrying request to /chat/completions in 0.480001 seconds
2026-04-26 13:34:33,797 - INFO - Retrying request to /chat/completions in 0.459119 seconds
2026-04-26 13:34:34,080 - INFO - Retrying request to /chat/completions in 0.938950 seconds
2026-04-26 13:34:34,165 - INFO - Retrying request to /chat/completions in 0.960447 seconds
2026-04-26 13:34:34,487 - INFO - Retrying request to /chat/completions in 0.458445 seconds
2026-04-26 13:34:34,491 - INFO - Retrying request to /chat/completions in 0.970095 seconds
2026-04-26 13:34:35,291 - INFO - Retrying request to /chat/completions in 0.824448 seconds
2026-04-26 13:34:35,327 - INFO - Retrying request to /chat/completions in 0.483892 seconds
2026-04-26 13:34:35,540 - INFO - Retrying request to /chat/completions in 0.391839 seconds
2026-04-26 13:34:35,662 - INFO - Retrying request to /chat/completions in 0.486017 seconds
2026-04-26 13:34:35,904 - INFO - Retrying request to /chat/completions in 0.859043 seconds
2026-04-26 13:34:36,237 - INFO - Retrying request to /chat/completions in 0.853589 seconds
2026-04-26 13:34:36,340 - INFO - Retrying request to /chat/completions in 0.385678 seconds
2026-04-26 13:34:36,752 - INFO - Retrying request to /chat/completions in 0.397757 seconds
2026-04-26 13:34:36,813 - INFO - Retrying request to /chat/completions in 0.953638 seconds
2026-04-26 13:34:37,014 - INFO - Retrying request to /chat/completions in 0.483590 seconds
2026-04-26 13:34:37,229 - INFO - Retrying request to /chat/completions in 0.815970 seconds
2026-04-26 13:34:37,305 - INFO - Retrying request to /chat/completions in 0.419914 seconds
2026-04-26 13:34:37,573 - INFO - Retrying request to /chat/completions in 0.904773 seconds
2026-04-26 13:34:37,806 - INFO - Retrying request to /chat/completions in 0.848381 seconds
2026-04-26 13:34:38,261 - INFO - Retrying request to /chat/completions in 0.405538 seconds
2026-04-26 13:34:38,275 - INFO - Retrying request to /chat/completions in 0.464303 seconds
2026-04-26 13:34:38,700 - INFO - Retrying request to /chat/completions in 0.393697 seconds
2026-04-26 13:34:38,748 - INFO - Retrying request to /chat/completions in 0.813665 seconds
2026-04-26 13:34:38,819 - INFO - Retrying request to /chat/completions in 0.772526 seconds
2026-04-26 13:34:38,863 - INFO - Retrying request to /chat/completions in 0.417335 seconds
2026-04-26 13:34:39,197 - INFO - Retrying request to /chat/completions in 0.917375 seconds
2026-04-26 13:34:39,367 - INFO - Retrying request to /chat/completions in 0.954803 seconds
2026-04-26 13:34:39,765 - INFO - Retrying request to /chat/completions in 0.381631 seconds
2026-04-26 13:34:39,804 - INFO - Retrying request to /chat/completions in 0.484825 seconds
2026-04-26 13:34:40,351 - INFO - Retrying request to /chat/completions in 0.488810 seconds
2026-04-26 13:34:40,396 - INFO - Retrying request to /chat/completions in 0.863470 seconds
2026-04-26 13:34:40,659 - INFO - Retrying request to /chat/completions in 0.465871 seconds
2026-04-26 13:34:40,727 - INFO - Retrying request to /chat/completions in 0.481409 seconds
2026-04-26 13:34:40,922 - INFO - Retrying request to /chat/completions in 0.908360 seconds
2026-04-26 13:34:41,213 - INFO - Retrying request to /chat/completions in 0.991518 seconds
2026-04-26 13:34:41,300 - INFO - Retrying request to /chat/completions in 0.927212 seconds
2026-04-26 13:34:41,479 - INFO - Retrying request to /chat/completions in 0.433011 seconds
2026-04-26 13:34:42,002 - INFO - Retrying request to /chat/completions in 0.817429 seconds
2026-04-26 13:34:42,048 - INFO - Retrying request to /chat/completions in 0.472488 seconds
2026-04-26 13:34:42,454 - INFO - Retrying request to /chat/completions in 0.422320 seconds
2026-04-26 13:34:42,593 - INFO - Retrying request to /chat/completions in 0.951553 seconds
2026-04-26 13:34:42,787 - INFO - Retrying request to /chat/completions in 0.402794 seconds
2026-04-26 13:34:42,971 - INFO - Retrying request to /chat/completions in 0.853457 seconds
2026-04-26 13:34:43,065 - INFO - Retrying request to /chat/completions in 0.392434 seconds
2026-04-26 13:34:43,278 - INFO - Retrying request to /chat/completions in 0.888998 seconds
2026-04-26 13:34:43,551 - INFO - Retrying request to /chat/completions in 0.836062 seconds
2026-04-26 13:34:43,782 - INFO - Retrying request to /chat/completions in 0.423458 seconds
2026-04-26 13:34:44,047 - INFO - Retrying request to /chat/completions in 0.375494 seconds
2026-04-26 13:34:44,287 - INFO - Retrying request to /chat/completions in 0.805107 seconds
2026-04-26 13:34:44,361 - INFO - Retrying request to /chat/completions in 0.390153 seconds
2026-04-26 13:34:44,521 - INFO - Retrying request to /chat/completions in 0.868281 seconds
2026-04-26 13:34:44,843 - INFO - Retrying request to /chat/completions in 0.817329 seconds
2026-04-26 13:34:44,867 - INFO - Retrying request to /chat/completions in 0.435649 seconds
2026-04-26 13:34:45,311 - INFO - Retrying request to /chat/completions in 0.495021 seconds
2026-04-26 13:34:45,399 - INFO - Retrying request to /chat/completions in 0.936977 seconds
2026-04-26 13:34:45,614 - INFO - Retrying request to /chat/completions in 0.432004 seconds
2026-04-26 13:34:45,869 - INFO - Retrying request to /chat/completions in 0.768527 seconds
2026-04-26 13:34:45,891 - INFO - Retrying request to /chat/completions in 0.396855 seconds
2026-04-26 13:34:46,130 - INFO - Retrying request to /chat/completions in 0.769841 seconds
2026-04-26 13:34:46,374 - INFO - Retrying request to /chat/completions in 0.996351 seconds
2026-04-26 13:34:46,853 - INFO - Retrying request to /chat/completions in 0.498766 seconds
2026-04-26 13:34:47,034 - INFO - Retrying request to /chat/completions in 0.454326 seconds
2026-04-26 13:34:47,115 - INFO - Retrying request to /chat/completions in 0.474078 seconds
2026-04-26 13:34:47,443 - INFO - Retrying request to /chat/completions in 0.792725 seconds
2026-04-26 13:34:47,578 - INFO - Retrying request to /chat/completions in 0.483374 seconds
2026-04-26 13:34:47,677 - INFO - Retrying request to /chat/completions in 0.903142 seconds
2026-04-26 13:34:48,145 - INFO - Retrying request to /chat/completions in 0.958661 seconds
2026-04-26 13:34:48,191 - INFO - Retrying request to /chat/completions in 0.449258 seconds
2026-04-26 13:34:48,438 - INFO - Retrying request to /chat/completions in 0.468108 seconds
2026-04-26 13:34:48,722 - INFO - Retrying request to /chat/completions in 0.900204 seconds
2026-04-26 13:34:48,815 - INFO - Retrying request to /chat/completions in 0.389735 seconds
2026-04-26 13:34:48,999 - INFO - Retrying request to /chat/completions in 0.991426 seconds
2026-04-26 13:34:49,291 - INFO - Retrying request to /chat/completions in 0.928996 seconds
2026-04-26 13:34:50,185 - INFO - Retrying request to /chat/completions in 0.397008 seconds
2026-04-26 13:34:50,312 - INFO - Retrying request to /chat/completions in 0.447291 seconds
2026-04-26 13:34:50,322 - INFO - Retrying request to /chat/completions in 0.485399 seconds
2026-04-26 13:34:50,444 - INFO - Retrying request to /chat/completions in 0.381444 seconds
2026-04-26 13:34:50,675 - INFO - Retrying request to /chat/completions in 0.890090 seconds
2026-04-26 13:34:50,867 - INFO - Retrying request to /chat/completions in 0.789654 seconds
2026-04-26 13:34:50,891 - INFO - Retrying request to /chat/completions in 0.888459 seconds
2026-04-26 13:34:50,911 - INFO - Retrying request to /chat/completions in 0.810297 seconds
2026-04-26 13:34:51,771 - INFO - Retrying request to /chat/completions in 0.498241 seconds
2026-04-26 13:34:51,862 - INFO - Retrying request to /chat/completions in 0.404719 seconds
2026-04-26 13:34:51,968 - INFO - Retrying request to /chat/completions in 0.413411 seconds
2026-04-26 13:34:51,994 - INFO - Retrying request to /chat/completions in 0.403944 seconds
2026-04-26 13:34:52,335 - INFO - Retrying request to /chat/completions in 0.753429 seconds
2026-04-26 13:34:52,357 - INFO - Retrying request to /chat/completions in 0.805857 seconds
2026-04-26 13:34:52,469 - INFO - Retrying request to /chat/completions in 0.889870 seconds
2026-04-26 13:34:52,481 - INFO - Retrying request to /chat/completions in 0.965430 seconds
2026-04-26 13:34:53,310 - INFO - Retrying request to /chat/completions in 0.435440 seconds
2026-04-26 13:34:53,580 - INFO - Retrying request to /chat/completions in 0.431104 seconds
2026-04-26 13:34:53,682 - INFO - Retrying request to /chat/completions in 0.429910 seconds
2026-04-26 13:34:53,698 - INFO - Retrying request to /chat/completions in 0.382947 seconds
2026-04-26 13:34:54,082 - INFO - Retrying request to /chat/completions in 0.931995 seconds
2026-04-26 13:34:54,174 - INFO - Retrying request to /chat/completions in 0.872141 seconds
2026-04-26 13:34:54,194 - INFO - Retrying request to /chat/completions in 0.765824 seconds
2026-04-26 13:34:54,289 - INFO - Retrying request to /chat/completions in 0.462343 seconds
2026-04-26 13:34:55,210 - INFO - Retrying request to /chat/completions in 0.418357 seconds
2026-04-26 13:34:55,354 - INFO - Retrying request to /chat/completions in 0.494379 seconds
2026-04-26 13:34:55,521 - INFO - Retrying request to /chat/completions in 0.480268 seconds
2026-04-26 13:34:55,620 - INFO - Retrying request to /chat/completions in 0.417002 seconds
2026-04-26 13:34:55,725 - INFO - Retrying request to /chat/completions in 0.863311 seconds
2026-04-26 13:34:55,934 - INFO - Retrying request to /chat/completions in 0.880081 seconds
2026-04-26 13:34:56,093 - INFO - Retrying request to /chat/completions in 0.868873 seconds
2026-04-26 13:34:56,120 - INFO - Retrying request to /chat/completions in 0.834143 seconds
2026-04-26 13:34:56,809 - INFO - Retrying request to /chat/completions in 0.390385 seconds
2026-04-26 13:34:57,175 - INFO - Retrying request to /chat/completions in 0.453246 seconds
2026-04-26 13:34:57,424 - INFO - Retrying request to /chat/completions in 0.402786 seconds
2026-04-26 13:34:57,622 - INFO - Retrying request to /chat/completions in 0.391694 seconds
2026-04-26 13:34:57,900 - INFO - Retrying request to /chat/completions in 0.984121 seconds
2026-04-26 13:34:58,096 - INFO - Retrying request to /chat/completions in 0.901192 seconds
2026-04-26 13:34:58,123 - INFO - Retrying request to /chat/completions in 0.389698 seconds
2026-04-26 13:34:58,516 - INFO - Retrying request to /chat/completions in 0.446288 seconds
2026-04-26 13:34:58,594 - INFO - Retrying request to /chat/completions in 0.921028 seconds
2026-04-26 13:34:59,053 - INFO - Retrying request to /chat/completions in 0.782232 seconds
2026-04-26 13:34:59,116 - INFO - Retrying request to /chat/completions in 0.466012 seconds
2026-04-26 13:34:59,218 - INFO - Retrying request to /chat/completions in 0.485028 seconds
2026-04-26 13:34:59,668 - INFO - Retrying request to /chat/completions in 0.908618 seconds
2026-04-26 13:34:59,779 - INFO - Retrying request to /chat/completions in 0.423025 seconds
2026-04-26 13:34:59,790 - INFO - Retrying request to /chat/completions in 0.787611 seconds
2026-04-26 13:35:00,274 - INFO - Retrying request to /chat/completions in 0.816064 seconds
2026-04-26 13:35:00,782 - INFO - Retrying request to /chat/completions in 0.376882 seconds
2026-04-26 13:35:00,804 - INFO - Retrying request to /chat/completions in 0.463797 seconds
2026-04-26 13:35:00,936 - INFO - Retrying request to /chat/completions in 0.419529 seconds
2026-04-26 13:35:01,240 - INFO - Retrying request to /chat/completions in 0.998561 seconds
2026-04-26 13:35:01,334 - INFO - Retrying request to /chat/completions in 0.925789 seconds
2026-04-26 13:35:01,363 - INFO - Retrying request to /chat/completions in 0.412243 seconds
2026-04-26 13:35:01,436 - INFO - Retrying request to /chat/completions in 0.949119 seconds
2026-04-26 13:35:02,243 - INFO - Retrying request to /chat/completions in 0.400843 seconds
2026-04-26 13:35:02,464 - INFO - Retrying request to /chat/completions in 0.470016 seconds
2026-04-26 13:35:02,472 - INFO - Retrying request to /chat/completions in 0.457776 seconds
2026-04-26 13:35:02,654 - INFO - Retrying request to /chat/completions in 0.456318 seconds
2026-04-26 13:35:02,736 - INFO - Retrying request to /chat/completions in 0.844012 seconds
2026-04-26 13:35:03,017 - INFO - Retrying request to /chat/completions in 0.852923 seconds
2026-04-26 13:35:03,018 - INFO - Retrying request to /chat/completions in 0.808860 seconds
2026-04-26 13:35:03,224 - INFO - Retrying request to /chat/completions in 0.813909 seconds
2026-04-26 13:35:03,814 - INFO - Retrying request to /chat/completions in 0.444703 seconds
2026-04-26 13:35:04,084 - INFO - Retrying request to /chat/completions in 0.391531 seconds
2026-04-26 13:35:04,255 - INFO - Retrying request to /chat/completions in 0.475299 seconds
2026-04-26 13:35:04,335 - INFO - Retrying request to /chat/completions in 0.801751 seconds
2026-04-26 13:35:04,572 - INFO - Retrying request to /chat/completions in 0.838269 seconds
2026-04-26 13:35:04,645 - INFO - Retrying request to /chat/completions in 0.451956 seconds
2026-04-26 13:35:04,815 - INFO - Retrying request to /chat/completions in 0.998037 seconds
2026-04-26 13:35:05,216 - INFO - Retrying request to /chat/completions in 0.918178 seconds
2026-04-26 13:35:05,637 - INFO - Retrying request to /chat/completions in 0.375276 seconds
2026-04-26 13:35:06,008 - INFO - Retrying request to /chat/completions in 0.424745 seconds
2026-04-26 13:35:06,359 - INFO - Retrying request to /chat/completions in 0.494780 seconds
2026-04-26 13:35:06,431 - INFO - Retrying request to /chat/completions in 0.400589 seconds
2026-04-26 13:35:06,497 - INFO - Retrying request to /chat/completions in 0.487132 seconds
2026-04-26 13:35:06,865 - INFO - Retrying request to /chat/completions in 0.490212 seconds
2026-04-26 13:35:07,087 - INFO - Retrying request to /chat/completions in 0.852262 seconds
2026-04-26 13:35:07,270 - INFO - Retrying request to /chat/completions in 0.443580 seconds
2026-04-26 13:35:07,450 - INFO - Retrying request to /chat/completions in 0.973605 seconds
2026-04-26 13:35:07,519 - INFO - Retrying request to /chat/completions in 0.468671 seconds
2026-04-26 13:35:07,813 - INFO - Retrying request to /chat/completions in 0.793686 seconds
2026-04-26 13:35:08,053 - INFO - Retrying request to /chat/completions in 0.874660 seconds
2026-04-26 13:35:08,188 - INFO - Retrying request to /chat/completions in 0.391576 seconds
2026-04-26 13:35:08,667 - INFO - Retrying request to /chat/completions in 0.889266 seconds
2026-04-26 13:35:08,678 - INFO - Retrying request to /chat/completions in 0.386442 seconds
2026-04-26 13:35:08,843 - INFO - Retrying request to /chat/completions in 0.466782 seconds
2026-04-26 13:35:09,176 - INFO - Retrying request to /chat/completions in 0.449087 seconds
2026-04-26 13:35:09,181 - INFO - Retrying request to /chat/completions in 0.939622 seconds
2026-04-26 13:35:09,395 - INFO - Retrying request to /chat/completions in 0.933744 seconds
2026-04-26 13:35:09,708 - INFO - Retrying request to /chat/completions in 0.819069 seconds
2026-04-26 13:35:09,796 - INFO - Retrying request to /chat/completions in 0.440843 seconds
2026-04-26 13:35:10,309 - INFO - Retrying request to /chat/completions in 0.958651 seconds
2026-04-26 13:35:10,359 - INFO - Retrying request to /chat/completions in 0.403211 seconds
2026-04-26 13:35:10,548 - INFO - Retrying request to /chat/completions in 0.480172 seconds
2026-04-26 13:35:10,844 - INFO - Retrying request to /chat/completions in 0.943106 seconds
2026-04-26 13:35:11,168 - INFO - Retrying request to /chat/completions in 0.404886 seconds
2026-04-26 13:35:11,500 - INFO - Retrying request to /chat/completions in 0.491371 seconds
2026-04-26 13:35:11,521 - INFO - Retrying request to /chat/completions in 0.422071 seconds
2026-04-26 13:35:11,677 - INFO - Retrying request to /chat/completions in 0.753174 seconds
2026-04-26 13:35:12,027 - INFO - Retrying request to /chat/completions in 0.972815 seconds
2026-04-26 13:35:12,091 - INFO - Retrying request to /chat/completions in 0.999109 seconds
2026-04-26 13:35:12,510 - INFO - Retrying request to /chat/completions in 0.379601 seconds
2026-04-26 13:35:12,665 - INFO - Retrying request to /chat/completions in 0.383941 seconds
2026-04-26 13:35:12,986 - INFO - Retrying request to /chat/completions in 0.824400 seconds
2026-04-26 13:35:13,148 - INFO - Retrying request to /chat/completions in 0.842828 seconds
2026-04-26 13:35:13,235 - INFO - Retrying request to /chat/completions in 0.388223 seconds
2026-04-26 13:35:13,361 - INFO - Retrying request to /chat/completions in 0.442476 seconds
2026-04-26 13:35:13,745 - INFO - Retrying request to /chat/completions in 0.784596 seconds
2026-04-26 13:35:13,899 - INFO - Retrying request to /chat/completions in 0.846138 seconds
2026-04-26 13:35:14,071 - INFO - Retrying request to /chat/completions in 0.430825 seconds
2026-04-26 13:35:14,237 - INFO - Retrying request to /chat/completions in 0.447613 seconds
2026-04-26 13:35:14,597 - INFO - Retrying request to /chat/completions in 0.862828 seconds
2026-04-26 13:35:14,753 - INFO - Retrying request to /chat/completions in 0.471546 seconds
2026-04-26 13:35:14,769 - INFO - Retrying request to /chat/completions in 0.788659 seconds
2026-04-26 13:35:14,987 - INFO - Retrying request to /chat/completions in 0.403711 seconds
2026-04-26 13:35:15,317 - INFO - Retrying request to /chat/completions in 0.985949 seconds
2026-04-26 13:35:15,479 - INFO - Retrying request to /chat/completions in 0.862181 seconds
2026-04-26 13:35:15,689 - INFO - Retrying request to /chat/completions in 0.381353 seconds
2026-04-26 13:35:15,805 - INFO - Retrying request to /chat/completions in 0.466567 seconds
2026-04-26 13:35:16,144 - INFO - Retrying request to /chat/completions in 0.828575 seconds
2026-04-26 13:35:16,367 - INFO - Retrying request to /chat/completions in 0.809170 seconds
2026-04-26 13:35:16,525 - INFO - Retrying request to /chat/completions in 0.384995 seconds
2026-04-26 13:35:16,836 - INFO - Retrying request to /chat/completions in 0.402736 seconds
2026-04-26 13:35:17,002 - INFO - Retrying request to /chat/completions in 0.840602 seconds
2026-04-26 13:35:17,222 - INFO - Retrying request to /chat/completions in 0.389598 seconds
2026-04-26 13:35:17,322 - INFO - Retrying request to /chat/completions in 0.790913 seconds
2026-04-26 13:35:17,428 - INFO - Retrying request to /chat/completions in 0.432203 seconds
2026-04-26 13:35:17,718 - INFO - Retrying request to /chat/completions in 0.917489 seconds
2026-04-26 13:35:17,945 - INFO - Retrying request to /chat/completions in 0.812872 seconds
2026-04-26 13:35:18,110 - INFO - Retrying request to /chat/completions in 0.405323 seconds
2026-04-26 13:35:18,317 - INFO - Retrying request to /chat/completions in 0.460068 seconds
2026-04-26 13:35:18,607 - INFO - Retrying request to /chat/completions in 0.973729 seconds
2026-04-26 13:35:18,872 - INFO - Retrying request to /chat/completions in 0.430052 seconds
2026-04-26 13:35:18,992 - INFO - Retrying request to /chat/completions in 0.444244 seconds
2026-04-26 13:35:19,323 - INFO - Retrying request to /chat/completions in 0.475382 seconds
2026-04-26 13:35:19,388 - INFO - Retrying request to /chat/completions in 0.899887 seconds
2026-04-26 13:35:19,521 - INFO - Retrying request to /chat/completions in 0.821334 seconds
2026-04-26 13:35:19,827 - INFO - Retrying request to /chat/completions in 0.433864 seconds
2026-04-26 13:35:19,889 - INFO - Retrying request to /chat/completions in 0.755045 seconds
2026-04-26 13:35:20,346 - INFO - Retrying request to /chat/completions in 0.793919 seconds
2026-04-26 13:35:20,552 - INFO - Retrying request to /chat/completions in 0.456864 seconds
2026-04-26 13:35:20,569 - INFO - Retrying request to /chat/completions in 0.397650 seconds
2026-04-26 13:35:20,906 - INFO - Retrying request to /chat/completions in 0.401974 seconds
2026-04-26 13:35:21,055 - INFO - Retrying request to /chat/completions in 0.830425 seconds
2026-04-26 13:35:21,100 - INFO - Retrying request to /chat/completions in 0.788829 seconds
2026-04-26 13:35:21,378 - INFO - Retrying request to /chat/completions in 0.478163 seconds
2026-04-26 13:35:21,787 - INFO - Retrying request to /chat/completions in 0.475034 seconds
2026-04-26 13:35:21,961 - INFO - Retrying request to /chat/completions in 0.808765 seconds
2026-04-26 13:35:22,113 - INFO - Retrying request to /chat/completions in 0.485326 seconds
2026-04-26 13:35:22,114 - INFO - Retrying request to /chat/completions in 0.444645 seconds
2026-04-26 13:35:22,347 - INFO - Retrying request to /chat/completions in 0.967486 seconds
2026-04-26 13:35:22,650 - INFO - Retrying request to /chat/completions in 0.958826 seconds
2026-04-26 13:35:23,011 - INFO - Retrying request to /chat/completions in 0.488551 seconds
2026-04-26 13:35:23,141 - INFO - Retrying request to /chat/completions in 0.491517 seconds
2026-04-26 13:35:23,548 - INFO - Retrying request to /chat/completions in 0.444636 seconds
2026-04-26 13:35:23,589 - INFO - Retrying request to /chat/completions in 0.964928 seconds
2026-04-26 13:35:23,701 - INFO - Retrying request to /chat/completions in 0.866418 seconds
2026-04-26 13:35:23,863 - INFO - Retrying request to /chat/completions in 0.437362 seconds
2026-04-26 13:35:24,080 - INFO - Retrying request to /chat/completions in 0.943979 seconds
2026-04-26 13:35:24,392 - INFO - Retrying request to /chat/completions in 0.865218 seconds
2026-04-26 13:35:24,777 - INFO - Retrying request to /chat/completions in 0.467262 seconds
2026-04-26 13:35:24,802 - INFO - Retrying request to /chat/completions in 0.424511 seconds
2026-04-26 13:35:25,263 - INFO - Retrying request to /chat/completions in 0.496029 seconds
2026-04-26 13:35:25,307 - INFO - Retrying request to /chat/completions in 0.834073 seconds
2026-04-26 13:35:25,313 - INFO - Retrying request to /chat/completions in 0.908262 seconds
2026-04-26 13:35:25,665 - INFO - Retrying request to /chat/completions in 0.379780 seconds
2026-04-26 13:35:26,132 - INFO - Retrying request to /chat/completions in 0.856389 seconds
2026-04-26 13:35:26,228 - INFO - Retrying request to /chat/completions in 0.481954 seconds
2026-04-26 13:35:26,331 - INFO - Retrying request to /chat/completions in 0.441889 seconds
2026-04-26 13:35:26,801 - INFO - Retrying request to /chat/completions in 0.829616 seconds
2026-04-26 13:35:27,174 - INFO - Retrying request to /chat/completions in 0.482147 seconds
2026-04-26 13:35:27,246 - INFO - Retrying request to /chat/completions in 0.494837 seconds
2026-04-26 13:35:27,402 - INFO - Retrying request to /chat/completions in 0.427086 seconds
2026-04-26 13:35:27,763 - INFO - Retrying request to /chat/completions in 0.815712 seconds
2026-04-26 13:35:27,839 - INFO - Retrying request to /chat/completions in 0.945317 seconds
2026-04-26 13:35:27,886 - INFO - Retrying request to /chat/completions in 0.404759 seconds
2026-04-26 13:35:27,937 - INFO - Retrying request to /chat/completions in 0.966101 seconds
2026-04-26 13:35:28,368 - INFO - Retrying request to /chat/completions in 0.887556 seconds
2026-04-26 13:35:28,814 - INFO - Retrying request to /chat/completions in 0.391701 seconds
2026-04-26 13:35:29,156 - INFO - Retrying request to /chat/completions in 0.384079 seconds
2026-04-26 13:35:29,287 - INFO - Retrying request to /chat/completions in 0.832518 seconds
2026-04-26 13:35:29,327 - INFO - Retrying request to /chat/completions in 0.471032 seconds
2026-04-26 13:35:29,461 - INFO - Retrying request to /chat/completions in 0.413017 seconds
2026-04-26 13:35:29,636 - INFO - Retrying request to /chat/completions in 0.857603 seconds
2026-04-26 13:35:29,887 - INFO - Retrying request to /chat/completions in 0.934390 seconds
2026-04-26 13:35:29,951 - INFO - Retrying request to /chat/completions in 0.819279 seconds
2026-04-26 13:35:30,348 - INFO - Retrying request to /chat/completions in 0.426271 seconds
2026-04-26 13:35:30,922 - INFO - Retrying request to /chat/completions in 0.377843 seconds
2026-04-26 13:35:31,108 - INFO - Retrying request to /chat/completions in 0.489292 seconds
2026-04-26 13:35:31,389 - INFO - Retrying request to /chat/completions in 0.901282 seconds
2026-04-26 13:35:31,603 - INFO - Retrying request to /chat/completions in 0.432942 seconds
2026-04-26 13:35:31,681 - INFO - Retrying request to /chat/completions in 0.916316 seconds
2026-04-26 13:35:31,725 - INFO - Retrying request to /chat/completions in 0.387386 seconds
2026-04-26 13:35:32,123 - INFO - Retrying request to /chat/completions in 0.845416 seconds
2026-04-26 13:35:32,200 - INFO - Retrying request to /chat/completions in 0.957862 seconds
2026-04-26 13:35:32,809 - INFO - Retrying request to /chat/completions in 0.386964 seconds
2026-04-26 13:35:33,282 - INFO - Retrying request to /chat/completions in 0.831525 seconds
2026-04-26 13:35:33,387 - INFO - Retrying request to /chat/completions in 0.453430 seconds
2026-04-26 13:35:33,956 - INFO - Retrying request to /chat/completions in 0.398884 seconds
2026-04-26 13:35:34,361 - INFO - Retrying request to /chat/completions in 0.404609 seconds
2026-04-26 13:35:34,441 - INFO - Retrying request to /chat/completions in 0.802805 seconds
2026-04-26 13:35:34,850 - INFO - Retrying request to /chat/completions in 0.896110 seconds
2026-04-26 13:35:35,304 - INFO - Retrying request to /chat/completions in 0.407553 seconds
2026-04-26 13:35:35,475 - INFO - Retrying request to /chat/completions in 0.470506 seconds
2026-04-26 13:35:35,624 - INFO - Retrying request to /chat/completions in 0.491917 seconds
2026-04-26 13:35:35,792 - INFO - Retrying request to /chat/completions in 0.855339 seconds
2026-04-26 13:35:35,998 - INFO - Retrying request to /chat/completions in 0.394835 seconds
2026-04-26 13:35:36,014 - INFO - Retrying request to /chat/completions in 0.912068 seconds
2026-04-26 13:35:36,213 - INFO - Retrying request to /chat/completions in 0.985294 seconds
2026-04-26 13:35:36,477 - INFO - Retrying request to /chat/completions in 0.764592 seconds
2026-04-26 13:35:37,093 - INFO - Retrying request to /chat/completions in 0.473269 seconds
2026-04-26 13:35:37,209 - INFO - Retrying request to /chat/completions in 0.452128 seconds
2026-04-26 13:35:37,434 - INFO - Retrying request to /chat/completions in 0.421337 seconds
2026-04-26 13:35:37,437 - INFO - Retrying request to /chat/completions in 0.395270 seconds
2026-04-26 13:35:37,678 - INFO - Retrying request to /chat/completions in 0.751970 seconds
2026-04-26 13:35:37,749 - INFO - Retrying request to /chat/completions in 0.938004 seconds
2026-04-26 13:35:37,944 - INFO - Retrying request to /chat/completions in 0.804938 seconds
2026-04-26 13:35:37,953 - INFO - Retrying request to /chat/completions in 0.877887 seconds
2026-04-26 13:35:38,679 - INFO - Retrying request to /chat/completions in 0.436150 seconds
2026-04-26 13:35:38,922 - INFO - Retrying request to /chat/completions in 0.469613 seconds
2026-04-26 13:35:38,968 - INFO - Retrying request to /chat/completions in 0.445673 seconds
2026-04-26 13:35:39,050 - INFO - Retrying request to /chat/completions in 0.463429 seconds
2026-04-26 13:35:39,217 - INFO - Retrying request to /chat/completions in 0.837663 seconds
2026-04-26 13:35:39,477 - INFO - Retrying request to /chat/completions in 0.999713 seconds
2026-04-26 13:35:39,528 - INFO - Retrying request to /chat/completions in 0.832591 seconds
2026-04-26 13:35:39,602 - INFO - Retrying request to /chat/completions in 0.973322 seconds
2026-04-26 13:35:40,317 - INFO - Retrying request to /chat/completions in 0.386307 seconds
2026-04-26 13:35:40,605 - INFO - Retrying request to /chat/completions in 0.393198 seconds
2026-04-26 13:35:40,794 - INFO - Retrying request to /chat/completions in 0.955383 seconds
2026-04-26 13:35:40,807 - INFO - Retrying request to /chat/completions in 0.433599 seconds
2026-04-26 13:35:41,089 - INFO - Retrying request to /chat/completions in 0.835699 seconds
2026-04-26 13:35:41,118 - INFO - Retrying request to /chat/completions in 0.403077 seconds
2026-04-26 13:35:41,344 - INFO - Retrying request to /chat/completions in 0.944720 seconds
2026-04-26 13:35:41,621 - INFO - Retrying request to /chat/completions in 0.873531 seconds
2026-04-26 13:35:41,994 - INFO - Retrying request to /chat/completions in 0.429156 seconds
2026-04-26 13:35:42,151 - INFO - Retrying request to /chat/completions in 0.410658 seconds
2026-04-26 13:35:42,517 - INFO - Retrying request to /chat/completions in 0.461643 seconds
2026-04-26 13:35:42,519 - INFO - Retrying request to /chat/completions in 0.960082 seconds
2026-04-26 13:35:42,653 - INFO - Retrying request to /chat/completions in 0.953519 seconds
2026-04-26 13:35:42,727 - INFO - Retrying request to /chat/completions in 0.393137 seconds
2026-04-26 13:35:43,075 - INFO - Retrying request to /chat/completions in 0.900688 seconds
2026-04-26 13:35:43,218 - INFO - Retrying request to /chat/completions in 0.963849 seconds
2026-04-26 13:35:43,706 - INFO - Retrying request to /chat/completions in 0.390674 seconds
2026-04-26 13:35:44,078 - INFO - Retrying request to /chat/completions in 0.437506 seconds
2026-04-26 13:35:44,177 - INFO - Retrying request to /chat/completions in 0.456210 seconds
2026-04-26 13:35:44,183 - INFO - Retrying request to /chat/completions in 0.797832 seconds
2026-04-26 13:35:44,421 - INFO - Retrying request to /chat/completions in 0.416591 seconds
2026-04-26 13:35:44,600 - INFO - Retrying request to /chat/completions in 0.960267 seconds
2026-04-26 13:35:44,707 - INFO - Retrying request to /chat/completions in 0.884438 seconds
2026-04-26 13:35:44,931 - INFO - Retrying request to /chat/completions in 0.760925 seconds
2026-04-26 13:35:45,233 - INFO - Retrying request to /chat/completions in 0.449285 seconds
2026-04-26 13:35:45,758 - INFO - Retrying request to /chat/completions in 0.922137 seconds
2026-04-26 13:35:45,820 - INFO - Retrying request to /chat/completions in 0.432093 seconds
2026-04-26 13:35:45,866 - INFO - Retrying request to /chat/completions in 0.411345 seconds
2026-04-26 13:35:46,188 - INFO - Retrying request to /chat/completions in 0.479182 seconds
2026-04-26 13:35:46,343 - INFO - Retrying request to /chat/completions in 0.988335 seconds
2026-04-26 13:35:46,353 - INFO - Retrying request to /chat/completions in 0.797655 seconds
2026-04-26 13:35:46,761 - INFO - Retrying request to /chat/completions in 0.851243 seconds
2026-04-26 13:35:46,896 - INFO - Retrying request to /chat/completions in 0.495075 seconds
2026-04-26 13:35:47,387 - INFO - Retrying request to /chat/completions in 0.444685 seconds
2026-04-26 13:35:47,475 - INFO - Retrying request to /chat/completions in 0.891844 seconds
2026-04-26 13:35:47,557 - INFO - Retrying request to /chat/completions in 0.492385 seconds
2026-04-26 13:35:47,837 - INFO - Retrying request to /chat/completions in 0.429064 seconds
2026-04-26 13:35:47,939 - INFO - Retrying request to /chat/completions in 0.941298 seconds
2026-04-26 13:35:48,121 - INFO - Retrying request to /chat/completions in 0.933631 seconds
2026-04-26 13:35:48,361 - INFO - Retrying request to /chat/completions in 0.933422 seconds
2026-04-26 13:35:48,588 - INFO - Retrying request to /chat/completions in 0.451901 seconds
2026-04-26 13:35:49,108 - INFO - Retrying request to /chat/completions in 0.803761 seconds
2026-04-26 13:35:49,279 - INFO - Retrying request to /chat/completions in 0.451763 seconds
2026-04-26 13:35:49,524 - INFO - Retrying request to /chat/completions in 0.488645 seconds
2026-04-26 13:35:49,628 - INFO - Retrying request to /chat/completions in 0.487385 seconds
2026-04-26 13:35:50,095 - INFO - Retrying request to /chat/completions in 0.868356 seconds
2026-04-26 13:35:50,131 - INFO - Retrying request to /chat/completions in 0.471319 seconds
2026-04-26 13:35:50,196 - INFO - Retrying request to /chat/completions in 0.763627 seconds
2026-04-26 13:35:50,231 - INFO - Retrying request to /chat/completions in 0.387999 seconds
2026-04-26 13:35:50,684 - INFO - Retrying request to /chat/completions in 0.772285 seconds
2026-04-26 13:35:51,104 - INFO - Retrying request to /chat/completions in 0.408564 seconds
2026-04-26 13:35:51,235 - INFO - Retrying request to /chat/completions in 0.383193 seconds
2026-04-26 13:35:51,248 - INFO - Retrying request to /chat/completions in 0.473083 seconds
2026-04-26 13:35:51,595 - INFO - Retrying request to /chat/completions in 0.804009 seconds
2026-04-26 13:35:51,693 - INFO - Retrying request to /chat/completions in 0.460115 seconds
2026-04-26 13:35:51,807 - INFO - Retrying request to /chat/completions in 0.881509 seconds
2026-04-26 13:35:52,101 - INFO - Retrying request to /chat/completions in 0.444047 seconds
2026-04-26 13:35:52,238 - INFO - Retrying request to /chat/completions in 0.866090 seconds
2026-04-26 13:35:52,653 - INFO - Retrying request to /chat/completions in 0.969522 seconds
2026-04-26 13:35:52,677 - INFO - Retrying request to /chat/completions in 0.473585 seconds
2026-04-26 13:35:52,926 - INFO - Retrying request to /chat/completions in 0.452938 seconds
2026-04-26 13:35:53,477 - INFO - Retrying request to /chat/completions in 0.837113 seconds
2026-04-26 13:35:53,821 - INFO - Retrying request to /chat/completions in 0.458390 seconds
2026-04-26 13:35:53,844 - INFO - Retrying request to /chat/completions in 0.376024 seconds
2026-04-26 13:35:54,252 - INFO - Retrying request to /chat/completions in 0.421323 seconds
2026-04-26 13:35:54,309 - INFO - Retrying request to /chat/completions in 0.922033 seconds
2026-04-26 13:35:54,386 - INFO - Retrying request to /chat/completions in 0.780293 seconds
2026-04-26 13:35:54,649 - INFO - Retrying request to /chat/completions in 0.427124 seconds
2026-04-26 13:35:54,760 - INFO - Retrying request to /chat/completions in 0.789678 seconds
2026-04-26 13:35:55,181 - INFO - Retrying request to /chat/completions in 0.857796 seconds
2026-04-26 13:35:55,412 - INFO - Retrying request to /chat/completions in 0.435404 seconds
2026-04-26 13:35:55,756 - INFO - Retrying request to /chat/completions in 0.434653 seconds
2026-04-26 13:35:55,813 - INFO - Retrying request to /chat/completions in 0.472301 seconds
2026-04-26 13:35:55,937 - INFO - Retrying request to /chat/completions in 0.936720 seconds
2026-04-26 13:35:56,276 - INFO - Retrying request to /chat/completions in 0.955178 seconds
2026-04-26 13:35:56,284 - INFO - Retrying request to /chat/completions in 0.485319 seconds
2026-04-26 13:35:56,374 - INFO - Retrying request to /chat/completions in 0.979544 seconds
2026-04-26 13:35:56,858 - INFO - Retrying request to /chat/completions in 0.902204 seconds
2026-04-26 13:35:57,118 - INFO - Retrying request to /chat/completions in 0.415459 seconds
2026-04-26 13:35:57,503 - INFO - Retrying request to /chat/completions in 0.469217 seconds
2026-04-26 13:35:57,621 - INFO - Retrying request to /chat/completions in 0.949551 seconds
2026-04-26 13:35:57,633 - INFO - Retrying request to /chat/completions in 0.459694 seconds
2026-04-26 13:35:58,058 - INFO - Retrying request to /chat/completions in 0.876009 seconds
2026-04-26 13:35:58,417 - INFO - Retrying request to /chat/completions in 0.443550 seconds
2026-04-26 13:35:58,661 - INFO - Retrying request to /chat/completions in 0.401540 seconds
2026-04-26 13:35:58,808 - INFO - Retrying request to /chat/completions in 0.390061 seconds
2026-04-26 13:35:58,946 - INFO - Retrying request to /chat/completions in 0.842499 seconds
2026-04-26 13:35:59,190 - INFO - Retrying request to /chat/completions in 0.457349 seconds
2026-04-26 13:35:59,288 - INFO - Retrying request to /chat/completions in 0.825361 seconds
2026-04-26 13:35:59,701 - INFO - Retrying request to /chat/completions in 0.409235 seconds
2026-04-26 13:35:59,746 - INFO - Retrying request to /chat/completions in 0.987780 seconds
2026-04-26 13:36:00,022 - INFO - Retrying request to /chat/completions in 0.476900 seconds
2026-04-26 13:36:00,197 - INFO - Retrying request to /chat/completions in 0.782211 seconds
2026-04-26 13:36:00,339 - INFO - Retrying request to /chat/completions in 0.425396 seconds
2026-04-26 13:36:00,594 - INFO - Retrying request to /chat/completions in 0.824819 seconds
2026-04-26 13:36:00,837 - INFO - Retrying request to /chat/completions in 0.750577 seconds
2026-04-26 13:36:01,002 - INFO - Retrying request to /chat/completions in 0.492206 seconds
2026-04-26 13:36:01,210 - INFO - Retrying request to /chat/completions in 0.477222 seconds
2026-04-26 13:36:01,582 - INFO - Retrying request to /chat/completions in 0.751757 seconds
2026-04-26 13:36:01,684 - INFO - Retrying request to /chat/completions in 0.467511 seconds
2026-04-26 13:36:02,149 - INFO - Retrying request to /chat/completions in 0.411774 seconds
2026-04-26 13:36:02,266 - INFO - Retrying request to /chat/completions in 0.906060 seconds
2026-04-26 13:36:02,364 - INFO - Retrying request to /chat/completions in 0.449440 seconds
2026-04-26 13:36:02,587 - INFO - Retrying request to /chat/completions in 0.424484 seconds
2026-04-26 13:36:02,648 - INFO - Retrying request to /chat/completions in 0.925957 seconds
2026-04-26 13:36:02,903 - INFO - Retrying request to /chat/completions in 0.997325 seconds
2026-04-26 13:36:03,096 - INFO - Retrying request to /chat/completions in 0.922231 seconds
2026-04-26 13:36:03,824 - INFO - Retrying request to /chat/completions in 0.496922 seconds
2026-04-26 13:36:04,033 - INFO - Retrying request to /chat/completions in 0.393511 seconds
2026-04-26 13:36:04,163 - INFO - Retrying request to /chat/completions in 0.486438 seconds
2026-04-26 13:36:04,268 - INFO - Retrying request to /chat/completions in 0.467116 seconds
2026-04-26 13:36:04,409 - INFO - Retrying request to /chat/completions in 0.754619 seconds
2026-04-26 13:36:04,735 - INFO - Retrying request to /chat/completions in 0.804584 seconds
2026-04-26 13:36:04,800 - INFO - Retrying request to /chat/completions in 0.939059 seconds
2026-04-26 13:36:05,174 - INFO - Retrying request to /chat/completions in 0.396562 seconds
2026-04-26 13:36:05,733 - INFO - Retrying request to /chat/completions in 0.777263 seconds
2026-04-26 13:36:05,796 - INFO - Retrying request to /chat/completions in 0.473433 seconds
2026-04-26 13:36:05,973 - INFO - Retrying request to /chat/completions in 0.481949 seconds
2026-04-26 13:36:06,358 - INFO - Retrying request to /chat/completions in 0.980890 seconds
2026-04-26 13:36:06,545 - INFO - Retrying request to /chat/completions in 0.902303 seconds
2026-04-26 13:36:06,777 - INFO - Retrying request to /chat/completions in 0.469100 seconds
2026-04-26 13:36:06,947 - INFO - Retrying request to /chat/completions in 0.392640 seconds
2026-04-26 13:36:07,321 - INFO - Retrying request to /chat/completions in 0.863101 seconds
2026-04-26 13:36:07,422 - INFO - Retrying request to /chat/completions in 0.996717 seconds
2026-04-26 13:36:07,693 - INFO - Retrying request to /chat/completions in 0.400868 seconds
2026-04-26 13:36:07,732 - INFO - Retrying request to /chat/completions in 0.444470 seconds
2026-04-26 13:36:08,183 - INFO - Retrying request to /chat/completions in 0.754007 seconds
2026-04-26 13:36:08,447 - INFO - Retrying request to /chat/completions in 0.443578 seconds
2026-04-26 13:36:08,552 - INFO - Retrying request to /chat/completions in 0.450396 seconds
2026-04-26 13:36:08,702 - INFO - Retrying request to /chat/completions in 0.455749 seconds
2026-04-26 13:36:08,991 - INFO - Retrying request to /chat/completions in 0.959350 seconds
2026-04-26 13:36:09,112 - INFO - Retrying request to /chat/completions in 0.772643 seconds
2026-04-26 13:36:09,239 - INFO - Retrying request to /chat/completions in 0.792817 seconds
2026-04-26 13:36:09,872 - INFO - Retrying request to /chat/completions in 0.433244 seconds
2026-04-26 13:36:10,143 - INFO - Retrying request to /chat/completions in 0.441644 seconds
2026-04-26 13:36:10,200 - INFO - Retrying request to /chat/completions in 0.465557 seconds
2026-04-26 13:36:10,398 - INFO - Retrying request to /chat/completions in 0.928013 seconds
2026-04-26 13:36:10,605 - INFO - Retrying request to /chat/completions in 0.391015 seconds
2026-04-26 13:36:10,651 - INFO - Retrying request to /chat/completions in 0.936720 seconds
2026-04-26 13:36:10,758 - INFO - Retrying request to /chat/completions in 0.781894 seconds
2026-04-26 13:36:11,567 - INFO - Retrying request to /chat/completions in 0.462758 seconds
2026-04-26 13:36:11,572 - INFO - Retrying request to /chat/completions in 0.417727 seconds
2026-04-26 13:36:12,004 - INFO - Retrying request to /chat/completions in 0.385756 seconds
2026-04-26 13:36:12,086 - INFO - Retrying request to /chat/completions in 0.844650 seconds
2026-04-26 13:36:12,120 - INFO - Retrying request to /chat/completions in 0.891100 seconds
2026-04-26 13:36:12,487 - INFO - Retrying request to /chat/completions in 0.814568 seconds
2026-04-26 13:36:12,580 - INFO - Retrying request to /chat/completions in 0.475590 seconds
2026-04-26 13:36:13,157 - INFO - Retrying request to /chat/completions in 0.810823 seconds
2026-04-26 13:36:13,185 - INFO - Retrying request to /chat/completions in 0.429424 seconds
2026-04-26 13:36:13,310 - INFO - Retrying request to /chat/completions in 0.461104 seconds
2026-04-26 13:36:13,556 - INFO - Retrying request to /chat/completions in 0.458339 seconds
2026-04-26 13:36:13,688 - INFO - Retrying request to /chat/completions in 0.988855 seconds
2026-04-26 13:36:13,868 - INFO - Retrying request to /chat/completions in 0.976643 seconds
2026-04-26 13:36:14,084 - INFO - Retrying request to /chat/completions in 0.778665 seconds
2026-04-26 13:36:14,537 - INFO - Retrying request to /chat/completions in 0.457519 seconds
2026-04-26 13:36:14,928 - INFO - Retrying request to /chat/completions in 0.415598 seconds
2026-04-26 13:36:15,068 - INFO - Retrying request to /chat/completions in 0.999695 seconds
2026-04-26 13:36:15,091 - INFO - Retrying request to /chat/completions in 0.494653 seconds
2026-04-26 13:36:15,408 - INFO - Retrying request to /chat/completions in 0.467965 seconds
2026-04-26 13:36:15,424 - INFO - Retrying request to /chat/completions in 0.974964 seconds
2026-04-26 13:36:15,661 - INFO - Retrying request to /chat/completions in 0.921821 seconds
2026-04-26 13:36:16,287 - INFO - Retrying request to /chat/completions in 0.430324 seconds
2026-04-26 13:36:16,387 - INFO - Retrying request to /chat/completions in 0.464998 seconds
2026-04-26 13:36:16,671 - INFO - Retrying request to /chat/completions in 0.399233 seconds
2026-04-26 13:36:16,815 - INFO - Retrying request to /chat/completions in 0.920855 seconds
2026-04-26 13:36:16,832 - INFO - Retrying request to /chat/completions in 0.444168 seconds
2026-04-26 13:36:16,938 - INFO - Retrying request to /chat/completions in 0.898443 seconds
2026-04-26 13:36:17,172 - INFO - Retrying request to /chat/completions in 0.961731 seconds
2026-04-26 13:36:17,371 - INFO - Retrying request to /chat/completions in 0.865575 seconds
2026-04-26 13:36:18,086 - INFO - Retrying request to /chat/completions in 0.473875 seconds
2026-04-26 13:36:18,274 - INFO - Retrying request to /chat/completions in 0.383187 seconds
2026-04-26 13:36:18,409 - INFO - Retrying request to /chat/completions in 0.394687 seconds
2026-04-26 13:36:18,467 - INFO - Retrying request to /chat/completions in 0.445947 seconds
2026-04-26 13:36:18,647 - INFO - Retrying request to /chat/completions in 0.898840 seconds
2026-04-26 13:36:18,745 - INFO - Retrying request to /chat/completions in 0.942478 seconds
2026-04-26 13:36:19,014 - INFO - Retrying request to /chat/completions in 0.855743 seconds
2026-04-26 13:36:19,266 - INFO - Retrying request to /chat/completions in 0.472583 seconds
2026-04-26 13:36:19,844 - INFO - Retrying request to /chat/completions in 0.815464 seconds
2026-04-26 13:36:19,926 - INFO - Retrying request to /chat/completions in 0.436493 seconds
2026-04-26 13:36:20,082 - INFO - Retrying request to /chat/completions in 0.492409 seconds
2026-04-26 13:36:20,121 - INFO - Retrying request to /chat/completions in 0.455148 seconds
2026-04-26 13:36:20,460 - INFO - Retrying request to /chat/completions in 0.973260 seconds
2026-04-26 13:36:20,662 - INFO - Retrying request to /chat/completions in 0.985642 seconds
2026-04-26 13:36:20,665 - INFO - Retrying request to /chat/completions in 0.958769 seconds
2026-04-26 13:36:20,916 - INFO - Retrying request to /chat/completions in 0.454560 seconds
2026-04-26 13:36:21,467 - INFO - Retrying request to /chat/completions in 0.843043 seconds
2026-04-26 13:36:21,704 - INFO - Retrying request to /chat/completions in 0.442107 seconds
2026-04-26 13:36:21,832 - INFO - Retrying request to /chat/completions in 0.434303 seconds
2026-04-26 13:36:21,858 - INFO - Retrying request to /chat/completions in 0.382062 seconds
2026-04-26 13:36:22,215 - INFO - Retrying request to /chat/completions in 0.946671 seconds
2026-04-26 13:36:22,305 - INFO - Retrying request to /chat/completions in 0.962398 seconds
2026-04-26 13:36:22,367 - INFO - Retrying request to /chat/completions in 0.967833 seconds
2026-04-26 13:36:22,578 - INFO - Retrying request to /chat/completions in 0.382054 seconds
2026-04-26 13:36:23,033 - INFO - Retrying request to /chat/completions in 0.833647 seconds
2026-04-26 13:36:23,423 - INFO - Retrying request to /chat/completions in 0.436314 seconds
2026-04-26 13:36:23,517 - INFO - Retrying request to /chat/completions in 0.396002 seconds
2026-04-26 13:36:23,574 - INFO - Retrying request to /chat/completions in 0.389910 seconds
2026-04-26 13:36:23,944 - INFO - Retrying request to /chat/completions in 0.840968 seconds
2026-04-26 13:36:24,007 - INFO - Retrying request to /chat/completions in 0.910459 seconds
2026-04-26 13:36:24,057 - INFO - Retrying request to /chat/completions in 0.846442 seconds
2026-04-26 13:36:24,113 - INFO - Retrying request to /chat/completions in 0.451136 seconds
2026-04-26 13:36:24,654 - INFO - Retrying request to /chat/completions in 0.808481 seconds
2026-04-26 13:36:25,024 - INFO - Retrying request to /chat/completions in 0.442743 seconds
2026-04-26 13:36:25,174 - INFO - Retrying request to /chat/completions in 0.423880 seconds
2026-04-26 13:36:25,182 - INFO - Retrying request to /chat/completions in 0.459536 seconds
2026-04-26 13:36:25,556 - INFO - Retrying request to /chat/completions in 0.968798 seconds
2026-04-26 13:36:25,687 - INFO - Retrying request to /chat/completions in 0.800501 seconds
2026-04-26 13:36:25,730 - INFO - Retrying request to /chat/completions in 0.952861 seconds
2026-04-26 13:36:25,747 - INFO - Retrying request to /chat/completions in 0.477147 seconds
2026-04-26 13:36:26,374 - INFO - Retrying request to /chat/completions in 0.788795 seconds
2026-04-26 13:36:26,722 - INFO - Retrying request to /chat/completions in 0.496954 seconds
2026-04-26 13:36:26,936 - INFO - Retrying request to /chat/completions in 0.476671 seconds
2026-04-26 13:36:26,943 - INFO - Retrying request to /chat/completions in 0.486739 seconds
2026-04-26 13:36:27,304 - INFO - Retrying request to /chat/completions in 0.851744 seconds
2026-04-26 13:36:27,411 - INFO - Retrying request to /chat/completions in 0.470647 seconds
2026-04-26 13:36:27,506 - INFO - Retrying request to /chat/completions in 0.981610 seconds
2026-04-26 13:36:27,509 - INFO - Retrying request to /chat/completions in 0.836151 seconds
2026-04-26 13:36:28,412 - INFO - Retrying request to /chat/completions in 0.461872 seconds
2026-04-26 13:36:28,448 - INFO - Retrying request to /chat/completions in 0.418229 seconds
2026-04-26 13:36:28,961 - INFO - Retrying request to /chat/completions in 0.427834 seconds
2026-04-26 13:36:28,970 - INFO - Retrying request to /chat/completions in 0.811192 seconds
2026-04-26 13:36:28,991 - INFO - Retrying request to /chat/completions in 0.454191 seconds
2026-04-26 13:36:29,127 - INFO - Retrying request to /chat/completions in 0.906088 seconds
2026-04-26 13:36:29,460 - INFO - Retrying request to /chat/completions in 0.879175 seconds
2026-04-26 13:36:29,524 - INFO - Retrying request to /chat/completions in 0.990466 seconds
2026-04-26 13:36:30,069 - INFO - Retrying request to /chat/completions in 0.430643 seconds
2026-04-26 13:36:30,308 - INFO - Retrying request to /chat/completions in 0.395983 seconds
2026-04-26 13:36:30,590 - INFO - Retrying request to /chat/completions in 0.918968 seconds
2026-04-26 13:36:30,615 - INFO - Retrying request to /chat/completions in 0.433170 seconds
2026-04-26 13:36:30,802 - INFO - Retrying request to /chat/completions in 0.818265 seconds
2026-04-26 13:36:31,004 - INFO - Retrying request to /chat/completions in 0.438529 seconds
2026-04-26 13:36:31,153 - INFO - Retrying request to /chat/completions in 0.941645 seconds
2026-04-26 13:36:31,512 - INFO - Retrying request to /chat/completions in 0.955136 seconds
2026-04-26 13:36:31,755 - INFO - Retrying request to /chat/completions in 0.387772 seconds
2026-04-26 13:36:31,904 - INFO - Retrying request to /chat/completions in 0.477480 seconds
2026-04-26 13:36:32,225 - INFO - Retrying request to /chat/completions in 0.789564 seconds
2026-04-26 13:36:32,356 - INFO - Retrying request to /chat/completions in 0.424278 seconds
2026-04-26 13:36:32,476 - INFO - Retrying request to /chat/completions in 0.916023 seconds
2026-04-26 13:36:32,689 - INFO - Retrying request to /chat/completions in 0.449226 seconds
2026-04-26 13:36:32,877 - INFO - Retrying request to /chat/completions in 0.841567 seconds
2026-04-26 13:36:33,233 - INFO - Retrying request to /chat/completions in 0.939242 seconds
2026-04-26 13:36:33,267 - INFO - Retrying request to /chat/completions in 0.425076 seconds
2026-04-26 13:36:33,672 - INFO - Retrying request to /chat/completions in 0.397082 seconds
2026-04-26 13:36:33,787 - INFO - Retrying request to /chat/completions in 0.761509 seconds
2026-04-26 13:36:33,975 - INFO - Retrying request to /chat/completions in 0.418857 seconds
2026-04-26 13:36:34,157 - INFO - Retrying request to /chat/completions in 0.999150 seconds
2026-04-26 13:36:34,440 - INFO - Retrying request to /chat/completions in 0.468313 seconds
2026-04-26 13:36:34,485 - INFO - Retrying request to /chat/completions in 0.834739 seconds
2026-04-26 13:36:34,807 - INFO - Retrying request to /chat/completions in 0.426681 seconds
2026-04-26 13:36:35,004 - INFO - Retrying request to /chat/completions in 0.981375 seconds
2026-04-26 13:36:35,325 - INFO - Retrying request to /chat/completions in 0.870593 seconds
2026-04-26 13:36:35,435 - INFO - Retrying request to /chat/completions in 0.455031 seconds
2026-04-26 13:36:35,975 - INFO - Retrying request to /chat/completions in 0.838218 seconds
2026-04-26 13:36:36,236 - INFO - Retrying request to /chat/completions in 0.482260 seconds
2026-04-26 13:36:36,534 - INFO - Retrying request to /chat/completions in 0.414251 seconds
2026-04-26 13:36:36,768 - INFO - Retrying request to /chat/completions in 0.458474 seconds
2026-04-26 13:36:37,025 - INFO - Retrying request to /chat/completions in 0.931567 seconds
2026-04-26 13:36:37,067 - INFO - Retrying request to /chat/completions in 0.481828 seconds
2026-04-26 13:36:37,313 - INFO - Retrying request to /chat/completions in 0.963316 seconds
2026-04-26 13:36:37,638 - INFO - Retrying request to /chat/completions in 0.808777 seconds
2026-04-26 13:36:38,165 - INFO - Retrying request to /chat/completions in 0.465431 seconds
2026-04-26 13:36:38,200 - INFO - Retrying request to /chat/completions in 0.393478 seconds
2026-04-26 13:36:38,538 - INFO - Retrying request to /chat/completions in 0.381956 seconds
2026-04-26 13:36:38,666 - INFO - Retrying request to /chat/completions in 0.753929 seconds
2026-04-26 13:36:38,724 - INFO - Retrying request to /chat/completions in 0.936038 seconds
2026-04-26 13:36:38,733 - INFO - Retrying request to /chat/completions in 0.394046 seconds
2026-04-26 13:36:39,014 - INFO - Retrying request to /chat/completions in 0.908512 seconds
2026-04-26 13:36:39,217 - INFO - Retrying request to /chat/completions in 0.893933 seconds
2026-04-26 13:36:39,707 - INFO - Retrying request to /chat/completions in 0.425343 seconds
2026-04-26 13:36:39,952 - INFO - Retrying request to /chat/completions in 0.395655 seconds
2026-04-26 13:36:40,189 - INFO - Retrying request to /chat/completions in 0.396255 seconds
2026-04-26 13:36:40,226 - INFO - Retrying request to /chat/completions in 0.867590 seconds
2026-04-26 13:36:40,679 - INFO - Retrying request to /chat/completions in 0.824439 seconds
2026-04-26 13:36:41,261 - INFO - Retrying request to /chat/completions in 0.378536 seconds
2026-04-26 13:36:41,300 - INFO - Retrying request to /chat/completions in 0.475803 seconds
2026-04-26 13:36:41,454 - INFO - Retrying request to /chat/completions in 0.423776 seconds
2026-04-26 13:36:41,752 - INFO - Retrying request to /chat/completions in 0.426824 seconds
2026-04-26 13:36:41,754 - INFO - Retrying request to /chat/completions in 0.760607 seconds
2026-04-26 13:36:41,852 - INFO - Retrying request to /chat/completions in 0.868172 seconds
2026-04-26 13:36:41,968 - INFO - Retrying request to /chat/completions in 0.893463 seconds
2026-04-26 13:36:42,277 - INFO - Retrying request to /chat/completions in 0.963077 seconds
2026-04-26 13:36:42,853 - INFO - Retrying request to /chat/completions in 0.453886 seconds
2026-04-26 13:36:43,140 - INFO - Retrying request to /chat/completions in 0.479804 seconds
2026-04-26 13:36:43,394 - INFO - Retrying request to /chat/completions in 0.925272 seconds
2026-04-26 13:36:43,577 - INFO - Retrying request to /chat/completions in 0.379151 seconds
2026-04-26 13:36:43,588 - INFO - Retrying request to /chat/completions in 0.436452 seconds
2026-04-26 13:36:44,037 - INFO - Retrying request to /chat/completions in 0.800171 seconds
2026-04-26 13:36:44,131 - INFO - Retrying request to /chat/completions in 0.750053 seconds
2026-04-26 13:36:44,214 - INFO - Retrying request to /chat/completions in 0.470315 seconds
2026-04-26 13:36:44,658 - INFO - Retrying request to /chat/completions in 0.450367 seconds
2026-04-26 13:36:44,784 - INFO - Retrying request to /chat/completions in 0.932358 seconds
2026-04-26 13:36:45,128 - INFO - Retrying request to /chat/completions in 0.417650 seconds
2026-04-26 13:36:45,130 - INFO - Retrying request to /chat/completions in 0.450062 seconds
2026-04-26 13:36:45,198 - INFO - Retrying request to /chat/completions in 0.861179 seconds
2026-04-26 13:36:45,644 - INFO - Retrying request to /chat/completions in 0.924662 seconds
2026-04-26 13:36:45,658 - INFO - Retrying request to /chat/completions in 0.817555 seconds
2026-04-26 13:36:46,031 - INFO - Retrying request to /chat/completions in 0.429708 seconds
2026-04-26 13:36:46,530 - INFO - Retrying request to /chat/completions in 0.843656 seconds
Running helper LM: 100%|██████████ 500/500 LM calls [03:06<00:00,  2.68it/s]Running helper LM: 100%|██████████ 500/500 LM calls [03:06<00:00,  2.68it/s]
Traceback (most recent call last):
  File "/mnt/e/Semantic Operators/SemBench/my_benchmark/paper/runner/lotus_r_Q3_t1.py", line 83, in <module>
    output = papers.sem_filter(
             ^^^^^^^^^^^^^^^^^^
  File "/home/littl/miniconda3/envs/sembench/lib/python3.12/site-packages/lotus/cache.py", line 93, in wrapper
    return func(self, *args, **kwargs)
           ^^^^^^^^^^^^^^^^^^^^^^^^^^^
  File "/home/littl/miniconda3/envs/sembench/lib/python3.12/site-packages/lotus/sem_ops/sem_filter.py", line 263, in __call__
    helper_output = sem_filter(
                    ^^^^^^^^^^^
  File "/home/littl/miniconda3/envs/sembench/lib/python3.12/site-packages/lotus/sem_ops/sem_filter.py", line 77, in sem_filter
    lm_output: LMOutput = model(
                          ^^^^^^
  File "/home/littl/miniconda3/envs/sembench/lib/python3.12/site-packages/lotus/models/lm.py", line 119, in __call__
    outputs = [self._get_top_choice(resp) for resp in all_responses]
               ^^^^^^^^^^^^^^^^^^^^^^^^^^
  File "/home/littl/miniconda3/envs/sembench/lib/python3.12/site-packages/lotus/models/lm.py", line 214, in _get_top_choice
    choice = response.choices[0]
             ^^^^^^^^^^^^^^^^
AttributeError: 'RateLimitError' object has no attribute 'choices'
