2026-04-26 13:40:18,203 - INFO - Use pytorch device_name: cuda
2026-04-26 13:40:18,203 - INFO - Load pretrained SentenceTransformer: intfloat/e5-base-v2
[t1] Paper Q3 | approximate (recall=0.8, precision=0.8)
Papers: 500

Running helper LM:   0%|           0/500 LM calls [00:00<?, ?it/s]2026-04-26 13:40:20,218 - INFO - Retrying request to /chat/completions in 0.489225 seconds
2026-04-26 13:40:20,222 - INFO - Retrying request to /chat/completions in 0.461530 seconds
2026-04-26 13:40:20,232 - INFO - Retrying request to /chat/completions in 0.433235 seconds
2026-04-26 13:40:20,235 - INFO - Retrying request to /chat/completions in 0.423656 seconds
2026-04-26 13:40:20,735 - INFO - Retrying request to /chat/completions in 0.929317 seconds
2026-04-26 13:40:20,752 - INFO - Retrying request to /chat/completions in 0.857195 seconds
2026-04-26 13:40:20,765 - INFO - Retrying request to /chat/completions in 0.902011 seconds
2026-04-26 13:40:20,785 - INFO - Retrying request to /chat/completions in 0.797097 seconds
2026-04-26 13:40:21,977 - INFO - Retrying request to /chat/completions in 0.451709 seconds
2026-04-26 13:40:22,013 - INFO - Retrying request to /chat/completions in 0.404699 seconds
2026-04-26 13:40:22,018 - INFO - Retrying request to /chat/completions in 0.458344 seconds
2026-04-26 13:40:22,025 - INFO - Retrying request to /chat/completions in 0.412100 seconds
2026-04-26 13:40:22,511 - INFO - Retrying request to /chat/completions in 0.940292 seconds
2026-04-26 13:40:22,511 - INFO - Retrying request to /chat/completions in 0.830586 seconds
2026-04-26 13:40:22,512 - INFO - Retrying request to /chat/completions in 0.961516 seconds
2026-04-26 13:40:22,569 - INFO - Retrying request to /chat/completions in 0.752511 seconds
2026-04-26 13:40:23,493 - INFO - Retrying request to /chat/completions in 0.378249 seconds
2026-04-26 13:40:23,508 - INFO - Retrying request to /chat/completions in 0.458809 seconds
2026-04-26 13:40:23,659 - INFO - Retrying request to /chat/completions in 0.496413 seconds
2026-04-26 13:40:24,052 - INFO - Retrying request to /chat/completions in 0.951176 seconds
2026-04-26 13:40:24,082 - INFO - Retrying request to /chat/completions in 0.390063 seconds
2026-04-26 13:40:24,245 - INFO - Retrying request to /chat/completions in 0.807443 seconds
2026-04-26 13:40:24,330 - INFO - Retrying request to /chat/completions in 0.482892 seconds
2026-04-26 13:40:24,558 - INFO - Retrying request to /chat/completions in 0.770728 seconds
2026-04-26 13:40:24,901 - INFO - Retrying request to /chat/completions in 0.839208 seconds
2026-04-26 13:40:25,206 - INFO - Retrying request to /chat/completions in 0.445879 seconds
2026-04-26 13:40:25,231 - INFO - Retrying request to /chat/completions in 0.380590 seconds
2026-04-26 13:40:25,499 - INFO - Retrying request to /chat/completions in 0.379276 seconds
2026-04-26 13:40:25,692 - INFO - Retrying request to /chat/completions in 0.827962 seconds
2026-04-26 13:40:25,746 - INFO - Retrying request to /chat/completions in 0.856689 seconds
2026-04-26 13:40:25,943 - INFO - Retrying request to /chat/completions in 0.497949 seconds
2026-04-26 13:40:26,415 - INFO - Retrying request to /chat/completions in 0.440223 seconds
2026-04-26 13:40:26,716 - INFO - Retrying request to /chat/completions in 0.388370 seconds
2026-04-26 13:40:26,797 - INFO - Retrying request to /chat/completions in 0.448339 seconds
2026-04-26 13:40:26,944 - INFO - Retrying request to /chat/completions in 0.775566 seconds
2026-04-26 13:40:27,204 - INFO - Retrying request to /chat/completions in 0.808292 seconds
2026-04-26 13:40:27,341 - INFO - Retrying request to /chat/completions in 0.774136 seconds
2026-04-26 13:40:27,613 - INFO - Retrying request to /chat/completions in 0.436764 seconds
2026-04-26 13:40:27,911 - INFO - Retrying request to /chat/completions in 0.405457 seconds
2026-04-26 13:40:28,131 - INFO - Retrying request to /chat/completions in 0.965064 seconds
2026-04-26 13:40:28,200 - INFO - Retrying request to /chat/completions in 0.450753 seconds
2026-04-26 13:40:28,316 - INFO - Retrying request to /chat/completions in 0.382829 seconds
2026-04-26 13:40:28,402 - INFO - Retrying request to /chat/completions in 0.956083 seconds
2026-04-26 13:40:28,730 - INFO - Retrying request to /chat/completions in 0.962396 seconds
2026-04-26 13:40:28,800 - INFO - Retrying request to /chat/completions in 0.776798 seconds
2026-04-26 13:40:29,281 - INFO - Retrying request to /chat/completions in 0.486670 seconds
2026-04-26 13:40:29,561 - INFO - Retrying request to /chat/completions in 0.422004 seconds
2026-04-26 13:40:29,762 - INFO - Retrying request to /chat/completions in 0.437062 seconds
2026-04-26 13:40:29,844 - INFO - Retrying request to /chat/completions in 0.792245 seconds
2026-04-26 13:40:29,879 - INFO - Retrying request to /chat/completions in 0.377631 seconds
2026-04-26 13:40:30,067 - INFO - Retrying request to /chat/completions in 0.942864 seconds
2026-04-26 13:40:30,280 - INFO - Retrying request to /chat/completions in 0.996627 seconds
2026-04-26 13:40:30,341 - INFO - Retrying request to /chat/completions in 0.867615 seconds
2026-04-26 13:40:30,816 - INFO - Retrying request to /chat/completions in 0.443873 seconds
2026-04-26 13:40:31,191 - INFO - Retrying request to /chat/completions in 0.462384 seconds
2026-04-26 13:40:31,347 - INFO - Retrying request to /chat/completions in 0.804569 seconds
2026-04-26 13:40:31,377 - INFO - Retrying request to /chat/completions in 0.419474 seconds
2026-04-26 13:40:31,498 - INFO - Retrying request to /chat/completions in 0.497150 seconds
2026-04-26 13:40:31,871 - INFO - Retrying request to /chat/completions in 0.938728 seconds
2026-04-26 13:40:32,077 - INFO - Retrying request to /chat/completions in 0.885558 seconds
2026-04-26 13:40:32,164 - INFO - Retrying request to /chat/completions in 0.392561 seconds
2026-04-26 13:40:32,393 - INFO - Retrying request to /chat/completions in 0.406052 seconds
2026-04-26 13:40:32,644 - INFO - Retrying request to /chat/completions in 0.918017 seconds
2026-04-26 13:40:32,889 - INFO - Retrying request to /chat/completions in 0.932955 seconds
2026-04-26 13:40:33,150 - INFO - Retrying request to /chat/completions in 0.381621 seconds
2026-04-26 13:40:33,306 - INFO - Retrying request to /chat/completions in 0.383586 seconds
2026-04-26 13:40:33,615 - INFO - Retrying request to /chat/completions in 0.801909 seconds
2026-04-26 13:40:33,772 - INFO - Retrying request to /chat/completions in 0.819005 seconds
2026-04-26 13:40:34,022 - INFO - Retrying request to /chat/completions in 0.494239 seconds
2026-04-26 13:40:34,382 - INFO - Retrying request to /chat/completions in 0.449870 seconds
2026-04-26 13:40:34,594 - INFO - Retrying request to /chat/completions in 0.853324 seconds
2026-04-26 13:40:34,625 - INFO - Retrying request to /chat/completions in 0.427950 seconds
2026-04-26 13:40:34,895 - INFO - Retrying request to /chat/completions in 0.806852 seconds
2026-04-26 13:40:35,134 - INFO - Retrying request to /chat/completions in 0.897623 seconds
2026-04-26 13:40:35,166 - INFO - Retrying request to /chat/completions in 0.377581 seconds
2026-04-26 13:40:35,623 - INFO - Retrying request to /chat/completions in 0.878706 seconds
2026-04-26 13:40:35,633 - INFO - Retrying request to /chat/completions in 0.419023 seconds
2026-04-26 13:40:36,142 - INFO - Retrying request to /chat/completions in 0.853471 seconds
2026-04-26 13:40:36,226 - INFO - Retrying request to /chat/completions in 0.495589 seconds
2026-04-26 13:40:36,236 - INFO - Retrying request to /chat/completions in 0.495563 seconds
2026-04-26 13:40:36,670 - INFO - Retrying request to /chat/completions in 0.424233 seconds
2026-04-26 13:40:36,802 - INFO - Retrying request to /chat/completions in 0.826825 seconds
2026-04-26 13:40:36,813 - INFO - Retrying request to /chat/completions in 0.759775 seconds
2026-04-26 13:40:37,183 - INFO - Retrying request to /chat/completions in 0.856084 seconds
2026-04-26 13:40:37,184 - INFO - Retrying request to /chat/completions in 0.497036 seconds
2026-04-26 13:40:37,769 - INFO - Retrying request to /chat/completions in 0.799846 seconds
2026-04-26 13:40:37,776 - INFO - Retrying request to /chat/completions in 0.389820 seconds
2026-04-26 13:40:37,817 - INFO - Retrying request to /chat/completions in 0.471292 seconds
2026-04-26 13:40:38,225 - INFO - Retrying request to /chat/completions in 0.471048 seconds
2026-04-26 13:40:38,252 - INFO - Retrying request to /chat/completions in 0.809518 seconds
2026-04-26 13:40:38,795 - INFO - Retrying request to /chat/completions in 0.940202 seconds
2026-04-26 13:40:39,219 - INFO - Retrying request to /chat/completions in 0.491993 seconds
2026-04-26 13:40:39,246 - INFO - Retrying request to /chat/completions in 0.465411 seconds
2026-04-26 13:40:39,461 - INFO - Retrying request to /chat/completions in 0.432245 seconds
2026-04-26 13:40:39,806 - INFO - Retrying request to /chat/completions in 0.872466 seconds
2026-04-26 13:40:39,811 - INFO - Retrying request to /chat/completions in 0.919333 seconds
2026-04-26 13:40:39,928 - INFO - Retrying request to /chat/completions in 0.493613 seconds
2026-04-26 13:40:39,962 - INFO - Retrying request to /chat/completions in 0.766565 seconds
2026-04-26 13:40:40,504 - INFO - Retrying request to /chat/completions in 0.900739 seconds
2026-04-26 13:40:40,925 - INFO - Retrying request to /chat/completions in 0.456095 seconds
2026-04-26 13:40:41,205 - INFO - Retrying request to /chat/completions in 0.480876 seconds
2026-04-26 13:40:41,316 - INFO - Retrying request to /chat/completions in 0.495017 seconds
2026-04-26 13:40:41,447 - INFO - Retrying request to /chat/completions in 0.947541 seconds
2026-04-26 13:40:41,595 - INFO - Retrying request to /chat/completions in 0.394504 seconds
2026-04-26 13:40:41,772 - INFO - Retrying request to /chat/completions in 0.929135 seconds
2026-04-26 13:40:41,906 - INFO - Retrying request to /chat/completions in 0.915804 seconds
2026-04-26 13:40:42,577 - INFO - Retrying request to /chat/completions in 0.430905 seconds
2026-04-26 13:40:42,602 - INFO - Retrying request to /chat/completions in 0.439493 seconds
2026-04-26 13:40:43,004 - INFO - Retrying request to /chat/completions in 0.424391 seconds
2026-04-26 13:40:43,094 - INFO - Retrying request to /chat/completions in 0.990326 seconds
2026-04-26 13:40:43,112 - INFO - Retrying request to /chat/completions in 0.976104 seconds
2026-04-26 13:40:43,276 - INFO - Retrying request to /chat/completions in 0.460112 seconds
2026-04-26 13:40:43,510 - INFO - Retrying request to /chat/completions in 0.983597 seconds
2026-04-26 13:40:43,819 - INFO - Retrying request to /chat/completions in 0.763701 seconds
2026-04-26 13:40:44,258 - INFO - Retrying request to /chat/completions in 0.491614 seconds
2026-04-26 13:40:44,281 - INFO - Retrying request to /chat/completions in 0.384562 seconds
2026-04-26 13:40:44,687 - INFO - Retrying request to /chat/completions in 0.416466 seconds
2026-04-26 13:40:44,756 - INFO - Retrying request to /chat/completions in 0.841053 seconds
2026-04-26 13:40:44,799 - INFO - Retrying request to /chat/completions in 0.482177 seconds
2026-04-26 13:40:44,841 - INFO - Retrying request to /chat/completions in 0.852074 seconds
2026-04-26 13:40:45,189 - INFO - Retrying request to /chat/completions in 0.943615 seconds
2026-04-26 13:40:45,946 - INFO - Retrying request to /chat/completions in 0.478895 seconds
2026-04-26 13:40:45,964 - INFO - Retrying request to /chat/completions in 0.476769 seconds
2026-04-26 13:40:46,046 - INFO - Retrying request to /chat/completions in 0.436390 seconds
2026-04-26 13:40:46,311 - INFO - Retrying request to /chat/completions in 0.401966 seconds
2026-04-26 13:40:46,494 - INFO - Retrying request to /chat/completions in 0.825190 seconds
2026-04-26 13:40:46,584 - INFO - Retrying request to /chat/completions in 0.889905 seconds
2026-04-26 13:40:46,798 - INFO - Retrying request to /chat/completions in 0.910413 seconds
2026-04-26 13:40:46,867 - INFO - Retrying request to /chat/completions in 0.405499 seconds
2026-04-26 13:40:47,356 - INFO - Retrying request to /chat/completions in 0.960985 seconds
2026-04-26 13:40:47,496 - INFO - Retrying request to /chat/completions in 0.498739 seconds
2026-04-26 13:40:47,656 - INFO - Retrying request to /chat/completions in 0.419622 seconds
2026-04-26 13:40:47,903 - INFO - Retrying request to /chat/completions in 0.472032 seconds
2026-04-26 13:40:48,066 - INFO - Retrying request to /chat/completions in 0.777859 seconds
2026-04-26 13:40:48,192 - INFO - Retrying request to /chat/completions in 0.760647 seconds
2026-04-26 13:40:48,478 - INFO - Retrying request to /chat/completions in 0.959939 seconds
2026-04-26 13:40:48,517 - INFO - Retrying request to /chat/completions in 0.432707 seconds
2026-04-26 13:40:49,035 - INFO - Retrying request to /chat/completions in 0.801374 seconds
2026-04-26 13:40:49,153 - INFO - Retrying request to /chat/completions in 0.448606 seconds
2026-04-26 13:40:49,632 - INFO - Retrying request to /chat/completions in 0.432522 seconds
2026-04-26 13:40:49,690 - INFO - Retrying request to /chat/completions in 0.878554 seconds
2026-04-26 13:40:50,037 - INFO - Retrying request to /chat/completions in 0.493917 seconds
2026-04-26 13:40:50,158 - INFO - Retrying request to /chat/completions in 0.825978 seconds
2026-04-26 13:40:50,342 - INFO - Retrying request to /chat/completions in 0.461747 seconds
2026-04-26 13:40:50,620 - INFO - Retrying request to /chat/completions in 0.904843 seconds
2026-04-26 13:40:50,739 - INFO - Retrying request to /chat/completions in 0.497477 seconds
2026-04-26 13:40:50,873 - INFO - Retrying request to /chat/completions in 0.757179 seconds
2026-04-26 13:40:51,175 - INFO - Retrying request to /chat/completions in 0.382737 seconds
2026-04-26 13:40:51,318 - INFO - Retrying request to /chat/completions in 0.838971 seconds
2026-04-26 13:40:51,623 - INFO - Retrying request to /chat/completions in 0.868727 seconds
2026-04-26 13:40:51,713 - INFO - Retrying request to /chat/completions in 0.389468 seconds
2026-04-26 13:40:51,835 - INFO - Retrying request to /chat/completions in 0.436023 seconds
2026-04-26 13:40:52,168 - INFO - Retrying request to /chat/completions in 0.843581 seconds
2026-04-26 13:40:52,342 - INFO - Retrying request to /chat/completions in 0.394903 seconds
2026-04-26 13:40:52,351 - INFO - Retrying request to /chat/completions in 0.895062 seconds
2026-04-26 13:40:52,668 - INFO - Retrying request to /chat/completions in 0.385283 seconds
2026-04-26 13:40:52,824 - INFO - Retrying request to /chat/completions in 0.924948 seconds
2026-04-26 13:40:53,143 - INFO - Retrying request to /chat/completions in 0.822168 seconds
2026-04-26 13:40:53,196 - INFO - Retrying request to /chat/completions in 0.454889 seconds
2026-04-26 13:40:53,418 - INFO - Retrying request to /chat/completions in 0.473454 seconds
2026-04-26 13:40:53,746 - INFO - Retrying request to /chat/completions in 0.949720 seconds
2026-04-26 13:40:53,945 - INFO - Retrying request to /chat/completions in 0.385770 seconds
2026-04-26 13:40:53,988 - INFO - Retrying request to /chat/completions in 0.819756 seconds
2026-04-26 13:40:54,200 - INFO - Retrying request to /chat/completions in 0.406527 seconds
2026-04-26 13:40:54,703 - INFO - Retrying request to /chat/completions in 0.925212 seconds
2026-04-26 13:40:54,887 - INFO - Retrying request to /chat/completions in 0.484111 seconds
2026-04-26 13:40:54,993 - INFO - Retrying request to /chat/completions in 0.484167 seconds
2026-04-26 13:40:55,008 - INFO - Retrying request to /chat/completions in 0.448333 seconds
2026-04-26 13:40:55,443 - INFO - Retrying request to /chat/completions in 0.865110 seconds
2026-04-26 13:40:55,536 - INFO - Retrying request to /chat/completions in 0.980951 seconds
2026-04-26 13:40:55,547 - INFO - Retrying request to /chat/completions in 0.780533 seconds
2026-04-26 13:40:56,133 - INFO - Retrying request to /chat/completions in 0.424644 seconds
2026-04-26 13:40:56,494 - INFO - Retrying request to /chat/completions in 0.391973 seconds
2026-04-26 13:40:56,522 - INFO - Retrying request to /chat/completions in 0.392439 seconds
2026-04-26 13:40:56,637 - INFO - Retrying request to /chat/completions in 0.828998 seconds
2026-04-26 13:40:56,965 - INFO - Retrying request to /chat/completions in 0.973101 seconds
2026-04-26 13:40:57,006 - INFO - Retrying request to /chat/completions in 0.394865 seconds
2026-04-26 13:40:57,399 - INFO - Retrying request to /chat/completions in 0.439529 seconds
2026-04-26 13:40:57,462 - INFO - Retrying request to /chat/completions in 0.828707 seconds
2026-04-26 13:40:57,674 - INFO - Retrying request to /chat/completions in 0.497017 seconds
2026-04-26 13:40:57,933 - INFO - Retrying request to /chat/completions in 0.849144 seconds
2026-04-26 13:40:58,120 - INFO - Retrying request to /chat/completions in 0.390128 seconds
2026-04-26 13:40:58,260 - INFO - Retrying request to /chat/completions in 0.797366 seconds
2026-04-26 13:40:58,534 - INFO - Retrying request to /chat/completions in 0.498724 seconds
2026-04-26 13:40:58,593 - INFO - Retrying request to /chat/completions in 0.875191 seconds
2026-04-26 13:40:58,996 - INFO - Retrying request to /chat/completions in 0.453417 seconds
2026-04-26 13:40:59,116 - INFO - Retrying request to /chat/completions in 0.910871 seconds
2026-04-26 13:40:59,269 - INFO - Retrying request to /chat/completions in 0.494916 seconds
2026-04-26 13:40:59,547 - INFO - Retrying request to /chat/completions in 0.890621 seconds
2026-04-26 13:40:59,690 - INFO - Retrying request to /chat/completions in 0.424603 seconds
2026-04-26 13:40:59,860 - INFO - Retrying request to /chat/completions in 0.839535 seconds
2026-04-26 13:41:00,199 - INFO - Retrying request to /chat/completions in 0.832956 seconds
2026-04-26 13:41:00,211 - INFO - Retrying request to /chat/completions in 0.438977 seconds
2026-04-26 13:41:00,633 - INFO - Retrying request to /chat/completions in 0.461986 seconds
2026-04-26 13:41:00,749 - INFO - Retrying request to /chat/completions in 0.833973 seconds
2026-04-26 13:41:00,874 - INFO - Retrying request to /chat/completions in 0.426233 seconds
2026-04-26 13:41:01,176 - INFO - Retrying request to /chat/completions in 0.955755 seconds
2026-04-26 13:41:01,256 - INFO - Retrying request to /chat/completions in 0.464021 seconds
2026-04-26 13:41:01,392 - INFO - Retrying request to /chat/completions in 0.993754 seconds
2026-04-26 13:41:01,794 - INFO - Retrying request to /chat/completions in 0.421531 seconds
2026-04-26 13:41:01,813 - INFO - Retrying request to /chat/completions in 0.882468 seconds
2026-04-26 13:41:02,338 - INFO - Retrying request to /chat/completions in 0.376563 seconds
2026-04-26 13:41:02,590 - INFO - Retrying request to /chat/completions in 0.463857 seconds
2026-04-26 13:41:02,735 - INFO - Retrying request to /chat/completions in 0.470036 seconds
2026-04-26 13:41:02,880 - INFO - Retrying request to /chat/completions in 0.761315 seconds
2026-04-26 13:41:03,157 - INFO - Retrying request to /chat/completions in 0.766734 seconds
2026-04-26 13:41:03,172 - INFO - Retrying request to /chat/completions in 0.495019 seconds
2026-04-26 13:41:03,304 - INFO - Retrying request to /chat/completions in 0.836630 seconds
2026-04-26 13:41:03,757 - INFO - Retrying request to /chat/completions in 0.772634 seconds
2026-04-26 13:41:03,859 - INFO - Retrying request to /chat/completions in 0.433735 seconds
2026-04-26 13:41:04,134 - INFO - Retrying request to /chat/completions in 0.432997 seconds
2026-04-26 13:41:04,338 - INFO - Retrying request to /chat/completions in 0.457189 seconds
2026-04-26 13:41:04,370 - INFO - Retrying request to /chat/completions in 0.771713 seconds
2026-04-26 13:41:04,654 - INFO - Retrying request to /chat/completions in 0.854472 seconds
2026-04-26 13:41:04,743 - INFO - Retrying request to /chat/completions in 0.426653 seconds
2026-04-26 13:41:04,880 - INFO - Retrying request to /chat/completions in 0.892869 seconds
2026-04-26 13:41:05,257 - INFO - Retrying request to /chat/completions in 0.935865 seconds
2026-04-26 13:41:05,343 - INFO - Retrying request to /chat/completions in 0.434309 seconds
2026-04-26 13:41:05,701 - INFO - Retrying request to /chat/completions in 0.392346 seconds
2026-04-26 13:41:05,872 - INFO - Retrying request to /chat/completions in 0.821555 seconds
2026-04-26 13:41:05,963 - INFO - Retrying request to /chat/completions in 0.404606 seconds
2026-04-26 13:41:06,388 - INFO - Retrying request to /chat/completions in 0.480602 seconds
2026-04-26 13:41:06,440 - INFO - Retrying request to /chat/completions in 0.785172 seconds
2026-04-26 13:41:06,587 - INFO - Retrying request to /chat/completions in 0.436644 seconds
2026-04-26 13:41:06,918 - INFO - Retrying request to /chat/completions in 0.388491 seconds
2026-04-26 13:41:06,951 - INFO - Retrying request to /chat/completions in 0.828828 seconds
2026-04-26 13:41:07,125 - INFO - Retrying request to /chat/completions in 0.915092 seconds
2026-04-26 13:41:07,385 - INFO - Retrying request to /chat/completions in 0.803558 seconds
2026-04-26 13:41:07,425 - INFO - Retrying request to /chat/completions in 0.456525 seconds
2026-04-26 13:41:07,965 - INFO - Retrying request to /chat/completions in 0.854896 seconds
2026-04-26 13:41:07,974 - INFO - Retrying request to /chat/completions in 0.470313 seconds
2026-04-26 13:41:08,238 - INFO - Retrying request to /chat/completions in 0.380287 seconds
2026-04-26 13:41:08,395 - INFO - Retrying request to /chat/completions in 0.460732 seconds
2026-04-26 13:41:08,525 - INFO - Retrying request to /chat/completions in 0.901257 seconds
2026-04-26 13:41:08,690 - INFO - Retrying request to /chat/completions in 0.997662 seconds
2026-04-26 13:41:08,945 - INFO - Retrying request to /chat/completions in 0.863325 seconds
2026-04-26 13:41:09,380 - INFO - Retrying request to /chat/completions in 0.401093 seconds
2026-04-26 13:41:09,617 - INFO - Retrying request to /chat/completions in 0.448656 seconds
2026-04-26 13:41:09,870 - INFO - Retrying request to /chat/completions in 0.813967 seconds
2026-04-26 13:41:09,902 - INFO - Retrying request to /chat/completions in 0.442945 seconds
2026-04-26 13:41:10,036 - INFO - Retrying request to /chat/completions in 0.479280 seconds
2026-04-26 13:41:10,147 - INFO - Retrying request to /chat/completions in 0.899753 seconds
2026-04-26 13:41:10,438 - INFO - Retrying request to /chat/completions in 0.819975 seconds
2026-04-26 13:41:10,900 - INFO - Retrying request to /chat/completions in 0.378837 seconds
2026-04-26 13:41:11,047 - INFO - Retrying request to /chat/completions in 0.439515 seconds
2026-04-26 13:41:11,246 - INFO - Retrying request to /chat/completions in 0.412083 seconds
2026-04-26 13:41:11,351 - INFO - Retrying request to /chat/completions in 0.906529 seconds
2026-04-26 13:41:11,484 - INFO - Retrying request to /chat/completions in 0.491828 seconds
2026-04-26 13:41:11,558 - INFO - Retrying request to /chat/completions in 0.825634 seconds
2026-04-26 13:41:11,757 - INFO - Retrying request to /chat/completions in 0.853196 seconds
2026-04-26 13:41:12,059 - INFO - Retrying request to /chat/completions in 0.780233 seconds
2026-04-26 13:41:12,605 - INFO - Retrying request to /chat/completions in 0.438113 seconds
2026-04-26 13:41:12,921 - INFO - Retrying request to /chat/completions in 0.491453 seconds
2026-04-26 13:41:13,040 - INFO - Retrying request to /chat/completions in 0.498678 seconds
2026-04-26 13:41:13,123 - INFO - Retrying request to /chat/completions in 0.820963 seconds
2026-04-26 13:41:13,226 - INFO - Retrying request to /chat/completions in 0.419919 seconds
2026-04-26 13:41:13,494 - INFO - Retrying request to /chat/completions in 0.882916 seconds
2026-04-26 13:41:13,623 - INFO - Retrying request to /chat/completions in 0.938448 seconds
2026-04-26 13:41:13,720 - INFO - Retrying request to /chat/completions in 0.883640 seconds
2026-04-26 13:41:14,717 - INFO - Retrying request to /chat/completions in 0.440921 seconds
2026-04-26 13:41:15,034 - INFO - Retrying request to /chat/completions in 0.428478 seconds
2026-04-26 13:41:15,099 - INFO - Retrying request to /chat/completions in 0.454686 seconds
2026-04-26 13:41:15,182 - INFO - Retrying request to /chat/completions in 0.497001 seconds
2026-04-26 13:41:15,242 - INFO - Retrying request to /chat/completions in 0.873990 seconds
2026-04-26 13:41:15,549 - INFO - Retrying request to /chat/completions in 0.848626 seconds
2026-04-26 13:41:15,631 - INFO - Retrying request to /chat/completions in 0.942956 seconds
2026-04-26 13:41:15,773 - INFO - Retrying request to /chat/completions in 0.838321 seconds
2026-04-26 13:41:16,315 - INFO - Retrying request to /chat/completions in 0.470305 seconds
2026-04-26 13:41:16,596 - INFO - Retrying request to /chat/completions in 0.471954 seconds
2026-04-26 13:41:16,763 - INFO - Retrying request to /chat/completions in 0.447103 seconds
2026-04-26 13:41:16,794 - INFO - Retrying request to /chat/completions in 0.474831 seconds
2026-04-26 13:41:16,874 - INFO - Retrying request to /chat/completions in 0.871266 seconds
2026-04-26 13:41:17,152 - INFO - Retrying request to /chat/completions in 0.973450 seconds
2026-04-26 13:41:17,293 - INFO - Retrying request to /chat/completions in 0.825359 seconds
2026-04-26 13:41:17,355 - INFO - Retrying request to /chat/completions in 0.777175 seconds
2026-04-26 13:41:17,908 - INFO - Retrying request to /chat/completions in 0.430553 seconds
2026-04-26 13:41:18,365 - INFO - Retrying request to /chat/completions in 0.468651 seconds
2026-04-26 13:41:18,615 - INFO - Retrying request to /chat/completions in 0.388074 seconds
2026-04-26 13:41:18,713 - INFO - Retrying request to /chat/completions in 0.457846 seconds
2026-04-26 13:41:18,890 - INFO - Retrying request to /chat/completions in 0.426826 seconds
2026-04-26 13:41:18,915 - INFO - Retrying request to /chat/completions in 0.780174 seconds
2026-04-26 13:41:19,085 - INFO - Retrying request to /chat/completions in 0.989092 seconds
2026-04-26 13:41:19,259 - INFO - Retrying request to /chat/completions in 0.966180 seconds
2026-04-26 13:41:19,403 - INFO - Retrying request to /chat/completions in 0.878217 seconds
2026-04-26 13:41:19,890 - INFO - Retrying request to /chat/completions in 0.479238 seconds
2026-04-26 13:41:20,265 - INFO - Retrying request to /chat/completions in 0.443578 seconds
2026-04-26 13:41:20,436 - INFO - Retrying request to /chat/completions in 0.460628 seconds
2026-04-26 13:41:20,450 - INFO - Retrying request to /chat/completions in 0.844063 seconds
2026-04-26 13:41:20,490 - INFO - Retrying request to /chat/completions in 0.376892 seconds
2026-04-26 13:41:20,789 - INFO - Retrying request to /chat/completions in 0.944401 seconds
2026-04-26 13:41:20,948 - INFO - Retrying request to /chat/completions in 0.967027 seconds
2026-04-26 13:41:20,979 - INFO - Retrying request to /chat/completions in 0.800130 seconds
2026-04-26 13:41:21,480 - INFO - Retrying request to /chat/completions in 0.492875 seconds
2026-04-26 13:41:21,939 - INFO - Retrying request to /chat/completions in 0.423150 seconds
2026-04-26 13:41:21,971 - INFO - Retrying request to /chat/completions in 0.458250 seconds
2026-04-26 13:41:22,073 - INFO - Retrying request to /chat/completions in 0.968875 seconds
2026-04-26 13:41:22,116 - INFO - Retrying request to /chat/completions in 0.460479 seconds
2026-04-26 13:41:22,454 - INFO - Retrying request to /chat/completions in 0.903034 seconds
2026-04-26 13:41:22,517 - INFO - Retrying request to /chat/completions in 0.995994 seconds
2026-04-26 13:41:22,681 - INFO - Retrying request to /chat/completions in 0.756012 seconds
2026-04-26 13:41:23,553 - INFO - Retrying request to /chat/completions in 0.457247 seconds
2026-04-26 13:41:23,740 - INFO - Retrying request to /chat/completions in 0.452304 seconds
2026-04-26 13:41:24,092 - INFO - Retrying request to /chat/completions in 0.489343 seconds
2026-04-26 13:41:24,100 - INFO - Retrying request to /chat/completions in 0.868801 seconds
2026-04-26 13:41:24,263 - INFO - Retrying request to /chat/completions in 0.942590 seconds
2026-04-26 13:41:24,663 - INFO - Retrying request to /chat/completions in 0.962518 seconds
2026-04-26 13:41:25,208 - INFO - Retrying request to /chat/completions in 0.428799 seconds
2026-04-26 13:41:25,634 - INFO - Retrying request to /chat/completions in 0.463503 seconds
2026-04-26 13:41:25,762 - INFO - Retrying request to /chat/completions in 0.439307 seconds
2026-04-26 13:41:25,824 - INFO - Retrying request to /chat/completions in 0.394959 seconds
2026-04-26 13:41:26,130 - INFO - Retrying request to /chat/completions in 0.437356 seconds
2026-04-26 13:41:26,178 - INFO - Retrying request to /chat/completions in 0.998882 seconds
2026-04-26 13:41:26,288 - INFO - Retrying request to /chat/completions in 0.824711 seconds
2026-04-26 13:41:26,302 - INFO - Retrying request to /chat/completions in 0.880551 seconds
2026-04-26 13:41:26,648 - INFO - Retrying request to /chat/completions in 0.771193 seconds
2026-04-26 13:41:27,323 - INFO - Retrying request to /chat/completions in 0.401432 seconds
2026-04-26 13:41:27,393 - INFO - Retrying request to /chat/completions in 0.452651 seconds
2026-04-26 13:41:27,446 - INFO - Retrying request to /chat/completions in 0.474645 seconds
2026-04-26 13:41:27,625 - INFO - Retrying request to /chat/completions in 0.414816 seconds
2026-04-26 13:41:27,803 - INFO - Retrying request to /chat/completions in 0.840822 seconds
2026-04-26 13:41:27,925 - INFO - Retrying request to /chat/completions in 0.898084 seconds
2026-04-26 13:41:28,006 - INFO - Retrying request to /chat/completions in 0.876756 seconds
2026-04-26 13:41:28,142 - INFO - Retrying request to /chat/completions in 0.855646 seconds
2026-04-26 13:41:28,857 - INFO - Retrying request to /chat/completions in 0.464183 seconds
2026-04-26 13:41:29,102 - INFO - Retrying request to /chat/completions in 0.387414 seconds
2026-04-26 13:41:29,207 - INFO - Retrying request to /chat/completions in 0.428721 seconds
2026-04-26 13:41:29,323 - INFO - Retrying request to /chat/completions in 0.429665 seconds
2026-04-26 13:41:29,419 - INFO - Retrying request to /chat/completions in 0.925263 seconds
2026-04-26 13:41:29,584 - INFO - Retrying request to /chat/completions in 0.751980 seconds
2026-04-26 13:41:29,729 - INFO - Retrying request to /chat/completions in 0.820943 seconds
2026-04-26 13:41:29,844 - INFO - Retrying request to /chat/completions in 0.802835 seconds
2026-04-26 13:41:30,544 - INFO - Retrying request to /chat/completions in 0.466524 seconds
2026-04-26 13:41:30,550 - INFO - Retrying request to /chat/completions in 0.486491 seconds
2026-04-26 13:41:30,869 - INFO - Retrying request to /chat/completions in 0.425301 seconds
2026-04-26 13:41:30,993 - INFO - Retrying request to /chat/completions in 0.409178 seconds
2026-04-26 13:41:31,092 - INFO - Retrying request to /chat/completions in 0.787622 seconds
2026-04-26 13:41:31,125 - INFO - Retrying request to /chat/completions in 0.804591 seconds
2026-04-26 13:41:31,380 - INFO - Retrying request to /chat/completions in 0.874226 seconds
2026-04-26 13:41:31,503 - INFO - Retrying request to /chat/completions in 0.775831 seconds
2026-04-26 13:41:32,117 - INFO - Retrying request to /chat/completions in 0.415571 seconds
2026-04-26 13:41:32,150 - INFO - Retrying request to /chat/completions in 0.443383 seconds
2026-04-26 13:41:32,465 - INFO - Retrying request to /chat/completions in 0.448520 seconds
2026-04-26 13:41:32,633 - INFO - Retrying request to /chat/completions in 0.764256 seconds
2026-04-26 13:41:32,691 - INFO - Retrying request to /chat/completions in 0.878106 seconds
2026-04-26 13:41:33,011 - INFO - Retrying request to /chat/completions in 0.890209 seconds
2026-04-26 13:41:33,135 - INFO - Retrying request to /chat/completions in 0.399253 seconds
2026-04-26 13:41:33,603 - INFO - Retrying request to /chat/completions in 0.445081 seconds
2026-04-26 13:41:33,632 - INFO - Retrying request to /chat/completions in 0.918824 seconds
2026-04-26 13:41:33,786 - INFO - Retrying request to /chat/completions in 0.496898 seconds
2026-04-26 13:41:34,104 - INFO - Retrying request to /chat/completions in 0.416285 seconds
2026-04-26 13:41:34,131 - INFO - Retrying request to /chat/completions in 0.808697 seconds
2026-04-26 13:41:34,366 - INFO - Retrying request to /chat/completions in 0.802721 seconds
2026-04-26 13:41:34,719 - INFO - Retrying request to /chat/completions in 0.419068 seconds
2026-04-26 13:41:35,111 - INFO - Retrying request to /chat/completions in 0.483578 seconds
2026-04-26 13:41:35,235 - INFO - Retrying request to /chat/completions in 0.764583 seconds
2026-04-26 13:41:35,393 - INFO - Retrying request to /chat/completions in 0.486535 seconds
2026-04-26 13:41:35,509 - INFO - Retrying request to /chat/completions in 0.376344 seconds
2026-04-26 13:41:35,677 - INFO - Retrying request to /chat/completions in 0.976523 seconds
2026-04-26 13:41:35,969 - INFO - Retrying request to /chat/completions in 0.985099 seconds
2026-04-26 13:41:35,970 - INFO - Retrying request to /chat/completions in 0.995891 seconds
2026-04-26 13:41:36,196 - INFO - Retrying request to /chat/completions in 0.421791 seconds
2026-04-26 13:41:36,742 - INFO - Retrying request to /chat/completions in 0.839283 seconds
2026-04-26 13:41:36,848 - INFO - Retrying request to /chat/completions in 0.474934 seconds
2026-04-26 13:41:37,158 - INFO - Retrying request to /chat/completions in 0.381150 seconds
2026-04-26 13:41:37,162 - INFO - Retrying request to /chat/completions in 0.380328 seconds
2026-04-26 13:41:37,405 - INFO - Retrying request to /chat/completions in 0.855496 seconds
2026-04-26 13:41:37,627 - INFO - Retrying request to /chat/completions in 0.795743 seconds
2026-04-26 13:41:37,643 - INFO - Retrying request to /chat/completions in 0.814871 seconds
2026-04-26 13:41:37,791 - INFO - Retrying request to /chat/completions in 0.463087 seconds
2026-04-26 13:41:38,351 - INFO - Retrying request to /chat/completions in 0.923036 seconds
2026-04-26 13:41:38,460 - INFO - Retrying request to /chat/completions in 0.486069 seconds
2026-04-26 13:41:38,638 - INFO - Retrying request to /chat/completions in 0.411342 seconds
2026-04-26 13:41:38,666 - INFO - Retrying request to /chat/completions in 0.440488 seconds
2026-04-26 13:41:39,030 - INFO - Retrying request to /chat/completions in 0.766075 seconds
2026-04-26 13:41:39,132 - INFO - Retrying request to /chat/completions in 0.926013 seconds
2026-04-26 13:41:39,198 - INFO - Retrying request to /chat/completions in 0.835378 seconds
2026-04-26 13:41:39,469 - INFO - Retrying request to /chat/completions in 0.398521 seconds
2026-04-26 13:41:39,948 - INFO - Retrying request to /chat/completions in 0.787471 seconds
2026-04-26 13:41:40,004 - INFO - Retrying request to /chat/completions in 0.469502 seconds
2026-04-26 13:41:40,236 - INFO - Retrying request to /chat/completions in 0.496743 seconds
2026-04-26 13:41:40,272 - INFO - Retrying request to /chat/completions in 0.455764 seconds
2026-04-26 13:41:40,556 - INFO - Retrying request to /chat/completions in 0.906931 seconds
2026-04-26 13:41:40,800 - INFO - Retrying request to /chat/completions in 0.999490 seconds
2026-04-26 13:41:40,809 - INFO - Retrying request to /chat/completions in 0.806049 seconds
2026-04-26 13:41:40,951 - INFO - Retrying request to /chat/completions in 0.495113 seconds
2026-04-26 13:41:41,541 - INFO - Retrying request to /chat/completions in 0.845128 seconds
2026-04-26 13:41:41,663 - INFO - Retrying request to /chat/completions in 0.398632 seconds
2026-04-26 13:41:41,828 - INFO - Retrying request to /chat/completions in 0.497233 seconds
2026-04-26 13:41:41,994 - INFO - Retrying request to /chat/completions in 0.381304 seconds
2026-04-26 13:41:42,172 - INFO - Retrying request to /chat/completions in 0.920607 seconds
2026-04-26 13:41:42,467 - INFO - Retrying request to /chat/completions in 0.902887 seconds
2026-04-26 13:41:42,476 - INFO - Retrying request to /chat/completions in 0.925610 seconds
2026-04-26 13:41:42,596 - INFO - Retrying request to /chat/completions in 0.404049 seconds
2026-04-26 13:41:43,067 - INFO - Retrying request to /chat/completions in 0.971844 seconds
2026-04-26 13:41:43,312 - INFO - Retrying request to /chat/completions in 0.383388 seconds
2026-04-26 13:41:43,603 - INFO - Retrying request to /chat/completions in 0.478289 seconds
2026-04-26 13:41:43,614 - INFO - Retrying request to /chat/completions in 0.391176 seconds
2026-04-26 13:41:43,788 - INFO - Retrying request to /chat/completions in 0.949588 seconds
2026-04-26 13:41:44,090 - INFO - Retrying request to /chat/completions in 0.812545 seconds
2026-04-26 13:41:44,173 - INFO - Retrying request to /chat/completions in 0.981962 seconds
2026-04-26 13:41:44,227 - INFO - Retrying request to /chat/completions in 0.430796 seconds
2026-04-26 13:41:44,741 - INFO - Retrying request to /chat/completions in 0.862162 seconds
2026-04-26 13:41:44,930 - INFO - Retrying request to /chat/completions in 0.470688 seconds
2026-04-26 13:41:45,126 - INFO - Retrying request to /chat/completions in 0.477976 seconds
2026-04-26 13:41:45,346 - INFO - Retrying request to /chat/completions in 0.385120 seconds
2026-04-26 13:41:45,482 - INFO - Retrying request to /chat/completions in 0.768202 seconds
2026-04-26 13:41:45,682 - INFO - Retrying request to /chat/completions in 0.991569 seconds
2026-04-26 13:41:45,811 - INFO - Retrying request to /chat/completions in 0.878842 seconds
2026-04-26 13:41:45,834 - INFO - Retrying request to /chat/completions in 0.474833 seconds
2026-04-26 13:41:46,412 - INFO - Retrying request to /chat/completions in 0.896805 seconds
2026-04-26 13:41:46,475 - INFO - Retrying request to /chat/completions in 0.498228 seconds
2026-04-26 13:41:46,879 - INFO - Retrying request to /chat/completions in 0.410113 seconds
2026-04-26 13:41:46,880 - INFO - Retrying request to /chat/completions in 0.379768 seconds
2026-04-26 13:41:47,034 - INFO - Retrying request to /chat/completions in 0.764680 seconds
2026-04-26 13:41:47,338 - INFO - Retrying request to /chat/completions in 0.988953 seconds
2026-04-26 13:41:47,379 - INFO - Retrying request to /chat/completions in 0.926436 seconds
2026-04-26 13:41:47,510 - INFO - Retrying request to /chat/completions in 0.453448 seconds
2026-04-26 13:41:48,018 - INFO - Retrying request to /chat/completions in 0.444796 seconds
2026-04-26 13:41:48,045 - INFO - Retrying request to /chat/completions in 0.920418 seconds
2026-04-26 13:41:48,523 - INFO - Retrying request to /chat/completions in 0.400695 seconds
2026-04-26 13:41:48,529 - INFO - Retrying request to /chat/completions in 0.389502 seconds
2026-04-26 13:41:48,553 - INFO - Retrying request to /chat/completions in 0.901745 seconds
2026-04-26 13:41:49,004 - INFO - Retrying request to /chat/completions in 0.872612 seconds
2026-04-26 13:41:49,007 - INFO - Retrying request to /chat/completions in 0.789685 seconds
2026-04-26 13:41:49,197 - INFO - Retrying request to /chat/completions in 0.431895 seconds
2026-04-26 13:41:49,671 - INFO - Retrying request to /chat/completions in 0.436053 seconds
2026-04-26 13:41:49,719 - INFO - Retrying request to /chat/completions in 0.825093 seconds
2026-04-26 13:41:49,996 - INFO - Retrying request to /chat/completions in 0.388824 seconds
2026-04-26 13:41:50,124 - INFO - Retrying request to /chat/completions in 0.458300 seconds
2026-04-26 13:41:50,215 - INFO - Retrying request to /chat/completions in 0.974719 seconds
2026-04-26 13:41:50,467 - INFO - Retrying request to /chat/completions in 0.940679 seconds
2026-04-26 13:41:50,672 - INFO - Retrying request to /chat/completions in 0.986865 seconds
2026-04-26 13:41:50,789 - INFO - Retrying request to /chat/completions in 0.464521 seconds
2026-04-26 13:41:51,326 - INFO - Retrying request to /chat/completions in 0.898360 seconds
2026-04-26 13:41:51,407 - INFO - Retrying request to /chat/completions in 0.375839 seconds
2026-04-26 13:41:51,602 - INFO - Retrying request to /chat/completions in 0.383200 seconds
2026-04-26 13:41:51,867 - INFO - Retrying request to /chat/completions in 0.995956 seconds
2026-04-26 13:41:51,889 - INFO - Retrying request to /chat/completions in 0.474748 seconds
2026-04-26 13:41:52,072 - INFO - Retrying request to /chat/completions in 0.965343 seconds
2026-04-26 13:41:52,436 - INFO - Retrying request to /chat/completions in 0.388062 seconds
2026-04-26 13:41:52,456 - INFO - Retrying request to /chat/completions in 0.825476 seconds
2026-04-26 13:41:52,908 - INFO - Retrying request to /chat/completions in 0.878030 seconds
2026-04-26 13:41:53,102 - INFO - Retrying request to /chat/completions in 0.420578 seconds
2026-04-26 13:41:53,241 - INFO - Retrying request to /chat/completions in 0.453022 seconds
2026-04-26 13:41:53,472 - INFO - Retrying request to /chat/completions in 0.484689 seconds
2026-04-26 13:41:53,606 - INFO - Retrying request to /chat/completions in 0.872268 seconds
2026-04-26 13:41:53,813 - INFO - Retrying request to /chat/completions in 0.853133 seconds
2026-04-26 13:41:53,981 - INFO - Retrying request to /chat/completions in 0.456621 seconds
2026-04-26 13:41:54,040 - INFO - Retrying request to /chat/completions in 0.895370 seconds
2026-04-26 13:41:54,522 - INFO - Retrying request to /chat/completions in 0.834784 seconds
2026-04-26 13:41:54,704 - INFO - Retrying request to /chat/completions in 0.402175 seconds
2026-04-26 13:41:54,891 - INFO - Retrying request to /chat/completions in 0.380264 seconds
2026-04-26 13:41:55,149 - INFO - Retrying request to /chat/completions in 0.470181 seconds
2026-04-26 13:41:55,232 - INFO - Retrying request to /chat/completions in 0.907713 seconds
2026-04-26 13:41:55,357 - INFO - Retrying request to /chat/completions in 0.841548 seconds
2026-04-26 13:41:55,548 - INFO - Retrying request to /chat/completions in 0.455487 seconds
2026-04-26 13:41:55,720 - INFO - Retrying request to /chat/completions in 0.853965 seconds
2026-04-26 13:41:56,087 - INFO - Retrying request to /chat/completions in 0.841738 seconds
2026-04-26 13:41:56,358 - INFO - Retrying request to /chat/completions in 0.487218 seconds
2026-04-26 13:41:56,368 - INFO - Retrying request to /chat/completions in 0.391918 seconds
2026-04-26 13:41:56,789 - INFO - Retrying request to /chat/completions in 0.463314 seconds
2026-04-26 13:41:56,826 - INFO - Retrying request to /chat/completions in 0.981254 seconds
2026-04-26 13:41:56,915 - INFO - Retrying request to /chat/completions in 0.938718 seconds
2026-04-26 13:41:57,145 - INFO - Retrying request to /chat/completions in 0.451502 seconds
2026-04-26 13:41:57,363 - INFO - Retrying request to /chat/completions in 0.894312 seconds
2026-04-26 13:41:57,687 - INFO - Retrying request to /chat/completions in 0.862026 seconds
2026-04-26 13:41:58,009 - INFO - Retrying request to /chat/completions in 0.435152 seconds
2026-04-26 13:41:58,041 - INFO - Retrying request to /chat/completions in 0.432308 seconds
2026-04-26 13:41:58,496 - INFO - Retrying request to /chat/completions in 0.434589 seconds
2026-04-26 13:41:58,524 - INFO - Retrying request to /chat/completions in 0.808178 seconds
2026-04-26 13:41:58,714 - INFO - Retrying request to /chat/completions in 0.848857 seconds
2026-04-26 13:41:58,779 - INFO - Retrying request to /chat/completions in 0.493476 seconds
2026-04-26 13:41:59,030 - INFO - Retrying request to /chat/completions in 0.831838 seconds
2026-04-26 13:41:59,362 - INFO - Retrying request to /chat/completions in 0.957469 seconds
2026-04-26 13:41:59,555 - INFO - Retrying request to /chat/completions in 0.398466 seconds
2026-04-26 13:41:59,760 - INFO - Retrying request to /chat/completions in 0.492652 seconds
2026-04-26 13:42:00,045 - INFO - Retrying request to /chat/completions in 0.989614 seconds
2026-04-26 13:42:00,081 - INFO - Retrying request to /chat/completions in 0.388747 seconds
2026-04-26 13:42:00,345 - INFO - Retrying request to /chat/completions in 0.766035 seconds
2026-04-26 13:42:00,564 - INFO - Retrying request to /chat/completions in 0.463665 seconds
2026-04-26 13:42:00,579 - INFO - Retrying request to /chat/completions in 0.893758 seconds
2026-04-26 13:42:01,112 - INFO - Retrying request to /chat/completions in 0.807095 seconds
2026-04-26 13:42:01,250 - INFO - Retrying request to /chat/completions in 0.455980 seconds
2026-04-26 13:42:01,330 - INFO - Retrying request to /chat/completions in 0.416237 seconds
2026-04-26 13:42:01,679 - INFO - Retrying request to /chat/completions in 0.417281 seconds
2026-04-26 13:42:01,790 - INFO - Retrying request to /chat/completions in 0.918573 seconds
2026-04-26 13:42:01,816 - INFO - Retrying request to /chat/completions in 0.926594 seconds
2026-04-26 13:42:02,169 - INFO - Retrying request to /chat/completions in 0.447377 seconds
2026-04-26 13:42:02,180 - INFO - Retrying request to /chat/completions in 0.794887 seconds
2026-04-26 13:42:02,729 - INFO - Retrying request to /chat/completions in 0.800623 seconds
2026-04-26 13:42:02,911 - INFO - Retrying request to /chat/completions in 0.406696 seconds
2026-04-26 13:42:02,959 - INFO - Retrying request to /chat/completions in 0.425845 seconds
2026-04-26 13:42:03,208 - INFO - Retrying request to /chat/completions in 0.476468 seconds
2026-04-26 13:42:03,385 - INFO - Retrying request to /chat/completions in 0.989137 seconds
2026-04-26 13:42:03,464 - INFO - Retrying request to /chat/completions in 0.995200 seconds
2026-04-26 13:42:03,730 - INFO - Retrying request to /chat/completions in 0.490418 seconds
2026-04-26 13:42:03,784 - INFO - Retrying request to /chat/completions in 0.976596 seconds
2026-04-26 13:42:04,290 - INFO - Retrying request to /chat/completions in 0.840226 seconds
2026-04-26 13:42:04,573 - INFO - Retrying request to /chat/completions in 0.399852 seconds
2026-04-26 13:42:04,686 - INFO - Retrying request to /chat/completions in 0.394717 seconds
2026-04-26 13:42:05,017 - INFO - Retrying request to /chat/completions in 0.458404 seconds
2026-04-26 13:42:05,042 - INFO - Retrying request to /chat/completions in 0.983667 seconds
2026-04-26 13:42:05,158 - INFO - Retrying request to /chat/completions in 0.895349 seconds
2026-04-26 13:42:05,349 - INFO - Retrying request to /chat/completions in 0.477573 seconds
2026-04-26 13:42:05,567 - INFO - Retrying request to /chat/completions in 0.998319 seconds
2026-04-26 13:42:05,914 - INFO - Retrying request to /chat/completions in 0.938995 seconds
2026-04-26 13:42:06,251 - INFO - Retrying request to /chat/completions in 0.474472 seconds
2026-04-26 13:42:06,251 - INFO - Retrying request to /chat/completions in 0.458602 seconds
2026-04-26 13:42:06,779 - INFO - Retrying request to /chat/completions in 0.862780 seconds
2026-04-26 13:42:06,785 - INFO - Retrying request to /chat/completions in 0.491056 seconds
2026-04-26 13:42:06,873 - INFO - Retrying request to /chat/completions in 0.943230 seconds
2026-04-26 13:42:07,049 - INFO - Retrying request to /chat/completions in 0.421533 seconds
2026-04-26 13:42:07,356 - INFO - Retrying request to /chat/completions in 0.801309 seconds
2026-04-26 13:42:07,567 - INFO - Retrying request to /chat/completions in 0.978640 seconds
2026-04-26 13:42:07,871 - INFO - Retrying request to /chat/completions in 0.475719 seconds
2026-04-26 13:42:08,035 - INFO - Retrying request to /chat/completions in 0.492257 seconds
2026-04-26 13:42:08,369 - INFO - Retrying request to /chat/completions in 0.466765 seconds
2026-04-26 13:42:08,445 - INFO - Retrying request to /chat/completions in 0.871286 seconds
2026-04-26 13:42:08,625 - INFO - Retrying request to /chat/completions in 0.804737 seconds
2026-04-26 13:42:08,782 - INFO - Retrying request to /chat/completions in 0.447950 seconds
2026-04-26 13:42:08,919 - INFO - Retrying request to /chat/completions in 0.900484 seconds
2026-04-26 13:42:09,313 - INFO - Retrying request to /chat/completions in 0.880128 seconds
2026-04-26 13:42:09,544 - INFO - Retrying request to /chat/completions in 0.432090 seconds
2026-04-26 13:42:09,636 - INFO - Retrying request to /chat/completions in 0.483890 seconds
2026-04-26 13:42:10,016 - INFO - Retrying request to /chat/completions in 0.472621 seconds
2026-04-26 13:42:10,061 - INFO - Retrying request to /chat/completions in 0.963015 seconds
2026-04-26 13:42:10,190 - INFO - Retrying request to /chat/completions in 0.844780 seconds
2026-04-26 13:42:10,420 - INFO - Retrying request to /chat/completions in 0.428442 seconds
2026-04-26 13:42:10,577 - INFO - Retrying request to /chat/completions in 0.837417 seconds
2026-04-26 13:42:10,939 - INFO - Retrying request to /chat/completions in 0.828735 seconds
2026-04-26 13:42:11,243 - INFO - Retrying request to /chat/completions in 0.490103 seconds
2026-04-26 13:42:11,255 - INFO - Retrying request to /chat/completions in 0.486854 seconds
2026-04-26 13:42:11,639 - INFO - Retrying request to /chat/completions in 0.394691 seconds
2026-04-26 13:42:11,828 - INFO - Retrying request to /chat/completions in 0.923044 seconds
2026-04-26 13:42:11,830 - INFO - Retrying request to /chat/completions in 0.852209 seconds
2026-04-26 13:42:12,066 - INFO - Retrying request to /chat/completions in 0.385472 seconds
2026-04-26 13:42:12,108 - INFO - Retrying request to /chat/completions in 0.919353 seconds
2026-04-26 13:42:12,528 - INFO - Retrying request to /chat/completions in 0.825293 seconds
2026-04-26 13:42:12,923 - INFO - Retrying request to /chat/completions in 0.439140 seconds
2026-04-26 13:42:12,969 - INFO - Retrying request to /chat/completions in 0.461619 seconds
2026-04-26 13:42:13,246 - INFO - Retrying request to /chat/completions in 0.476857 seconds
2026-04-26 13:42:13,452 - INFO - Retrying request to /chat/completions in 0.782009 seconds
2026-04-26 13:42:13,522 - INFO - Retrying request to /chat/completions in 0.838089 seconds
2026-04-26 13:42:13,614 - INFO - Retrying request to /chat/completions in 0.491160 seconds
2026-04-26 13:42:13,814 - INFO - Retrying request to /chat/completions in 0.907270 seconds
2026-04-26 13:42:14,204 - INFO - Retrying request to /chat/completions in 0.892962 seconds
2026-04-26 13:42:14,451 - INFO - Retrying request to /chat/completions in 0.391594 seconds
2026-04-26 13:42:14,572 - INFO - Retrying request to /chat/completions in 0.381177 seconds
2026-04-26 13:42:14,915 - INFO - Retrying request to /chat/completions in 0.838579 seconds
2026-04-26 13:42:14,955 - INFO - Retrying request to /chat/completions in 0.497247 seconds
2026-04-26 13:42:15,035 - INFO - Retrying request to /chat/completions in 0.918716 seconds
2026-04-26 13:42:15,310 - INFO - Retrying request to /chat/completions in 0.430590 seconds
2026-04-26 13:42:15,537 - INFO - Retrying request to /chat/completions in 0.795391 seconds
2026-04-26 13:42:15,835 - INFO - Retrying request to /chat/completions in 0.926808 seconds
2026-04-26 13:42:15,976 - INFO - Retrying request to /chat/completions in 0.437238 seconds
2026-04-26 13:42:16,170 - INFO - Retrying request to /chat/completions in 0.424517 seconds
2026-04-26 13:42:16,507 - INFO - Retrying request to /chat/completions in 0.764108 seconds
2026-04-26 13:42:16,570 - INFO - Retrying request to /chat/completions in 0.405058 seconds
2026-04-26 13:42:16,681 - INFO - Retrying request to /chat/completions in 0.865645 seconds
2026-04-26 13:42:16,977 - INFO - Retrying request to /chat/completions in 0.482178 seconds
2026-04-26 13:42:17,066 - INFO - Retrying request to /chat/completions in 0.800192 seconds
2026-04-26 13:42:17,531 - INFO - Retrying request to /chat/completions in 0.495190 seconds
2026-04-26 13:42:17,545 - INFO - Retrying request to /chat/completions in 0.879977 seconds
2026-04-26 13:42:17,767 - INFO - Retrying request to /chat/completions in 0.425214 seconds
2026-04-26 13:42:18,085 - INFO - Retrying request to /chat/completions in 0.409646 seconds
2026-04-26 13:42:18,118 - INFO - Retrying request to /chat/completions in 0.991417 seconds
2026-04-26 13:42:18,264 - INFO - Retrying request to /chat/completions in 0.928143 seconds
2026-04-26 13:42:18,577 - INFO - Retrying request to /chat/completions in 0.848260 seconds
2026-04-26 13:42:18,658 - INFO - Retrying request to /chat/completions in 0.381386 seconds
2026-04-26 13:42:19,112 - INFO - Retrying request to /chat/completions in 0.796738 seconds
2026-04-26 13:42:19,305 - INFO - Retrying request to /chat/completions in 0.391905 seconds
2026-04-26 13:42:19,429 - INFO - Retrying request to /chat/completions in 0.491391 seconds
2026-04-26 13:42:19,668 - INFO - Retrying request to /chat/completions in 0.475550 seconds
2026-04-26 13:42:19,784 - INFO - Retrying request to /chat/completions in 0.904359 seconds
2026-04-26 13:42:20,010 - INFO - Retrying request to /chat/completions in 0.797853 seconds
2026-04-26 13:42:20,163 - INFO - Retrying request to /chat/completions in 0.470639 seconds
2026-04-26 13:42:20,231 - INFO - Retrying request to /chat/completions in 0.813772 seconds
2026-04-26 13:42:20,728 - INFO - Retrying request to /chat/completions in 0.821210 seconds
2026-04-26 13:42:20,898 - INFO - Retrying request to /chat/completions in 0.410898 seconds
2026-04-26 13:42:21,036 - INFO - Retrying request to /chat/completions in 0.443034 seconds
2026-04-26 13:42:21,294 - INFO - Retrying request to /chat/completions in 0.427638 seconds
2026-04-26 13:42:21,372 - INFO - Retrying request to /chat/completions in 0.858757 seconds
2026-04-26 13:42:21,576 - INFO - Retrying request to /chat/completions in 0.959890 seconds
2026-04-26 13:42:21,760 - INFO - Retrying request to /chat/completions in 0.422646 seconds
2026-04-26 13:42:21,808 - INFO - Retrying request to /chat/completions in 0.891833 seconds
2026-04-26 13:42:22,266 - INFO - Retrying request to /chat/completions in 0.803542 seconds
2026-04-26 13:42:22,471 - INFO - Retrying request to /chat/completions in 0.386249 seconds
2026-04-26 13:42:22,748 - INFO - Retrying request to /chat/completions in 0.387250 seconds
2026-04-26 13:42:22,909 - INFO - Retrying request to /chat/completions in 0.465634 seconds
2026-04-26 13:42:22,942 - INFO - Retrying request to /chat/completions in 0.785084 seconds
2026-04-26 13:42:23,237 - INFO - Retrying request to /chat/completions in 0.960335 seconds
2026-04-26 13:42:23,285 - INFO - Retrying request to /chat/completions in 0.468670 seconds
2026-04-26 13:42:23,464 - INFO - Retrying request to /chat/completions in 0.808720 seconds
2026-04-26 13:42:23,838 - INFO - Retrying request to /chat/completions in 0.949237 seconds
2026-04-26 13:42:23,944 - INFO - Retrying request to /chat/completions in 0.426568 seconds
2026-04-26 13:42:24,423 - INFO - Retrying request to /chat/completions in 0.479871 seconds
2026-04-26 13:42:24,451 - INFO - Retrying request to /chat/completions in 0.791681 seconds
2026-04-26 13:42:24,579 - INFO - Retrying request to /chat/completions in 0.413090 seconds
2026-04-26 13:42:24,972 - INFO - Retrying request to /chat/completions in 0.846803 seconds
2026-04-26 13:42:25,004 - INFO - Retrying request to /chat/completions in 0.389240 seconds
2026-04-26 13:42:25,094 - INFO - Retrying request to /chat/completions in 0.793067 seconds
2026-04-26 13:42:25,490 - INFO - Retrying request to /chat/completions in 0.824438 seconds
2026-04-26 13:42:25,493 - INFO - Retrying request to /chat/completions in 0.399192 seconds
2026-04-26 13:42:25,987 - INFO - Retrying request to /chat/completions in 0.948001 seconds
2026-04-26 13:42:26,071 - INFO - Retrying request to /chat/completions in 0.377373 seconds
2026-04-26 13:42:26,083 - INFO - Retrying request to /chat/completions in 0.494879 seconds
2026-04-26 13:42:26,538 - INFO - Retrying request to /chat/completions in 0.380799 seconds
2026-04-26 13:42:26,552 - INFO - Retrying request to /chat/completions in 0.776225 seconds
2026-04-26 13:42:26,650 - INFO - Retrying request to /chat/completions in 0.824949 seconds
2026-04-26 13:42:27,013 - INFO - Retrying request to /chat/completions in 0.769555 seconds
2026-04-26 13:42:27,154 - INFO - Retrying request to /chat/completions in 0.471312 seconds
2026-04-26 13:42:27,579 - INFO - Retrying request to /chat/completions in 0.483882 seconds
2026-04-26 13:42:27,682 - INFO - Retrying request to /chat/completions in 0.400557 seconds
2026-04-26 13:42:27,715 - INFO - Retrying request to /chat/completions in 0.801044 seconds
2026-04-26 13:42:28,017 - INFO - Retrying request to /chat/completions in 0.473253 seconds
2026-04-26 13:42:28,141 - INFO - Retrying request to /chat/completions in 0.996059 seconds
2026-04-26 13:42:28,173 - INFO - Retrying request to /chat/completions in 0.781452 seconds
2026-04-26 13:42:28,579 - INFO - Retrying request to /chat/completions in 0.797076 seconds
2026-04-26 13:42:28,761 - INFO - Retrying request to /chat/completions in 0.445955 seconds
2026-04-26 13:42:29,148 - INFO - Retrying request to /chat/completions in 0.377285 seconds
2026-04-26 13:42:29,285 - INFO - Retrying request to /chat/completions in 0.754872 seconds
2026-04-26 13:42:29,354 - INFO - Retrying request to /chat/completions in 0.489425 seconds
2026-04-26 13:42:29,610 - INFO - Retrying request to /chat/completions in 0.377825 seconds
2026-04-26 13:42:29,626 - INFO - Retrying request to /chat/completions in 0.860645 seconds
2026-04-26 13:42:29,923 - INFO - Retrying request to /chat/completions in 0.782837 seconds
2026-04-26 13:42:30,075 - INFO - Retrying request to /chat/completions in 0.808586 seconds
2026-04-26 13:42:30,230 - INFO - Retrying request to /chat/completions in 0.438390 seconds
2026-04-26 13:42:30,721 - INFO - Retrying request to /chat/completions in 0.455340 seconds
2026-04-26 13:42:30,741 - INFO - Retrying request to /chat/completions in 0.814932 seconds
2026-04-26 13:42:30,967 - INFO - Retrying request to /chat/completions in 0.418920 seconds
2026-04-26 13:42:31,118 - INFO - Retrying request to /chat/completions in 0.438796 seconds
2026-04-26 13:42:31,265 - INFO - Retrying request to /chat/completions in 0.857760 seconds
2026-04-26 13:42:31,468 - INFO - Retrying request to /chat/completions in 0.884961 seconds
2026-04-26 13:42:31,645 - INFO - Retrying request to /chat/completions in 0.865340 seconds
2026-04-26 13:42:31,787 - INFO - Retrying request to /chat/completions in 0.469086 seconds
2026-04-26 13:42:32,358 - INFO - Retrying request to /chat/completions in 0.808025 seconds
2026-04-26 13:42:32,418 - INFO - Retrying request to /chat/completions in 0.375385 seconds
2026-04-26 13:42:32,637 - INFO - Retrying request to /chat/completions in 0.457404 seconds
2026-04-26 13:42:32,843 - INFO - Retrying request to /chat/completions in 0.413359 seconds
2026-04-26 13:42:32,912 - INFO - Retrying request to /chat/completions in 0.976005 seconds
2026-04-26 13:42:33,186 - INFO - Retrying request to /chat/completions in 0.754629 seconds
2026-04-26 13:42:33,391 - INFO - Retrying request to /chat/completions in 0.888797 seconds
2026-04-26 13:42:33,458 - INFO - Retrying request to /chat/completions in 0.478377 seconds
2026-04-26 13:42:34,022 - INFO - Retrying request to /chat/completions in 0.927803 seconds
2026-04-26 13:42:34,078 - INFO - Retrying request to /chat/completions in 0.413193 seconds
2026-04-26 13:42:34,158 - INFO - Retrying request to /chat/completions in 0.392898 seconds
2026-04-26 13:42:34,561 - INFO - Retrying request to /chat/completions in 0.421430 seconds
2026-04-26 13:42:34,577 - INFO - Retrying request to /chat/completions in 0.776659 seconds
2026-04-26 13:42:34,647 - INFO - Retrying request to /chat/completions in 0.775361 seconds
2026-04-26 13:42:35,112 - INFO - Retrying request to /chat/completions in 0.969280 seconds
2026-04-26 13:42:35,254 - INFO - Retrying request to /chat/completions in 0.480252 seconds
2026-04-26 13:42:35,726 - INFO - Retrying request to /chat/completions in 0.431934 seconds
2026-04-26 13:42:35,734 - INFO - Retrying request to /chat/completions in 0.454101 seconds
2026-04-26 13:42:35,799 - INFO - Retrying request to /chat/completions in 0.984596 seconds
2026-04-26 13:42:36,259 - INFO - Retrying request to /chat/completions in 0.917229 seconds
2026-04-26 13:42:36,275 - INFO - Retrying request to /chat/completions in 0.904582 seconds
2026-04-26 13:42:36,308 - INFO - Retrying request to /chat/completions in 0.458916 seconds
2026-04-26 13:42:36,866 - INFO - Retrying request to /chat/completions in 0.785154 seconds
2026-04-26 13:42:37,015 - INFO - Retrying request to /chat/completions in 0.397434 seconds
2026-04-26 13:42:37,414 - INFO - Retrying request to /chat/completions in 0.419409 seconds
2026-04-26 13:42:37,437 - INFO - Retrying request to /chat/completions in 0.495855 seconds
2026-04-26 13:42:37,494 - INFO - Retrying request to /chat/completions in 0.944893 seconds
2026-04-26 13:42:37,859 - INFO - Retrying request to /chat/completions in 0.418365 seconds
2026-04-26 13:42:37,921 - INFO - Retrying request to /chat/completions in 0.921201 seconds
2026-04-26 13:42:38,013 - INFO - Retrying request to /chat/completions in 0.776918 seconds
2026-04-26 13:42:38,341 - INFO - Retrying request to /chat/completions in 0.983753 seconds
2026-04-26 13:42:38,690 - INFO - Retrying request to /chat/completions in 0.411793 seconds
2026-04-26 13:42:39,024 - INFO - Retrying request to /chat/completions in 0.479261 seconds
2026-04-26 13:42:39,034 - INFO - Retrying request to /chat/completions in 0.417755 seconds
2026-04-26 13:42:39,197 - INFO - Retrying request to /chat/completions in 0.997999 seconds
2026-04-26 13:42:39,535 - INFO - Retrying request to /chat/completions in 0.915327 seconds
2026-04-26 13:42:39,554 - INFO - Retrying request to /chat/completions in 0.406457 seconds
2026-04-26 13:42:39,583 - INFO - Retrying request to /chat/completions in 0.781187 seconds
2026-04-26 13:42:40,067 - INFO - Retrying request to /chat/completions in 0.838912 seconds
2026-04-26 13:42:40,420 - INFO - Retrying request to /chat/completions in 0.432512 seconds
2026-04-26 13:42:40,602 - INFO - Retrying request to /chat/completions in 0.401119 seconds
2026-04-26 13:42:40,667 - INFO - Retrying request to /chat/completions in 0.497672 seconds
2026-04-26 13:42:40,926 - INFO - Retrying request to /chat/completions in 0.910687 seconds
2026-04-26 13:42:41,090 - INFO - Retrying request to /chat/completions in 0.830510 seconds
2026-04-26 13:42:41,140 - INFO - Retrying request to /chat/completions in 0.397163 seconds
2026-04-26 13:42:41,257 - INFO - Retrying request to /chat/completions in 0.896800 seconds
2026-04-26 13:42:41,645 - INFO - Retrying request to /chat/completions in 0.965835 seconds
2026-04-26 13:42:42,045 - INFO - Retrying request to /chat/completions in 0.457211 seconds
2026-04-26 13:42:42,138 - INFO - Retrying request to /chat/completions in 0.472707 seconds
2026-04-26 13:42:42,383 - INFO - Retrying request to /chat/completions in 0.426755 seconds
2026-04-26 13:42:42,594 - INFO - Retrying request to /chat/completions in 0.879624 seconds
2026-04-26 13:42:42,685 - INFO - Retrying request to /chat/completions in 0.934917 seconds
2026-04-26 13:42:42,827 - INFO - Retrying request to /chat/completions in 0.407480 seconds
2026-04-26 13:42:42,890 - INFO - Retrying request to /chat/completions in 0.946263 seconds
2026-04-26 13:42:43,333 - INFO - Retrying request to /chat/completions in 0.832961 seconds
2026-04-26 13:42:43,713 - INFO - Retrying request to /chat/completions in 0.377104 seconds
2026-04-26 13:42:43,841 - INFO - Retrying request to /chat/completions in 0.475251 seconds
2026-04-26 13:42:44,076 - INFO - Retrying request to /chat/completions in 0.443113 seconds
2026-04-26 13:42:44,188 - INFO - Retrying request to /chat/completions in 0.877213 seconds
2026-04-26 13:42:44,390 - INFO - Retrying request to /chat/completions in 0.431860 seconds
2026-04-26 13:42:44,400 - INFO - Retrying request to /chat/completions in 0.847761 seconds
2026-04-26 13:42:44,610 - INFO - Retrying request to /chat/completions in 0.945066 seconds
2026-04-26 13:42:44,916 - INFO - Retrying request to /chat/completions in 0.973757 seconds
2026-04-26 13:42:45,307 - INFO - Retrying request to /chat/completions in 0.489940 seconds
2026-04-26 13:42:45,457 - INFO - Retrying request to /chat/completions in 0.475234 seconds
2026-04-26 13:42:45,805 - INFO - Retrying request to /chat/completions in 0.478927 seconds
2026-04-26 13:42:45,875 - INFO - Retrying request to /chat/completions in 0.964105 seconds
2026-04-26 13:42:46,014 - INFO - Retrying request to /chat/completions in 0.938347 seconds
2026-04-26 13:42:46,106 - INFO - Retrying request to /chat/completions in 0.457346 seconds
2026-04-26 13:42:46,373 - INFO - Retrying request to /chat/completions in 0.971590 seconds
2026-04-26 13:42:46,639 - INFO - Retrying request to /chat/completions in 0.946423 seconds
2026-04-26 13:42:47,098 - INFO - Retrying request to /chat/completions in 0.473574 seconds
2026-04-26 13:42:47,170 - INFO - Retrying request to /chat/completions in 0.485029 seconds
2026-04-26 13:42:47,556 - INFO - Retrying request to /chat/completions in 0.379260 seconds
2026-04-26 13:42:47,670 - INFO - Retrying request to /chat/completions in 0.929373 seconds
2026-04-26 13:42:47,812 - INFO - Retrying request to /chat/completions in 0.903906 seconds
2026-04-26 13:42:47,858 - INFO - Retrying request to /chat/completions in 0.469367 seconds
2026-04-26 13:42:48,018 - INFO - Retrying request to /chat/completions in 0.852286 seconds
2026-04-26 13:42:48,396 - INFO - Retrying request to /chat/completions in 0.829527 seconds
2026-04-26 13:42:48,842 - INFO - Retrying request to /chat/completions in 0.467590 seconds
2026-04-26 13:42:48,941 - INFO - Retrying request to /chat/completions in 0.380836 seconds
2026-04-26 13:42:49,096 - INFO - Retrying request to /chat/completions in 0.440770 seconds
2026-04-26 13:42:49,390 - INFO - Retrying request to /chat/completions in 0.814576 seconds
2026-04-26 13:42:49,401 - INFO - Retrying request to /chat/completions in 0.807884 seconds
2026-04-26 13:42:49,449 - INFO - Retrying request to /chat/completions in 0.436844 seconds
2026-04-26 13:42:49,621 - INFO - Retrying request to /chat/completions in 0.880569 seconds
2026-04-26 13:42:49,971 - INFO - Retrying request to /chat/completions in 0.764684 seconds
2026-04-26 13:42:50,410 - INFO - Retrying request to /chat/completions in 0.394803 seconds
2026-04-26 13:42:50,423 - INFO - Retrying request to /chat/completions in 0.424162 seconds
2026-04-26 13:42:50,762 - INFO - Retrying request to /chat/completions in 0.408306 seconds
2026-04-26 13:42:50,898 - INFO - Retrying request to /chat/completions in 0.802200 seconds
2026-04-26 13:42:50,934 - INFO - Retrying request to /chat/completions in 0.816627 seconds
2026-04-26 13:42:50,965 - INFO - Retrying request to /chat/completions in 0.482196 seconds
2026-04-26 13:42:51,271 - INFO - Retrying request to /chat/completions in 0.880196 seconds
2026-04-26 13:42:51,532 - INFO - Retrying request to /chat/completions in 0.837546 seconds
2026-04-26 13:42:51,946 - INFO - Retrying request to /chat/completions in 0.483807 seconds
2026-04-26 13:42:51,961 - INFO - Retrying request to /chat/completions in 0.389248 seconds
2026-04-26 13:42:52,367 - INFO - Retrying request to /chat/completions in 0.458530 seconds
2026-04-26 13:42:52,433 - INFO - Retrying request to /chat/completions in 0.867285 seconds
2026-04-26 13:42:52,526 - INFO - Retrying request to /chat/completions in 0.791113 seconds
2026-04-26 13:42:52,611 - INFO - Retrying request to /chat/completions in 0.481141 seconds
2026-04-26 13:42:52,905 - INFO - Retrying request to /chat/completions in 0.766018 seconds
2026-04-26 13:42:53,189 - INFO - Retrying request to /chat/completions in 0.943687 seconds
2026-04-26 13:42:53,540 - INFO - Retrying request to /chat/completions in 0.385827 seconds
2026-04-26 13:42:53,547 - INFO - Retrying request to /chat/completions in 0.420245 seconds
2026-04-26 13:42:53,897 - INFO - Retrying request to /chat/completions in 0.390007 seconds
2026-04-26 13:42:54,036 - INFO - Retrying request to /chat/completions in 0.777442 seconds
2026-04-26 13:42:54,048 - INFO - Retrying request to /chat/completions in 0.830082 seconds
2026-04-26 13:42:54,360 - INFO - Retrying request to /chat/completions in 0.889522 seconds
2026-04-26 13:42:54,360 - INFO - Retrying request to /chat/completions in 0.387848 seconds
2026-04-26 13:42:54,841 - INFO - Retrying request to /chat/completions in 0.818653 seconds
2026-04-26 13:42:55,048 - INFO - Retrying request to /chat/completions in 0.468959 seconds
2026-04-26 13:42:55,143 - INFO - Retrying request to /chat/completions in 0.447357 seconds
2026-04-26 13:42:55,482 - INFO - Retrying request to /chat/completions in 0.435312 seconds
2026-04-26 13:42:55,620 - INFO - Retrying request to /chat/completions in 0.971647 seconds
2026-04-26 13:42:55,685 - INFO - Retrying request to /chat/completions in 0.996342 seconds
2026-04-26 13:42:55,892 - INFO - Retrying request to /chat/completions in 0.472606 seconds
2026-04-26 13:42:56,009 - INFO - Retrying request to /chat/completions in 0.936006 seconds
2026-04-26 13:42:56,437 - INFO - Retrying request to /chat/completions in 0.796452 seconds
2026-04-26 13:42:56,835 - INFO - Retrying request to /chat/completions in 0.458802 seconds
2026-04-26 13:42:56,909 - INFO - Retrying request to /chat/completions in 0.474846 seconds
2026-04-26 13:42:57,170 - INFO - Retrying request to /chat/completions in 0.469386 seconds
2026-04-26 13:42:57,377 - INFO - Retrying request to /chat/completions in 0.756072 seconds
2026-04-26 13:42:57,452 - INFO - Retrying request to /chat/completions in 0.380162 seconds
2026-04-26 13:42:57,476 - INFO - Retrying request to /chat/completions in 0.957291 seconds
2026-04-26 13:42:57,725 - INFO - Retrying request to /chat/completions in 0.831154 seconds
2026-04-26 13:42:57,914 - INFO - Retrying request to /chat/completions in 0.950803 seconds
2026-04-26 13:42:58,361 - INFO - Retrying request to /chat/completions in 0.470695 seconds
2026-04-26 13:42:58,670 - INFO - Retrying request to /chat/completions in 0.383132 seconds
2026-04-26 13:42:58,767 - INFO - Retrying request to /chat/completions in 0.384035 seconds
2026-04-26 13:42:58,937 - INFO - Retrying request to /chat/completions in 0.848555 seconds
2026-04-26 13:42:59,103 - INFO - Retrying request to /chat/completions in 0.442808 seconds
2026-04-26 13:42:59,134 - INFO - Retrying request to /chat/completions in 0.860756 seconds
2026-04-26 13:42:59,237 - INFO - Retrying request to /chat/completions in 0.954396 seconds
2026-04-26 13:42:59,629 - INFO - Retrying request to /chat/completions in 0.991688 seconds
2026-04-26 13:43:00,020 - INFO - Retrying request to /chat/completions in 0.405611 seconds
2026-04-26 13:43:00,235 - INFO - Retrying request to /chat/completions in 0.473479 seconds
2026-04-26 13:43:00,437 - INFO - Retrying request to /chat/completions in 0.385284 seconds
2026-04-26 13:43:00,517 - INFO - Retrying request to /chat/completions in 0.822507 seconds
2026-04-26 13:43:00,795 - INFO - Retrying request to /chat/completions in 0.931198 seconds
2026-04-26 13:43:00,879 - INFO - Retrying request to /chat/completions in 0.399831 seconds
2026-04-26 13:43:00,894 - INFO - Retrying request to /chat/completions in 0.811384 seconds
2026-04-26 13:43:01,370 - INFO - Retrying request to /chat/completions in 0.753963 seconds
2026-04-26 13:43:01,613 - INFO - Retrying request to /chat/completions in 0.384223 seconds
2026-04-26 13:43:01,941 - INFO - Retrying request to /chat/completions in 0.394748 seconds
2026-04-26 13:43:01,942 - INFO - Retrying request to /chat/completions in 0.442101 seconds
2026-04-26 13:43:02,081 - INFO - Retrying request to /chat/completions in 0.891756 seconds
2026-04-26 13:43:02,361 - INFO - Retrying request to /chat/completions in 0.385489 seconds
2026-04-26 13:43:02,425 - INFO - Retrying request to /chat/completions in 0.891429 seconds
2026-04-26 13:43:02,657 - INFO - Retrying request to /chat/completions in 0.938001 seconds
2026-04-26 13:43:02,841 - INFO - Retrying request to /chat/completions in 0.924543 seconds
2026-04-26 13:43:03,227 - INFO - Retrying request to /chat/completions in 0.431956 seconds
2026-04-26 13:43:03,576 - INFO - Retrying request to /chat/completions in 0.449109 seconds
2026-04-26 13:43:03,749 - INFO - Retrying request to /chat/completions in 0.752668 seconds
2026-04-26 13:43:03,851 - INFO - Retrying request to /chat/completions in 0.446664 seconds
2026-04-26 13:43:04,012 - INFO - Retrying request to /chat/completions in 0.485554 seconds
2026-04-26 13:43:04,106 - INFO - Retrying request to /chat/completions in 0.967327 seconds
2026-04-26 13:43:04,390 - INFO - Retrying request to /chat/completions in 0.908152 seconds
2026-04-26 13:43:04,583 - INFO - Retrying request to /chat/completions in 0.900814 seconds
2026-04-26 13:43:04,725 - INFO - Retrying request to /chat/completions in 0.484271 seconds
2026-04-26 13:43:05,284 - INFO - Retrying request to /chat/completions in 0.459641 seconds
2026-04-26 13:43:05,286 - INFO - Retrying request to /chat/completions in 0.816680 seconds
2026-04-26 13:43:05,526 - INFO - Retrying request to /chat/completions in 0.387128 seconds
2026-04-26 13:43:05,689 - INFO - Retrying request to /chat/completions in 0.394868 seconds
2026-04-26 13:43:05,842 - INFO - Retrying request to /chat/completions in 0.805068 seconds
2026-04-26 13:43:05,991 - INFO - Retrying request to /chat/completions in 0.895366 seconds
2026-04-26 13:43:06,180 - INFO - Retrying request to /chat/completions in 0.753283 seconds
2026-04-26 13:43:06,350 - INFO - Retrying request to /chat/completions in 0.422399 seconds
2026-04-26 13:43:06,854 - INFO - Retrying request to /chat/completions in 0.931140 seconds
2026-04-26 13:43:06,875 - INFO - Retrying request to /chat/completions in 0.462236 seconds
2026-04-26 13:43:07,121 - INFO - Retrying request to /chat/completions in 0.411462 seconds
2026-04-26 13:43:07,209 - INFO - Retrying request to /chat/completions in 0.415604 seconds
2026-04-26 13:43:07,430 - INFO - Retrying request to /chat/completions in 0.824948 seconds
2026-04-26 13:43:07,632 - INFO - Retrying request to /chat/completions in 0.759394 seconds
2026-04-26 13:43:07,713 - INFO - Retrying request to /chat/completions in 0.773899 seconds
2026-04-26 13:43:08,030 - INFO - Retrying request to /chat/completions in 0.386993 seconds
2026-04-26 13:43:08,479 - INFO - Retrying request to /chat/completions in 0.438323 seconds
2026-04-26 13:43:08,579 - INFO - Retrying request to /chat/completions in 0.765972 seconds
2026-04-26 13:43:08,653 - INFO - Retrying request to /chat/completions in 0.400384 seconds
2026-04-26 13:43:08,705 - INFO - Retrying request to /chat/completions in 0.460882 seconds
2026-04-26 13:43:09,001 - INFO - Retrying request to /chat/completions in 0.761608 seconds
2026-04-26 13:43:09,136 - INFO - Retrying request to /chat/completions in 0.818657 seconds
2026-04-26 13:43:09,244 - INFO - Retrying request to /chat/completions in 0.779676 seconds
2026-04-26 13:43:09,612 - INFO - Retrying request to /chat/completions in 0.455816 seconds
2026-04-26 13:43:10,004 - INFO - Retrying request to /chat/completions in 0.498697 seconds
2026-04-26 13:43:10,148 - INFO - Retrying request to /chat/completions in 0.851941 seconds
2026-04-26 13:43:10,197 - INFO - Retrying request to /chat/completions in 0.486817 seconds
2026-04-26 13:43:10,198 - INFO - Retrying request to /chat/completions in 0.472971 seconds
2026-04-26 13:43:10,585 - INFO - Retrying request to /chat/completions in 0.847914 seconds
2026-04-26 13:43:10,776 - INFO - Retrying request to /chat/completions in 0.803514 seconds
2026-04-26 13:43:10,777 - INFO - Retrying request to /chat/completions in 0.994576 seconds
2026-04-26 13:43:11,230 - INFO - Retrying request to /chat/completions in 0.498106 seconds
2026-04-26 13:43:11,682 - INFO - Retrying request to /chat/completions in 0.478807 seconds
2026-04-26 13:43:11,810 - INFO - Retrying request to /chat/completions in 0.427812 seconds
2026-04-26 13:43:11,821 - INFO - Retrying request to /chat/completions in 0.807223 seconds
2026-04-26 13:43:12,003 - INFO - Retrying request to /chat/completions in 0.468877 seconds
2026-04-26 13:43:12,241 - INFO - Retrying request to /chat/completions in 0.787372 seconds
2026-04-26 13:43:12,327 - INFO - Retrying request to /chat/completions in 0.908726 seconds
2026-04-26 13:43:12,554 - INFO - Retrying request to /chat/completions in 0.828581 seconds
2026-04-26 13:43:12,870 - INFO - Retrying request to /chat/completions in 0.405799 seconds
2026-04-26 13:43:13,304 - INFO - Retrying request to /chat/completions in 0.470258 seconds
2026-04-26 13:43:13,362 - INFO - Retrying request to /chat/completions in 0.904138 seconds
2026-04-26 13:43:13,484 - INFO - Retrying request to /chat/completions in 0.427999 seconds
2026-04-26 13:43:13,629 - INFO - Retrying request to /chat/completions in 0.453612 seconds
2026-04-26 13:43:13,841 - INFO - Retrying request to /chat/completions in 0.995388 seconds
2026-04-26 13:43:13,996 - INFO - Retrying request to /chat/completions in 0.769909 seconds
2026-04-26 13:43:14,174 - INFO - Retrying request to /chat/completions in 0.925948 seconds
2026-04-26 13:43:14,630 - INFO - Retrying request to /chat/completions in 0.450083 seconds
2026-04-26 13:43:15,009 - INFO - Retrying request to /chat/completions in 0.376995 seconds
2026-04-26 13:43:15,066 - INFO - Retrying request to /chat/completions in 0.397380 seconds
2026-04-26 13:43:15,149 - INFO - Retrying request to /chat/completions in 0.937701 seconds
2026-04-26 13:43:15,331 - INFO - Retrying request to /chat/completions in 0.451651 seconds
2026-04-26 13:43:15,471 - INFO - Retrying request to /chat/completions in 0.762175 seconds
2026-04-26 13:43:15,531 - INFO - Retrying request to /chat/completions in 0.760187 seconds
2026-04-26 13:43:15,867 - INFO - Retrying request to /chat/completions in 0.846332 seconds
2026-04-26 13:43:16,322 - INFO - Retrying request to /chat/completions in 0.425542 seconds
2026-04-26 13:43:16,481 - INFO - Retrying request to /chat/completions in 0.456577 seconds
2026-04-26 13:43:16,485 - INFO - Retrying request to /chat/completions in 0.402517 seconds
2026-04-26 13:43:16,835 - INFO - Retrying request to /chat/completions in 0.966759 seconds
2026-04-26 13:43:16,938 - INFO - Retrying request to /chat/completions in 0.393478 seconds
2026-04-26 13:43:16,973 - INFO - Retrying request to /chat/completions in 0.838632 seconds
2026-04-26 13:43:17,035 - INFO - Retrying request to /chat/completions in 0.764550 seconds
2026-04-26 13:43:17,406 - INFO - Retrying request to /chat/completions in 0.921498 seconds
2026-04-26 13:43:18,039 - INFO - Retrying request to /chat/completions in 0.467330 seconds
2026-04-26 13:43:18,053 - INFO - Retrying request to /chat/completions in 0.464793 seconds
2026-04-26 13:43:18,061 - INFO - Retrying request to /chat/completions in 0.477074 seconds
2026-04-26 13:43:18,598 - INFO - Retrying request to /chat/completions in 0.759273 seconds
2026-04-26 13:43:18,599 - INFO - Retrying request to /chat/completions in 0.470793 seconds
2026-04-26 13:43:18,603 - INFO - Retrying request to /chat/completions in 0.919372 seconds
2026-04-26 13:43:18,692 - INFO - Retrying request to /chat/completions in 0.977172 seconds
2026-04-26 13:43:19,142 - INFO - Retrying request to /chat/completions in 0.886937 seconds
2026-04-26 13:43:19,575 - INFO - Retrying request to /chat/completions in 0.389841 seconds
2026-04-26 13:43:19,780 - INFO - Retrying request to /chat/completions in 0.424509 seconds
2026-04-26 13:43:19,918 - INFO - Retrying request to /chat/completions in 0.464803 seconds
2026-04-26 13:43:20,052 - INFO - Retrying request to /chat/completions in 0.899840 seconds
2026-04-26 13:43:20,261 - INFO - Retrying request to /chat/completions in 0.459311 seconds
2026-04-26 13:43:20,287 - INFO - Retrying request to /chat/completions in 0.901550 seconds
2026-04-26 13:43:20,474 - INFO - Retrying request to /chat/completions in 0.900223 seconds
2026-04-26 13:43:20,819 - INFO - Retrying request to /chat/completions in 0.972405 seconds
2026-04-26 13:43:21,190 - INFO - Retrying request to /chat/completions in 0.390626 seconds
2026-04-26 13:43:21,427 - INFO - Retrying request to /chat/completions in 0.453118 seconds
2026-04-26 13:43:21,596 - INFO - Retrying request to /chat/completions in 0.422493 seconds
2026-04-26 13:43:21,664 - INFO - Retrying request to /chat/completions in 0.756807 seconds
2026-04-26 13:43:21,974 - INFO - Retrying request to /chat/completions in 0.900711 seconds
2026-04-26 13:43:22,027 - INFO - Retrying request to /chat/completions in 0.377410 seconds
2026-04-26 13:43:22,102 - INFO - Retrying request to /chat/completions in 0.971123 seconds
2026-04-26 13:43:22,490 - INFO - Retrying request to /chat/completions in 0.845538 seconds
2026-04-26 13:43:22,658 - INFO - Retrying request to /chat/completions in 0.467567 seconds
2026-04-26 13:43:23,136 - INFO - Retrying request to /chat/completions in 0.392401 seconds
2026-04-26 13:43:23,218 - INFO - Retrying request to /chat/completions in 0.784987 seconds
2026-04-26 13:43:23,347 - INFO - Retrying request to /chat/completions in 0.432872 seconds
2026-04-26 13:43:23,595 - INFO - Retrying request to /chat/completions in 0.455335 seconds
2026-04-26 13:43:23,614 - INFO - Retrying request to /chat/completions in 0.802979 seconds
2026-04-26 13:43:23,859 - INFO - Retrying request to /chat/completions in 0.817633 seconds
2026-04-26 13:43:24,145 - INFO - Retrying request to /chat/completions in 0.993888 seconds
2026-04-26 13:43:24,242 - INFO - Retrying request to /chat/completions in 0.493744 seconds
2026-04-26 13:43:24,672 - INFO - Retrying request to /chat/completions in 0.487530 seconds
2026-04-26 13:43:24,831 - INFO - Retrying request to /chat/completions in 0.752053 seconds
2026-04-26 13:43:24,897 - INFO - Retrying request to /chat/completions in 0.417781 seconds
2026-04-26 13:43:25,249 - INFO - Retrying request to /chat/completions in 0.917665 seconds
2026-04-26 13:43:25,360 - INFO - Retrying request to /chat/completions in 0.491729 seconds
2026-04-26 13:43:25,411 - INFO - Retrying request to /chat/completions in 0.798777 seconds
2026-04-26 13:43:25,821 - INFO - Retrying request to /chat/completions in 0.418455 seconds
2026-04-26 13:43:25,940 - INFO - Retrying request to /chat/completions in 0.852847 seconds
2026-04-26 13:43:26,345 - INFO - Retrying request to /chat/completions in 0.968534 seconds
2026-04-26 13:43:26,404 - INFO - Retrying request to /chat/completions in 0.430917 seconds
2026-04-26 13:43:26,413 - INFO - Retrying request to /chat/completions in 0.419372 seconds
2026-04-26 13:43:26,902 - INFO - Retrying request to /chat/completions in 0.888203 seconds
2026-04-26 13:43:26,915 - INFO - Retrying request to /chat/completions in 0.932742 seconds
2026-04-26 13:43:27,040 - INFO - Retrying request to /chat/completions in 0.409431 seconds
2026-04-26 13:43:27,526 - INFO - Retrying request to /chat/completions in 0.815709 seconds
2026-04-26 13:43:27,563 - INFO - Retrying request to /chat/completions in 0.457933 seconds
2026-04-26 13:43:28,038 - INFO - Retrying request to /chat/completions in 0.413877 seconds
2026-04-26 13:43:28,107 - INFO - Retrying request to /chat/completions in 0.797164 seconds
2026-04-26 13:43:28,122 - INFO - Retrying request to /chat/completions in 0.491200 seconds
2026-04-26 13:43:28,529 - INFO - Retrying request to /chat/completions in 0.815952 seconds
2026-04-26 13:43:28,579 - INFO - Retrying request to /chat/completions in 0.395583 seconds
2026-04-26 13:43:28,710 - INFO - Retrying request to /chat/completions in 0.819724 seconds
2026-04-26 13:43:29,066 - INFO - Retrying request to /chat/completions in 0.967056 seconds
2026-04-26 13:43:29,142 - INFO - Retrying request to /chat/completions in 0.453757 seconds
2026-04-26 13:43:29,589 - INFO - Retrying request to /chat/completions in 0.416893 seconds
2026-04-26 13:43:29,683 - INFO - Retrying request to /chat/completions in 0.765862 seconds
2026-04-26 13:43:29,855 - INFO - Retrying request to /chat/completions in 0.447396 seconds
2026-04-26 13:43:30,101 - INFO - Retrying request to /chat/completions in 0.971936 seconds
2026-04-26 13:43:30,288 - INFO - Retrying request to /chat/completions in 0.442866 seconds
2026-04-26 13:43:30,397 - INFO - Retrying request to /chat/completions in 0.998424 seconds
2026-04-26 13:43:30,733 - INFO - Retrying request to /chat/completions in 0.455299 seconds
2026-04-26 13:43:30,816 - INFO - Retrying request to /chat/completions in 0.891998 seconds
2026-04-26 13:43:31,348 - INFO - Retrying request to /chat/completions in 0.472593 seconds
2026-04-26 13:43:31,366 - INFO - Retrying request to /chat/completions in 0.990938 seconds
2026-04-26 13:43:31,627 - INFO - Retrying request to /chat/completions in 0.468516 seconds
2026-04-26 13:43:31,915 - INFO - Retrying request to /chat/completions in 0.810844 seconds
2026-04-26 13:43:31,938 - INFO - Retrying request to /chat/completions in 0.460490 seconds
2026-04-26 13:43:32,184 - INFO - Retrying request to /chat/completions in 0.889898 seconds
2026-04-26 13:43:32,488 - INFO - Retrying request to /chat/completions in 0.982800 seconds
2026-04-26 13:43:32,594 - INFO - Retrying request to /chat/completions in 0.435440 seconds
2026-04-26 13:43:32,959 - INFO - Retrying request to /chat/completions in 0.415194 seconds
2026-04-26 13:43:33,128 - INFO - Retrying request to /chat/completions in 0.898491 seconds
2026-04-26 13:43:33,335 - INFO - Retrying request to /chat/completions in 0.376033 seconds
2026-04-26 13:43:33,448 - INFO - Retrying request to /chat/completions in 0.867171 seconds
2026-04-26 13:43:33,716 - INFO - Retrying request to /chat/completions in 0.495641 seconds
2026-04-26 13:43:33,801 - INFO - Retrying request to /chat/completions in 0.993903 seconds
2026-04-26 13:43:34,294 - INFO - Retrying request to /chat/completions in 0.956052 seconds
2026-04-26 13:43:34,295 - INFO - Retrying request to /chat/completions in 0.376716 seconds
2026-04-26 13:43:34,532 - INFO - Retrying request to /chat/completions in 0.409949 seconds
2026-04-26 13:43:34,754 - INFO - Retrying request to /chat/completions in 0.883683 seconds
2026-04-26 13:43:35,018 - INFO - Retrying request to /chat/completions in 0.412776 seconds
2026-04-26 13:43:35,044 - INFO - Retrying request to /chat/completions in 0.880434 seconds
2026-04-26 13:43:35,518 - INFO - Retrying request to /chat/completions in 0.436021 seconds
2026-04-26 13:43:35,520 - INFO - Retrying request to /chat/completions in 0.847992 seconds
2026-04-26 13:43:35,871 - INFO - Retrying request to /chat/completions in 0.489095 seconds
2026-04-26 13:43:36,055 - INFO - Retrying request to /chat/completions in 0.807162 seconds
2026-04-26 13:43:36,143 - INFO - Retrying request to /chat/completions in 0.402460 seconds
2026-04-26 13:43:36,445 - INFO - Retrying request to /chat/completions in 0.874201 seconds
2026-04-26 13:43:36,642 - INFO - Retrying request to /chat/completions in 0.951713 seconds
Running helper LM: 100%|██████████ 500/500 LM calls [03:17<00:00,  2.53it/s]Running helper LM: 100%|██████████ 500/500 LM calls [03:17<00:00,  2.53it/s]
Traceback (most recent call last):
  File "/mnt/e/Semantic Operators/SemBench/my_benchmark/paper/runner/lotus_r_Q3_t1.py", line 83, in <module>
    output = papers.sem_filter(
             ^^^^^^^^^^^^^^^^^^
  File "/home/littl/miniconda3/envs/sembench/lib/python3.12/site-packages/lotus/cache.py", line 93, in wrapper
    return func(self, *args, **kwargs)
           ^^^^^^^^^^^^^^^^^^^^^^^^^^^
  File "/home/littl/miniconda3/envs/sembench/lib/python3.12/site-packages/lotus/sem_ops/sem_filter.py", line 263, in __call__
    helper_output = sem_filter(
                    ^^^^^^^^^^^
  File "/home/littl/miniconda3/envs/sembench/lib/python3.12/site-packages/lotus/sem_ops/sem_filter.py", line 77, in sem_filter
    lm_output: LMOutput = model(
                          ^^^^^^
  File "/home/littl/miniconda3/envs/sembench/lib/python3.12/site-packages/lotus/models/lm.py", line 119, in __call__
    outputs = [self._get_top_choice(resp) for resp in all_responses]
               ^^^^^^^^^^^^^^^^^^^^^^^^^^
  File "/home/littl/miniconda3/envs/sembench/lib/python3.12/site-packages/lotus/models/lm.py", line 214, in _get_top_choice
    choice = response.choices[0]
             ^^^^^^^^^^^^^^^^
AttributeError: 'RateLimitError' object has no attribute 'choices'
