2026-04-26 13:36:56,472 - INFO - Use pytorch device_name: cuda
2026-04-26 13:36:56,472 - INFO - Load pretrained SentenceTransformer: intfloat/e5-base-v2
[t1] Paper Q3 | approximate (recall=0.8, precision=0.8)
Papers: 500

Running helper LM:   0%|           0/500 LM calls [00:00<?, ?it/s]2026-04-26 13:36:58,390 - INFO - Retrying request to /chat/completions in 0.400709 seconds
2026-04-26 13:36:58,409 - INFO - Retrying request to /chat/completions in 0.435321 seconds
2026-04-26 13:36:58,796 - INFO - Retrying request to /chat/completions in 0.402554 seconds
2026-04-26 13:36:58,935 - INFO - Retrying request to /chat/completions in 0.384705 seconds
2026-04-26 13:36:58,946 - INFO - Retrying request to /chat/completions in 0.948019 seconds
2026-04-26 13:36:59,277 - INFO - Retrying request to /chat/completions in 0.990858 seconds
2026-04-26 13:36:59,282 - INFO - Retrying request to /chat/completions in 0.444773 seconds
2026-04-26 13:36:59,409 - INFO - Retrying request to /chat/completions in 0.947188 seconds
2026-04-26 13:36:59,812 - INFO - Retrying request to /chat/completions in 0.867927 seconds
2026-04-26 13:37:00,095 - INFO - Retrying request to /chat/completions in 0.469857 seconds
2026-04-26 13:37:00,451 - INFO - Retrying request to /chat/completions in 0.401461 seconds
2026-04-26 13:37:00,520 - INFO - Retrying request to /chat/completions in 0.431802 seconds
2026-04-26 13:37:00,875 - INFO - Retrying request to /chat/completions in 0.404283 seconds
2026-04-26 13:37:01,012 - INFO - Retrying request to /chat/completions in 0.399605 seconds
2026-04-26 13:37:01,020 - INFO - Retrying request to /chat/completions in 0.911542 seconds
2026-04-26 13:37:01,021 - INFO - Retrying request to /chat/completions in 0.950149 seconds
2026-04-26 13:37:01,369 - INFO - Retrying request to /chat/completions in 0.841732 seconds
2026-04-26 13:37:01,503 - INFO - Retrying request to /chat/completions in 0.864373 seconds
2026-04-26 13:37:02,130 - INFO - Retrying request to /chat/completions in 0.410413 seconds
2026-04-26 13:37:02,167 - INFO - Retrying request to /chat/completions in 0.499693 seconds
2026-04-26 13:37:02,417 - INFO - Retrying request to /chat/completions in 0.477717 seconds
2026-04-26 13:37:02,547 - INFO - Retrying request to /chat/completions in 0.479594 seconds
2026-04-26 13:37:02,628 - INFO - Retrying request to /chat/completions in 0.890415 seconds
2026-04-26 13:37:02,766 - INFO - Retrying request to /chat/completions in 0.892075 seconds
2026-04-26 13:37:02,990 - INFO - Retrying request to /chat/completions in 0.969963 seconds
2026-04-26 13:37:03,093 - INFO - Retrying request to /chat/completions in 0.758287 seconds
2026-04-26 13:37:03,720 - INFO - Retrying request to /chat/completions in 0.490891 seconds
2026-04-26 13:37:03,843 - INFO - Retrying request to /chat/completions in 0.492668 seconds
2026-04-26 13:37:04,033 - INFO - Retrying request to /chat/completions in 0.497349 seconds
2026-04-26 13:37:04,413 - INFO - Retrying request to /chat/completions in 0.857127 seconds
2026-04-26 13:37:04,581 - INFO - Retrying request to /chat/completions in 0.426019 seconds
2026-04-26 13:37:04,608 - INFO - Retrying request to /chat/completions in 0.475441 seconds
2026-04-26 13:37:04,632 - INFO - Retrying request to /chat/completions in 0.842736 seconds
2026-04-26 13:37:05,088 - INFO - Retrying request to /chat/completions in 0.846423 seconds
2026-04-26 13:37:05,168 - INFO - Retrying request to /chat/completions in 0.847809 seconds
2026-04-26 13:37:05,481 - INFO - Retrying request to /chat/completions in 0.400021 seconds
2026-04-26 13:37:05,663 - INFO - Retrying request to /chat/completions in 0.420548 seconds
2026-04-26 13:37:05,969 - INFO - Retrying request to /chat/completions in 0.913395 seconds
2026-04-26 13:37:06,123 - INFO - Retrying request to /chat/completions in 0.451931 seconds
2026-04-26 13:37:06,216 - INFO - Retrying request to /chat/completions in 0.492870 seconds
2026-04-26 13:37:06,671 - INFO - Retrying request to /chat/completions in 0.390334 seconds
2026-04-26 13:37:06,782 - INFO - Retrying request to /chat/completions in 0.876224 seconds
2026-04-26 13:37:07,084 - INFO - Retrying request to /chat/completions in 0.394224 seconds
2026-04-26 13:37:07,133 - INFO - Retrying request to /chat/completions in 0.938869 seconds
2026-04-26 13:37:07,211 - INFO - Retrying request to /chat/completions in 0.427688 seconds
2026-04-26 13:37:07,569 - INFO - Retrying request to /chat/completions in 0.756732 seconds
2026-04-26 13:37:07,712 - INFO - Retrying request to /chat/completions in 0.949681 seconds
2026-04-26 13:37:07,859 - INFO - Retrying request to /chat/completions in 0.484520 seconds
2026-04-26 13:37:08,262 - INFO - Retrying request to /chat/completions in 0.382660 seconds
2026-04-26 13:37:08,516 - INFO - Retrying request to /chat/completions in 0.483635 seconds
2026-04-26 13:37:08,732 - INFO - Retrying request to /chat/completions in 0.991899 seconds
2026-04-26 13:37:08,839 - INFO - Retrying request to /chat/completions in 0.383078 seconds
2026-04-26 13:37:09,147 - INFO - Retrying request to /chat/completions in 0.386757 seconds
2026-04-26 13:37:09,313 - INFO - Retrying request to /chat/completions in 0.978548 seconds
2026-04-26 13:37:09,520 - INFO - Retrying request to /chat/completions in 0.470951 seconds
2026-04-26 13:37:09,609 - INFO - Retrying request to /chat/completions in 0.825452 seconds
2026-04-26 13:37:09,929 - INFO - Retrying request to /chat/completions in 0.377183 seconds
2026-04-26 13:37:10,100 - INFO - Retrying request to /chat/completions in 0.917839 seconds
2026-04-26 13:37:10,390 - INFO - Retrying request to /chat/completions in 0.954827 seconds
2026-04-26 13:37:10,637 - INFO - Retrying request to /chat/completions in 0.492603 seconds
2026-04-26 13:37:10,858 - INFO - Retrying request to /chat/completions in 0.424705 seconds
2026-04-26 13:37:11,196 - INFO - Retrying request to /chat/completions in 0.495019 seconds
2026-04-26 13:37:11,212 - INFO - Retrying request to /chat/completions in 0.914594 seconds
2026-04-26 13:37:11,376 - INFO - Retrying request to /chat/completions in 0.800352 seconds
2026-04-26 13:37:11,532 - INFO - Retrying request to /chat/completions in 0.498070 seconds
2026-04-26 13:37:11,775 - INFO - Retrying request to /chat/completions in 0.817606 seconds
2026-04-26 13:37:12,136 - INFO - Retrying request to /chat/completions in 0.940724 seconds
2026-04-26 13:37:12,334 - INFO - Retrying request to /chat/completions in 0.436528 seconds
2026-04-26 13:37:12,374 - INFO - Retrying request to /chat/completions in 0.460937 seconds
2026-04-26 13:37:12,818 - INFO - Retrying request to /chat/completions in 0.488094 seconds
2026-04-26 13:37:12,862 - INFO - Retrying request to /chat/completions in 0.778627 seconds
2026-04-26 13:37:12,919 - INFO - Retrying request to /chat/completions in 0.868721 seconds
2026-04-26 13:37:13,298 - INFO - Retrying request to /chat/completions in 0.461009 seconds
2026-04-26 13:37:13,392 - INFO - Retrying request to /chat/completions in 0.795781 seconds
2026-04-26 13:37:13,839 - INFO - Retrying request to /chat/completions in 0.789331 seconds
2026-04-26 13:37:13,857 - INFO - Retrying request to /chat/completions in 0.386048 seconds
2026-04-26 13:37:14,048 - INFO - Retrying request to /chat/completions in 0.395363 seconds
2026-04-26 13:37:14,324 - INFO - Retrying request to /chat/completions in 0.925786 seconds
2026-04-26 13:37:14,380 - INFO - Retrying request to /chat/completions in 0.410899 seconds
2026-04-26 13:37:14,531 - INFO - Retrying request to /chat/completions in 0.805996 seconds
2026-04-26 13:37:14,825 - INFO - Retrying request to /chat/completions in 0.443753 seconds
2026-04-26 13:37:14,891 - INFO - Retrying request to /chat/completions in 0.968402 seconds
2026-04-26 13:37:15,477 - INFO - Retrying request to /chat/completions in 0.392703 seconds
2026-04-26 13:37:15,913 - INFO - Retrying request to /chat/completions in 0.490547 seconds
2026-04-26 13:37:15,971 - INFO - Retrying request to /chat/completions in 0.415513 seconds
2026-04-26 13:37:16,051 - INFO - Retrying request to /chat/completions in 0.495775 seconds
2026-04-26 13:37:16,054 - INFO - Retrying request to /chat/completions in 0.807403 seconds
2026-04-26 13:37:16,473 - INFO - Retrying request to /chat/completions in 0.835730 seconds
2026-04-26 13:37:16,505 - INFO - Retrying request to /chat/completions in 0.760819 seconds
2026-04-26 13:37:16,628 - INFO - Retrying request to /chat/completions in 0.780843 seconds
2026-04-26 13:37:17,060 - INFO - Retrying request to /chat/completions in 0.398493 seconds
2026-04-26 13:37:17,472 - INFO - Retrying request to /chat/completions in 0.377421 seconds
2026-04-26 13:37:17,492 - INFO - Retrying request to /chat/completions in 0.455240 seconds
2026-04-26 13:37:17,545 - INFO - Retrying request to /chat/completions in 0.920805 seconds
2026-04-26 13:37:17,606 - INFO - Retrying request to /chat/completions in 0.478228 seconds
2026-04-26 13:37:17,936 - INFO - Retrying request to /chat/completions in 0.754405 seconds
2026-04-26 13:37:18,210 - INFO - Retrying request to /chat/completions in 0.807668 seconds
2026-04-26 13:37:18,449 - INFO - Retrying request to /chat/completions in 0.463305 seconds
2026-04-26 13:37:18,883 - INFO - Retrying request to /chat/completions in 0.413865 seconds
2026-04-26 13:37:18,991 - INFO - Retrying request to /chat/completions in 0.430243 seconds
2026-04-26 13:37:19,208 - INFO - Retrying request to /chat/completions in 0.468572 seconds
2026-04-26 13:37:19,396 - INFO - Retrying request to /chat/completions in 0.978707 seconds
2026-04-26 13:37:19,440 - INFO - Retrying request to /chat/completions in 0.496229 seconds
2026-04-26 13:37:19,496 - INFO - Retrying request to /chat/completions in 0.902217 seconds
2026-04-26 13:37:19,776 - INFO - Retrying request to /chat/completions in 0.872903 seconds
2026-04-26 13:37:20,021 - INFO - Retrying request to /chat/completions in 0.973424 seconds
2026-04-26 13:37:20,588 - INFO - Retrying request to /chat/completions in 0.492376 seconds
2026-04-26 13:37:20,902 - INFO - Retrying request to /chat/completions in 0.434982 seconds
2026-04-26 13:37:21,161 - INFO - Retrying request to /chat/completions in 0.909522 seconds
2026-04-26 13:37:21,237 - INFO - Retrying request to /chat/completions in 0.483483 seconds
2026-04-26 13:37:21,444 - INFO - Retrying request to /chat/completions in 0.915930 seconds
2026-04-26 13:37:21,522 - INFO - Retrying request to /chat/completions in 0.416096 seconds
2026-04-26 13:37:21,807 - INFO - Retrying request to /chat/completions in 0.895873 seconds
2026-04-26 13:37:22,258 - INFO - Retrying request to /chat/completions in 0.465146 seconds
2026-04-26 13:37:22,660 - INFO - Retrying request to /chat/completions in 0.400635 seconds
2026-04-26 13:37:22,766 - INFO - Retrying request to /chat/completions in 0.414983 seconds
2026-04-26 13:37:22,806 - INFO - Retrying request to /chat/completions in 0.920622 seconds
2026-04-26 13:37:22,905 - INFO - Retrying request to /chat/completions in 0.419863 seconds
2026-04-26 13:37:23,159 - INFO - Retrying request to /chat/completions in 0.879782 seconds
2026-04-26 13:37:23,268 - INFO - Retrying request to /chat/completions in 0.935315 seconds
2026-04-26 13:37:23,427 - INFO - Retrying request to /chat/completions in 0.866341 seconds
2026-04-26 13:37:23,955 - INFO - Retrying request to /chat/completions in 0.494255 seconds
2026-04-26 13:37:24,265 - INFO - Retrying request to /chat/completions in 0.376388 seconds
2026-04-26 13:37:24,381 - INFO - Retrying request to /chat/completions in 0.476675 seconds
2026-04-26 13:37:24,489 - INFO - Retrying request to /chat/completions in 0.375197 seconds
2026-04-26 13:37:24,523 - INFO - Retrying request to /chat/completions in 0.878445 seconds
2026-04-26 13:37:24,739 - INFO - Retrying request to /chat/completions in 0.906583 seconds
2026-04-26 13:37:24,947 - INFO - Retrying request to /chat/completions in 0.909324 seconds
2026-04-26 13:37:24,951 - INFO - Retrying request to /chat/completions in 0.957452 seconds
2026-04-26 13:37:25,870 - INFO - Retrying request to /chat/completions in 0.448494 seconds
2026-04-26 13:37:25,979 - INFO - Retrying request to /chat/completions in 0.392435 seconds
2026-04-26 13:37:26,080 - INFO - Retrying request to /chat/completions in 0.461530 seconds
2026-04-26 13:37:26,091 - INFO - Retrying request to /chat/completions in 0.474615 seconds
2026-04-26 13:37:26,642 - INFO - Retrying request to /chat/completions in 0.783293 seconds
2026-04-26 13:37:26,727 - INFO - Retrying request to /chat/completions in 0.980327 seconds
2026-04-26 13:37:26,899 - INFO - Retrying request to /chat/completions in 0.381333 seconds
2026-04-26 13:37:26,950 - INFO - Retrying request to /chat/completions in 0.394919 seconds
2026-04-26 13:37:27,371 - INFO - Retrying request to /chat/completions in 0.961402 seconds
2026-04-26 13:37:27,429 - INFO - Retrying request to /chat/completions in 0.864342 seconds
2026-04-26 13:37:27,641 - INFO - Retrying request to /chat/completions in 0.452346 seconds
2026-04-26 13:37:28,179 - INFO - Retrying request to /chat/completions in 0.916799 seconds
2026-04-26 13:37:28,386 - INFO - Retrying request to /chat/completions in 0.388562 seconds
2026-04-26 13:37:28,751 - INFO - Retrying request to /chat/completions in 0.434658 seconds
2026-04-26 13:37:28,756 - INFO - Retrying request to /chat/completions in 0.407951 seconds
2026-04-26 13:37:28,869 - INFO - Retrying request to /chat/completions in 0.955682 seconds
2026-04-26 13:37:29,398 - INFO - Retrying request to /chat/completions in 0.467807 seconds
2026-04-26 13:37:29,399 - INFO - Retrying request to /chat/completions in 0.807020 seconds
2026-04-26 13:37:29,399 - INFO - Retrying request to /chat/completions in 0.817317 seconds
2026-04-26 13:37:30,027 - INFO - Retrying request to /chat/completions in 0.969753 seconds
2026-04-26 13:37:30,218 - INFO - Retrying request to /chat/completions in 0.499108 seconds
2026-04-26 13:37:30,503 - INFO - Retrying request to /chat/completions in 0.452699 seconds
2026-04-26 13:37:30,542 - INFO - Retrying request to /chat/completions in 0.388211 seconds
2026-04-26 13:37:30,822 - INFO - Retrying request to /chat/completions in 0.811598 seconds
2026-04-26 13:37:31,047 - INFO - Retrying request to /chat/completions in 0.926946 seconds
2026-04-26 13:37:31,055 - INFO - Retrying request to /chat/completions in 0.991119 seconds
2026-04-26 13:37:31,206 - INFO - Retrying request to /chat/completions in 0.383665 seconds
2026-04-26 13:37:31,712 - INFO - Retrying request to /chat/completions in 0.910896 seconds
2026-04-26 13:37:31,847 - INFO - Retrying request to /chat/completions in 0.450531 seconds
2026-04-26 13:37:32,207 - INFO - Retrying request to /chat/completions in 0.376789 seconds
2026-04-26 13:37:32,251 - INFO - Retrying request to /chat/completions in 0.460511 seconds
2026-04-26 13:37:32,393 - INFO - Retrying request to /chat/completions in 0.930986 seconds
2026-04-26 13:37:32,659 - INFO - Retrying request to /chat/completions in 0.754319 seconds
2026-04-26 13:37:32,797 - INFO - Retrying request to /chat/completions in 0.893053 seconds
2026-04-26 13:37:32,825 - INFO - Retrying request to /chat/completions in 0.446329 seconds
2026-04-26 13:37:33,378 - INFO - Retrying request to /chat/completions in 0.860579 seconds
2026-04-26 13:37:33,515 - INFO - Retrying request to /chat/completions in 0.492973 seconds
2026-04-26 13:37:33,616 - INFO - Retrying request to /chat/completions in 0.399995 seconds
2026-04-26 13:37:33,892 - INFO - Retrying request to /chat/completions in 0.493948 seconds
2026-04-26 13:37:34,094 - INFO - Retrying request to /chat/completions in 0.856232 seconds
2026-04-26 13:37:34,112 - INFO - Retrying request to /chat/completions in 0.792717 seconds
2026-04-26 13:37:34,427 - INFO - Retrying request to /chat/completions in 0.460004 seconds
2026-04-26 13:37:34,473 - INFO - Retrying request to /chat/completions in 0.874016 seconds
2026-04-26 13:37:34,972 - INFO - Retrying request to /chat/completions in 0.956271 seconds
2026-04-26 13:37:35,084 - INFO - Retrying request to /chat/completions in 0.383585 seconds
2026-04-26 13:37:35,155 - INFO - Retrying request to /chat/completions in 0.436865 seconds
2026-04-26 13:37:35,553 - INFO - Retrying request to /chat/completions in 0.886343 seconds
2026-04-26 13:37:35,555 - INFO - Retrying request to /chat/completions in 0.438908 seconds
2026-04-26 13:37:35,679 - INFO - Retrying request to /chat/completions in 0.911704 seconds
2026-04-26 13:37:36,076 - INFO - Retrying request to /chat/completions in 0.842915 seconds
2026-04-26 13:37:36,151 - INFO - Retrying request to /chat/completions in 0.476750 seconds
2026-04-26 13:37:36,660 - INFO - Retrying request to /chat/completions in 0.448306 seconds
2026-04-26 13:37:36,727 - INFO - Retrying request to /chat/completions in 0.827367 seconds
2026-04-26 13:37:36,785 - INFO - Retrying request to /chat/completions in 0.497271 seconds
2026-04-26 13:37:37,141 - INFO - Retrying request to /chat/completions in 0.407281 seconds
2026-04-26 13:37:37,379 - INFO - Retrying request to /chat/completions in 0.971920 seconds
2026-04-26 13:37:37,624 - INFO - Retrying request to /chat/completions in 0.428756 seconds
2026-04-26 13:37:37,659 - INFO - Retrying request to /chat/completions in 0.969434 seconds
2026-04-26 13:37:37,788 - INFO - Retrying request to /chat/completions in 0.393808 seconds
2026-04-26 13:37:38,157 - INFO - Retrying request to /chat/completions in 0.944885 seconds
2026-04-26 13:37:38,267 - INFO - Retrying request to /chat/completions in 0.793911 seconds
2026-04-26 13:37:38,563 - INFO - Retrying request to /chat/completions in 0.491369 seconds
2026-04-26 13:37:38,837 - INFO - Retrying request to /chat/completions in 0.420683 seconds
2026-04-26 13:37:39,135 - INFO - Retrying request to /chat/completions in 0.884828 seconds
2026-04-26 13:37:39,286 - INFO - Retrying request to /chat/completions in 0.454945 seconds
2026-04-26 13:37:39,296 - INFO - Retrying request to /chat/completions in 0.439490 seconds
2026-04-26 13:37:39,350 - INFO - Retrying request to /chat/completions in 0.953833 seconds
2026-04-26 13:37:39,829 - INFO - Retrying request to /chat/completions in 0.803953 seconds
2026-04-26 13:37:39,830 - INFO - Retrying request to /chat/completions in 0.949285 seconds
2026-04-26 13:37:40,457 - INFO - Retrying request to /chat/completions in 0.494170 seconds
2026-04-26 13:37:40,509 - INFO - Retrying request to /chat/completions in 0.393749 seconds
2026-04-26 13:37:40,845 - INFO - Retrying request to /chat/completions in 0.485660 seconds
2026-04-26 13:37:40,984 - INFO - Retrying request to /chat/completions in 0.458466 seconds
2026-04-26 13:37:40,997 - INFO - Retrying request to /chat/completions in 0.946327 seconds
2026-04-26 13:37:41,415 - INFO - Retrying request to /chat/completions in 0.804569 seconds
2026-04-26 13:37:41,468 - INFO - Retrying request to /chat/completions in 0.388062 seconds
2026-04-26 13:37:41,546 - INFO - Retrying request to /chat/completions in 0.864276 seconds
2026-04-26 13:37:41,949 - INFO - Retrying request to /chat/completions in 0.888157 seconds
2026-04-26 13:37:42,140 - INFO - Retrying request to /chat/completions in 0.417131 seconds
2026-04-26 13:37:42,436 - INFO - Retrying request to /chat/completions in 0.482064 seconds
2026-04-26 13:37:42,616 - INFO - Retrying request to /chat/completions in 0.395977 seconds
2026-04-26 13:37:42,641 - INFO - Retrying request to /chat/completions in 0.978989 seconds
2026-04-26 13:37:43,000 - INFO - Retrying request to /chat/completions in 0.798097 seconds
2026-04-26 13:37:43,045 - INFO - Retrying request to /chat/completions in 0.439756 seconds
2026-04-26 13:37:43,106 - INFO - Retrying request to /chat/completions in 0.984147 seconds
2026-04-26 13:37:43,579 - INFO - Retrying request to /chat/completions in 0.776720 seconds
2026-04-26 13:37:43,904 - INFO - Retrying request to /chat/completions in 0.463745 seconds
2026-04-26 13:37:44,023 - INFO - Retrying request to /chat/completions in 0.427662 seconds
2026-04-26 13:37:44,290 - INFO - Retrying request to /chat/completions in 0.396000 seconds
2026-04-26 13:37:44,579 - INFO - Retrying request to /chat/completions in 0.455537 seconds
2026-04-26 13:37:44,770 - INFO - Retrying request to /chat/completions in 0.871221 seconds
2026-04-26 13:37:44,894 - INFO - Retrying request to /chat/completions in 0.451924 seconds
2026-04-26 13:37:44,984 - INFO - Retrying request to /chat/completions in 0.390779 seconds
2026-04-26 13:37:45,118 - INFO - Retrying request to /chat/completions in 0.777640 seconds
2026-04-26 13:37:45,434 - INFO - Retrying request to /chat/completions in 0.986592 seconds
2026-04-26 13:37:45,470 - INFO - Retrying request to /chat/completions in 0.936079 seconds
2026-04-26 13:37:45,844 - INFO - Retrying request to /chat/completions in 0.392441 seconds
2026-04-26 13:37:46,114 - INFO - Retrying request to /chat/completions in 0.405662 seconds
2026-04-26 13:37:46,313 - INFO - Retrying request to /chat/completions in 0.948964 seconds
2026-04-26 13:37:46,615 - INFO - Retrying request to /chat/completions in 0.907292 seconds
2026-04-26 13:37:46,656 - INFO - Retrying request to /chat/completions in 0.382651 seconds
2026-04-26 13:37:47,075 - INFO - Retrying request to /chat/completions in 0.461203 seconds
2026-04-26 13:37:47,702 - INFO - Retrying request to /chat/completions in 0.985398 seconds
2026-04-26 13:37:47,727 - INFO - Retrying request to /chat/completions in 0.407615 seconds
2026-04-26 13:37:47,915 - INFO - Retrying request to /chat/completions in 0.418502 seconds
2026-04-26 13:37:47,955 - INFO - Retrying request to /chat/completions in 0.385370 seconds
2026-04-26 13:37:48,417 - INFO - Retrying request to /chat/completions in 0.815530 seconds
2026-04-26 13:37:48,439 - INFO - Retrying request to /chat/completions in 0.886642 seconds
2026-04-26 13:37:48,636 - INFO - Retrying request to /chat/completions in 0.432577 seconds
2026-04-26 13:37:48,893 - INFO - Retrying request to /chat/completions in 0.467852 seconds
2026-04-26 13:37:49,172 - INFO - Retrying request to /chat/completions in 0.901481 seconds
2026-04-26 13:37:49,460 - INFO - Retrying request to /chat/completions in 0.779788 seconds
2026-04-26 13:37:49,466 - INFO - Retrying request to /chat/completions in 0.432889 seconds
2026-04-26 13:37:49,554 - INFO - Retrying request to /chat/completions in 0.487466 seconds
2026-04-26 13:37:50,010 - INFO - Retrying request to /chat/completions in 0.776582 seconds
2026-04-26 13:37:50,126 - INFO - Retrying request to /chat/completions in 0.910171 seconds
2026-04-26 13:37:50,296 - INFO - Retrying request to /chat/completions in 0.461538 seconds
2026-04-26 13:37:50,434 - INFO - Retrying request to /chat/completions in 0.420328 seconds
2026-04-26 13:37:50,888 - INFO - Retrying request to /chat/completions in 0.750620 seconds
2026-04-26 13:37:50,933 - INFO - Retrying request to /chat/completions in 0.794916 seconds
2026-04-26 13:37:50,988 - INFO - Retrying request to /chat/completions in 0.482180 seconds
2026-04-26 13:37:51,252 - INFO - Retrying request to /chat/completions in 0.440008 seconds
2026-04-26 13:37:51,557 - INFO - Retrying request to /chat/completions in 0.854843 seconds
2026-04-26 13:37:51,913 - INFO - Retrying request to /chat/completions in 0.465859 seconds
2026-04-26 13:37:52,113 - INFO - Retrying request to /chat/completions in 0.384526 seconds
2026-04-26 13:37:52,123 - INFO - Retrying request to /chat/completions in 0.383721 seconds
2026-04-26 13:37:52,475 - INFO - Retrying request to /chat/completions in 0.915822 seconds
2026-04-26 13:37:52,592 - INFO - Retrying request to /chat/completions in 0.965927 seconds
2026-04-26 13:37:52,603 - INFO - Retrying request to /chat/completions in 0.809465 seconds
2026-04-26 13:37:52,640 - INFO - Retrying request to /chat/completions in 0.405829 seconds
2026-04-26 13:37:53,151 - INFO - Retrying request to /chat/completions in 0.941530 seconds
2026-04-26 13:37:53,626 - INFO - Retrying request to /chat/completions in 0.455308 seconds
2026-04-26 13:37:53,634 - INFO - Retrying request to /chat/completions in 0.399019 seconds
2026-04-26 13:37:53,780 - INFO - Retrying request to /chat/completions in 0.390591 seconds
2026-04-26 13:37:54,133 - INFO - Retrying request to /chat/completions in 0.786704 seconds
2026-04-26 13:37:54,164 - INFO - Retrying request to /chat/completions in 0.758830 seconds
2026-04-26 13:37:54,259 - INFO - Retrying request to /chat/completions in 0.892301 seconds
2026-04-26 13:37:54,292 - INFO - Retrying request to /chat/completions in 0.459960 seconds
2026-04-26 13:37:54,826 - INFO - Retrying request to /chat/completions in 0.789015 seconds
2026-04-26 13:37:55,133 - INFO - Retrying request to /chat/completions in 0.467193 seconds
2026-04-26 13:37:55,135 - INFO - Retrying request to /chat/completions in 0.381255 seconds
2026-04-26 13:37:55,380 - INFO - Retrying request to /chat/completions in 0.390013 seconds
2026-04-26 13:37:55,602 - INFO - Retrying request to /chat/completions in 0.804596 seconds
2026-04-26 13:37:55,696 - INFO - Retrying request to /chat/completions in 0.894504 seconds
2026-04-26 13:37:55,824 - INFO - Retrying request to /chat/completions in 0.424009 seconds
2026-04-26 13:37:55,856 - INFO - Retrying request to /chat/completions in 0.827274 seconds
2026-04-26 13:37:56,336 - INFO - Retrying request to /chat/completions in 0.927127 seconds
2026-04-26 13:37:56,800 - INFO - Retrying request to /chat/completions in 0.463728 seconds
2026-04-26 13:37:56,909 - INFO - Retrying request to /chat/completions in 0.460588 seconds
2026-04-26 13:37:56,974 - INFO - Retrying request to /chat/completions in 0.448623 seconds
2026-04-26 13:37:57,369 - INFO - Retrying request to /chat/completions in 0.850677 seconds
2026-04-26 13:37:57,453 - INFO - Retrying request to /chat/completions in 0.965528 seconds
2026-04-26 13:37:57,496 - INFO - Retrying request to /chat/completions in 0.443224 seconds
2026-04-26 13:37:57,507 - INFO - Retrying request to /chat/completions in 0.952399 seconds
2026-04-26 13:37:58,042 - INFO - Retrying request to /chat/completions in 0.861576 seconds
2026-04-26 13:37:58,439 - INFO - Retrying request to /chat/completions in 0.413545 seconds
2026-04-26 13:37:58,630 - INFO - Retrying request to /chat/completions in 0.385788 seconds
2026-04-26 13:37:58,673 - INFO - Retrying request to /chat/completions in 0.436002 seconds
2026-04-26 13:37:58,941 - INFO - Retrying request to /chat/completions in 0.911634 seconds
2026-04-26 13:37:59,101 - INFO - Retrying request to /chat/completions in 0.876212 seconds
2026-04-26 13:37:59,129 - INFO - Retrying request to /chat/completions in 0.443368 seconds
2026-04-26 13:37:59,188 - INFO - Retrying request to /chat/completions in 0.789229 seconds
2026-04-26 13:37:59,666 - INFO - Retrying request to /chat/completions in 0.959656 seconds
2026-04-26 13:38:00,121 - INFO - Retrying request to /chat/completions in 0.440694 seconds
2026-04-26 13:38:00,203 - INFO - Retrying request to /chat/completions in 0.398124 seconds
2026-04-26 13:38:00,242 - INFO - Retrying request to /chat/completions in 0.443987 seconds
2026-04-26 13:38:00,650 - INFO - Retrying request to /chat/completions in 0.773769 seconds
2026-04-26 13:38:00,694 - INFO - Retrying request to /chat/completions in 0.947988 seconds
2026-04-26 13:38:00,784 - INFO - Retrying request to /chat/completions in 0.967953 seconds
2026-04-26 13:38:01,237 - INFO - Retrying request to /chat/completions in 0.439658 seconds
2026-04-26 13:38:01,663 - INFO - Retrying request to /chat/completions in 0.387356 seconds
2026-04-26 13:38:01,889 - INFO - Retrying request to /chat/completions in 0.412269 seconds
2026-04-26 13:38:01,999 - INFO - Retrying request to /chat/completions in 0.484823 seconds
2026-04-26 13:38:02,125 - INFO - Retrying request to /chat/completions in 0.852430 seconds
2026-04-26 13:38:02,195 - INFO - Retrying request to /chat/completions in 0.475736 seconds
2026-04-26 13:38:02,411 - INFO - Retrying request to /chat/completions in 0.879250 seconds
2026-04-26 13:38:02,580 - INFO - Retrying request to /chat/completions in 0.829435 seconds
2026-04-26 13:38:02,760 - INFO - Retrying request to /chat/completions in 0.943029 seconds
2026-04-26 13:38:03,604 - INFO - Retrying request to /chat/completions in 0.453171 seconds
2026-04-26 13:38:03,643 - INFO - Retrying request to /chat/completions in 0.459359 seconds
2026-04-26 13:38:03,765 - INFO - Retrying request to /chat/completions in 0.439076 seconds
2026-04-26 13:38:03,933 - INFO - Retrying request to /chat/completions in 0.444751 seconds
2026-04-26 13:38:04,159 - INFO - Retrying request to /chat/completions in 0.827517 seconds
2026-04-26 13:38:04,201 - INFO - Retrying request to /chat/completions in 0.844773 seconds
2026-04-26 13:38:04,302 - INFO - Retrying request to /chat/completions in 0.869535 seconds
2026-04-26 13:38:04,449 - INFO - Retrying request to /chat/completions in 0.813424 seconds
2026-04-26 13:38:05,235 - INFO - Retrying request to /chat/completions in 0.445143 seconds
2026-04-26 13:38:05,326 - INFO - Retrying request to /chat/completions in 0.496906 seconds
2026-04-26 13:38:05,499 - INFO - Retrying request to /chat/completions in 0.375833 seconds
2026-04-26 13:38:05,780 - INFO - Retrying request to /chat/completions in 0.773989 seconds
2026-04-26 13:38:05,815 - INFO - Retrying request to /chat/completions in 0.486440 seconds
2026-04-26 13:38:05,906 - INFO - Retrying request to /chat/completions in 0.827058 seconds
2026-04-26 13:38:05,972 - INFO - Retrying request to /chat/completions in 0.759695 seconds
2026-04-26 13:38:06,385 - INFO - Retrying request to /chat/completions in 0.938140 seconds
2026-04-26 13:38:06,964 - INFO - Retrying request to /chat/completions in 0.464695 seconds
2026-04-26 13:38:06,978 - INFO - Retrying request to /chat/completions in 0.421036 seconds
2026-04-26 13:38:07,048 - INFO - Retrying request to /chat/completions in 0.385063 seconds
2026-04-26 13:38:07,482 - INFO - Retrying request to /chat/completions in 0.930043 seconds
2026-04-26 13:38:07,519 - INFO - Retrying request to /chat/completions in 0.942361 seconds
2026-04-26 13:38:07,538 - INFO - Retrying request to /chat/completions in 0.752616 seconds
2026-04-26 13:38:07,598 - INFO - Retrying request to /chat/completions in 0.490155 seconds
2026-04-26 13:38:08,179 - INFO - Retrying request to /chat/completions in 0.824901 seconds
2026-04-26 13:38:08,531 - INFO - Retrying request to /chat/completions in 0.427509 seconds
2026-04-26 13:38:08,647 - INFO - Retrying request to /chat/completions in 0.440941 seconds
2026-04-26 13:38:08,668 - INFO - Retrying request to /chat/completions in 0.433353 seconds
2026-04-26 13:38:09,043 - INFO - Retrying request to /chat/completions in 0.897627 seconds
2026-04-26 13:38:09,175 - INFO - Retrying request to /chat/completions in 0.798949 seconds
2026-04-26 13:38:09,193 - INFO - Retrying request to /chat/completions in 0.825870 seconds
2026-04-26 13:38:10,190 - INFO - Retrying request to /chat/completions in 0.386431 seconds
2026-04-26 13:38:10,305 - INFO - Retrying request to /chat/completions in 0.473325 seconds
2026-04-26 13:38:10,319 - INFO - Retrying request to /chat/completions in 0.437564 seconds
2026-04-26 13:38:10,570 - INFO - Retrying request to /chat/completions in 0.448238 seconds
2026-04-26 13:38:10,659 - INFO - Retrying request to /chat/completions in 0.978064 seconds
2026-04-26 13:38:11,123 - INFO - Retrying request to /chat/completions in 0.906319 seconds
2026-04-26 13:38:11,347 - INFO - Retrying request to /chat/completions in 0.415152 seconds
2026-04-26 13:38:11,788 - INFO - Retrying request to /chat/completions in 0.416183 seconds
2026-04-26 13:38:11,848 - INFO - Retrying request to /chat/completions in 0.969518 seconds
2026-04-26 13:38:11,874 - INFO - Retrying request to /chat/completions in 0.416117 seconds
2026-04-26 13:38:12,240 - INFO - Retrying request to /chat/completions in 0.457975 seconds
2026-04-26 13:38:12,287 - INFO - Retrying request to /chat/completions in 0.824503 seconds
2026-04-26 13:38:12,377 - INFO - Retrying request to /chat/completions in 0.806811 seconds
2026-04-26 13:38:12,788 - INFO - Retrying request to /chat/completions in 0.882299 seconds
2026-04-26 13:38:13,050 - INFO - Retrying request to /chat/completions in 0.446633 seconds
2026-04-26 13:38:13,418 - INFO - Retrying request to /chat/completions in 0.485438 seconds
2026-04-26 13:38:13,591 - INFO - Retrying request to /chat/completions in 0.959833 seconds
2026-04-26 13:38:13,698 - INFO - Retrying request to /chat/completions in 0.386072 seconds
2026-04-26 13:38:13,899 - INFO - Retrying request to /chat/completions in 0.460565 seconds
2026-04-26 13:38:13,990 - INFO - Retrying request to /chat/completions in 0.750640 seconds
2026-04-26 13:38:14,172 - INFO - Retrying request to /chat/completions in 0.914963 seconds
2026-04-26 13:38:14,776 - INFO - Retrying request to /chat/completions in 0.485397 seconds
2026-04-26 13:38:14,779 - INFO - Retrying request to /chat/completions in 0.463135 seconds
2026-04-26 13:38:14,950 - INFO - Retrying request to /chat/completions in 0.467718 seconds
2026-04-26 13:38:15,327 - INFO - Retrying request to /chat/completions in 0.781027 seconds
2026-04-26 13:38:15,336 - INFO - Retrying request to /chat/completions in 0.485740 seconds
2026-04-26 13:38:15,344 - INFO - Retrying request to /chat/completions in 0.998280 seconds
2026-04-26 13:38:15,526 - INFO - Retrying request to /chat/completions in 0.900408 seconds
2026-04-26 13:38:15,916 - INFO - Retrying request to /chat/completions in 0.822771 seconds
2026-04-26 13:38:16,353 - INFO - Retrying request to /chat/completions in 0.494579 seconds
2026-04-26 13:38:16,620 - INFO - Retrying request to /chat/completions in 0.388035 seconds
2026-04-26 13:38:16,936 - INFO - Retrying request to /chat/completions in 0.856775 seconds
2026-04-26 13:38:16,988 - INFO - Retrying request to /chat/completions in 0.449048 seconds
2026-04-26 13:38:17,092 - INFO - Retrying request to /chat/completions in 0.989902 seconds
2026-04-26 13:38:17,521 - INFO - Retrying request to /chat/completions in 0.954684 seconds
2026-04-26 13:38:18,045 - INFO - Retrying request to /chat/completions in 0.434409 seconds
2026-04-26 13:38:18,205 - INFO - Retrying request to /chat/completions in 0.445958 seconds
2026-04-26 13:38:18,267 - INFO - Retrying request to /chat/completions in 0.398086 seconds
2026-04-26 13:38:18,546 - INFO - Retrying request to /chat/completions in 0.914860 seconds
2026-04-26 13:38:18,770 - INFO - Retrying request to /chat/completions in 0.866777 seconds
2026-04-26 13:38:19,161 - INFO - Retrying request to /chat/completions in 0.451618 seconds
2026-04-26 13:38:19,428 - INFO - Retrying request to /chat/completions in 0.451941 seconds
2026-04-26 13:38:19,668 - INFO - Retrying request to /chat/completions in 0.496782 seconds
2026-04-26 13:38:19,695 - INFO - Retrying request to /chat/completions in 0.976404 seconds
2026-04-26 13:38:19,854 - INFO - Retrying request to /chat/completions in 0.431157 seconds
2026-04-26 13:38:20,257 - INFO - Retrying request to /chat/completions in 0.949847 seconds
2026-04-26 13:38:20,924 - INFO - Retrying request to /chat/completions in 0.381251 seconds
2026-04-26 13:38:21,267 - INFO - Retrying request to /chat/completions in 0.449238 seconds
2026-04-26 13:38:21,283 - INFO - Retrying request to /chat/completions in 0.403083 seconds
2026-04-26 13:38:21,404 - INFO - Retrying request to /chat/completions in 0.957055 seconds
2026-04-26 13:38:21,421 - INFO - Retrying request to /chat/completions in 0.406361 seconds
2026-04-26 13:38:21,769 - INFO - Retrying request to /chat/completions in 0.990386 seconds
2026-04-26 13:38:21,824 - INFO - Retrying request to /chat/completions in 0.839456 seconds
2026-04-26 13:38:21,938 - INFO - Retrying request to /chat/completions in 0.946037 seconds
2026-04-26 13:38:22,593 - INFO - Retrying request to /chat/completions in 0.475124 seconds
2026-04-26 13:38:22,925 - INFO - Retrying request to /chat/completions in 0.461651 seconds
2026-04-26 13:38:22,976 - INFO - Retrying request to /chat/completions in 0.459765 seconds
2026-04-26 13:38:23,091 - INFO - Retrying request to /chat/completions in 0.381398 seconds
2026-04-26 13:38:23,153 - INFO - Retrying request to /chat/completions in 0.991483 seconds
2026-04-26 13:38:23,478 - INFO - Retrying request to /chat/completions in 0.791001 seconds
2026-04-26 13:38:23,533 - INFO - Retrying request to /chat/completions in 0.852203 seconds
2026-04-26 13:38:23,935 - INFO - Retrying request to /chat/completions in 0.391127 seconds
2026-04-26 13:38:24,382 - INFO - Retrying request to /chat/completions in 0.384620 seconds
2026-04-26 13:38:24,408 - INFO - Retrying request to /chat/completions in 0.926950 seconds
2026-04-26 13:38:24,491 - INFO - Retrying request to /chat/completions in 0.386387 seconds
2026-04-26 13:38:24,636 - INFO - Retrying request to /chat/completions in 0.445582 seconds
2026-04-26 13:38:24,851 - INFO - Retrying request to /chat/completions in 0.821167 seconds
2026-04-26 13:38:25,017 - INFO - Retrying request to /chat/completions in 0.876072 seconds
2026-04-26 13:38:25,175 - INFO - Retrying request to /chat/completions in 0.905144 seconds
2026-04-26 13:38:25,589 - INFO - Retrying request to /chat/completions in 0.405564 seconds
2026-04-26 13:38:25,921 - INFO - Retrying request to /chat/completions in 0.435606 seconds
2026-04-26 13:38:26,080 - INFO - Retrying request to /chat/completions in 0.947654 seconds
2026-04-26 13:38:26,091 - INFO - Retrying request to /chat/completions in 0.488237 seconds
2026-04-26 13:38:26,309 - INFO - Retrying request to /chat/completions in 0.468453 seconds
2026-04-26 13:38:26,463 - INFO - Retrying request to /chat/completions in 0.793866 seconds
2026-04-26 13:38:26,755 - INFO - Retrying request to /chat/completions in 0.991239 seconds
2026-04-26 13:38:26,866 - INFO - Retrying request to /chat/completions in 0.998035 seconds
2026-04-26 13:38:27,256 - INFO - Retrying request to /chat/completions in 0.450034 seconds
2026-04-26 13:38:27,479 - INFO - Retrying request to /chat/completions in 0.406328 seconds
2026-04-26 13:38:27,786 - INFO - Retrying request to /chat/completions in 0.820386 seconds
2026-04-26 13:38:27,971 - INFO - Retrying request to /chat/completions in 0.920465 seconds
2026-04-26 13:38:27,995 - INFO - Retrying request to /chat/completions in 0.438088 seconds
2026-04-26 13:38:28,132 - INFO - Retrying request to /chat/completions in 0.414490 seconds
2026-04-26 13:38:28,519 - INFO - Retrying request to /chat/completions in 0.852734 seconds
2026-04-26 13:38:28,653 - INFO - Retrying request to /chat/completions in 0.822011 seconds
2026-04-26 13:38:28,862 - INFO - Retrying request to /chat/completions in 0.416736 seconds
2026-04-26 13:38:29,138 - INFO - Retrying request to /chat/completions in 0.497965 seconds
2026-04-26 13:38:29,383 - INFO - Retrying request to /chat/completions in 0.837067 seconds
2026-04-26 13:38:29,582 - INFO - Retrying request to /chat/completions in 0.430431 seconds
2026-04-26 13:38:29,724 - INFO - Retrying request to /chat/completions in 0.939387 seconds
2026-04-26 13:38:29,742 - INFO - Retrying request to /chat/completions in 0.498691 seconds
2026-04-26 13:38:30,089 - INFO - Retrying request to /chat/completions in 0.753246 seconds
2026-04-26 13:38:30,312 - INFO - Retrying request to /chat/completions in 0.955527 seconds
2026-04-26 13:38:30,444 - INFO - Retrying request to /chat/completions in 0.407266 seconds
2026-04-26 13:38:30,919 - INFO - Retrying request to /chat/completions in 0.489403 seconds
2026-04-26 13:38:31,091 - INFO - Retrying request to /chat/completions in 0.456584 seconds
2026-04-26 13:38:31,333 - INFO - Retrying request to /chat/completions in 0.489415 seconds
2026-04-26 13:38:31,455 - INFO - Retrying request to /chat/completions in 0.420846 seconds
2026-04-26 13:38:31,493 - INFO - Retrying request to /chat/completions in 0.964369 seconds
2026-04-26 13:38:31,646 - INFO - Retrying request to /chat/completions in 0.871358 seconds
2026-04-26 13:38:31,906 - INFO - Retrying request to /chat/completions in 0.774552 seconds
2026-04-26 13:38:31,976 - INFO - Retrying request to /chat/completions in 0.988800 seconds
2026-04-26 13:38:32,696 - INFO - Retrying request to /chat/completions in 0.390835 seconds
2026-04-26 13:38:32,718 - INFO - Retrying request to /chat/completions in 0.456193 seconds
2026-04-26 13:38:32,890 - INFO - Retrying request to /chat/completions in 0.489195 seconds
2026-04-26 13:38:33,178 - INFO - Retrying request to /chat/completions in 0.896540 seconds
2026-04-26 13:38:33,226 - INFO - Retrying request to /chat/completions in 0.376197 seconds
2026-04-26 13:38:33,265 - INFO - Retrying request to /chat/completions in 0.950635 seconds
2026-04-26 13:38:33,472 - INFO - Retrying request to /chat/completions in 0.923587 seconds
2026-04-26 13:38:33,684 - INFO - Retrying request to /chat/completions in 0.828513 seconds
2026-04-26 13:38:34,318 - INFO - Retrying request to /chat/completions in 0.447809 seconds
2026-04-26 13:38:34,454 - INFO - Retrying request to /chat/completions in 0.457063 seconds
2026-04-26 13:38:34,634 - INFO - Retrying request to /chat/completions in 0.477654 seconds
2026-04-26 13:38:34,865 - INFO - Retrying request to /chat/completions in 0.963394 seconds
2026-04-26 13:38:35,007 - INFO - Retrying request to /chat/completions in 0.498976 seconds
2026-04-26 13:38:35,203 - INFO - Retrying request to /chat/completions in 0.994375 seconds
2026-04-26 13:38:35,433 - INFO - Retrying request to /chat/completions in 0.433928 seconds
2026-04-26 13:38:35,581 - INFO - Retrying request to /chat/completions in 0.819042 seconds
2026-04-26 13:38:35,949 - INFO - Retrying request to /chat/completions in 0.774276 seconds
2026-04-26 13:38:36,060 - INFO - Retrying request to /chat/completions in 0.431422 seconds
2026-04-26 13:38:36,428 - INFO - Retrying request to /chat/completions in 0.398350 seconds
2026-04-26 13:38:36,591 - INFO - Retrying request to /chat/completions in 0.776553 seconds
2026-04-26 13:38:36,918 - INFO - Retrying request to /chat/completions in 0.794100 seconds
2026-04-26 13:38:36,948 - INFO - Retrying request to /chat/completions in 0.484825 seconds
2026-04-26 13:38:37,216 - INFO - Retrying request to /chat/completions in 0.397287 seconds
2026-04-26 13:38:37,527 - INFO - Retrying request to /chat/completions in 0.932195 seconds
2026-04-26 13:38:37,679 - INFO - Retrying request to /chat/completions in 0.925236 seconds
2026-04-26 13:38:37,854 - INFO - Retrying request to /chat/completions in 0.402072 seconds
2026-04-26 13:38:37,975 - INFO - Retrying request to /chat/completions in 0.401280 seconds
2026-04-26 13:38:38,345 - INFO - Retrying request to /chat/completions in 0.811165 seconds
2026-04-26 13:38:38,471 - INFO - Retrying request to /chat/completions in 0.843753 seconds
2026-04-26 13:38:38,688 - INFO - Retrying request to /chat/completions in 0.440628 seconds
2026-04-26 13:38:38,840 - INFO - Retrying request to /chat/completions in 0.492362 seconds
2026-04-26 13:38:39,232 - INFO - Retrying request to /chat/completions in 0.968082 seconds
2026-04-26 13:38:39,396 - INFO - Retrying request to /chat/completions in 0.375998 seconds
2026-04-26 13:38:39,413 - INFO - Retrying request to /chat/completions in 0.797952 seconds
2026-04-26 13:38:39,524 - INFO - Retrying request to /chat/completions in 0.426489 seconds
2026-04-26 13:38:39,846 - INFO - Retrying request to /chat/completions in 0.755127 seconds
2026-04-26 13:38:40,036 - INFO - Retrying request to /chat/completions in 0.903849 seconds
2026-04-26 13:38:40,443 - INFO - Retrying request to /chat/completions in 0.483569 seconds
2026-04-26 13:38:40,453 - INFO - Retrying request to /chat/completions in 0.404009 seconds
2026-04-26 13:38:40,804 - INFO - Retrying request to /chat/completions in 0.497126 seconds
2026-04-26 13:38:40,942 - INFO - Retrying request to /chat/completions in 0.911831 seconds
2026-04-26 13:38:41,010 - INFO - Retrying request to /chat/completions in 0.974750 seconds
2026-04-26 13:38:41,205 - INFO - Retrying request to /chat/completions in 0.429405 seconds
2026-04-26 13:38:41,390 - INFO - Retrying request to /chat/completions in 0.984753 seconds
2026-04-26 13:38:41,731 - INFO - Retrying request to /chat/completions in 0.854745 seconds
2026-04-26 13:38:42,085 - INFO - Retrying request to /chat/completions in 0.439906 seconds
2026-04-26 13:38:42,239 - INFO - Retrying request to /chat/completions in 0.492144 seconds
2026-04-26 13:38:42,604 - INFO - Retrying request to /chat/completions in 0.979695 seconds
2026-04-26 13:38:42,623 - INFO - Retrying request to /chat/completions in 0.391082 seconds
2026-04-26 13:38:42,794 - INFO - Retrying request to /chat/completions in 0.490121 seconds
2026-04-26 13:38:42,850 - INFO - Retrying request to /chat/completions in 0.944570 seconds
2026-04-26 13:38:43,140 - INFO - Retrying request to /chat/completions in 0.839852 seconds
2026-04-26 13:38:43,387 - INFO - Retrying request to /chat/completions in 0.818190 seconds
2026-04-26 13:38:43,805 - INFO - Retrying request to /chat/completions in 0.488547 seconds
2026-04-26 13:38:44,234 - INFO - Retrying request to /chat/completions in 0.430494 seconds
2026-04-26 13:38:44,398 - INFO - Retrying request to /chat/completions in 0.951632 seconds
2026-04-26 13:38:44,424 - INFO - Retrying request to /chat/completions in 0.401213 seconds
2026-04-26 13:38:44,507 - INFO - Retrying request to /chat/completions in 0.420441 seconds
2026-04-26 13:38:44,759 - INFO - Retrying request to /chat/completions in 0.968718 seconds
2026-04-26 13:38:44,908 - INFO - Retrying request to /chat/completions in 0.960034 seconds
2026-04-26 13:38:45,032 - INFO - Retrying request to /chat/completions in 0.796907 seconds
2026-04-26 13:38:45,609 - INFO - Retrying request to /chat/completions in 0.450991 seconds
2026-04-26 13:38:45,965 - INFO - Retrying request to /chat/completions in 0.386515 seconds
2026-04-26 13:38:46,073 - INFO - Retrying request to /chat/completions in 0.481811 seconds
2026-04-26 13:38:46,074 - INFO - Retrying request to /chat/completions in 0.464726 seconds
2026-04-26 13:38:46,435 - INFO - Retrying request to /chat/completions in 0.791904 seconds
2026-04-26 13:38:46,471 - INFO - Retrying request to /chat/completions in 0.468560 seconds
2026-04-26 13:38:46,650 - INFO - Retrying request to /chat/completions in 0.865648 seconds
2026-04-26 13:38:47,024 - INFO - Retrying request to /chat/completions in 0.881982 seconds
2026-04-26 13:38:47,383 - INFO - Retrying request to /chat/completions in 0.444420 seconds
2026-04-26 13:38:47,499 - INFO - Retrying request to /chat/completions in 0.462796 seconds
2026-04-26 13:38:47,780 - INFO - Retrying request to /chat/completions in 0.469456 seconds
2026-04-26 13:38:47,926 - INFO - Retrying request to /chat/completions in 0.940434 seconds
2026-04-26 13:38:48,054 - INFO - Retrying request to /chat/completions in 0.971579 seconds
2026-04-26 13:38:48,151 - INFO - Retrying request to /chat/completions in 0.474180 seconds
2026-04-26 13:38:48,356 - INFO - Retrying request to /chat/completions in 0.857170 seconds
2026-04-26 13:38:49,222 - INFO - Retrying request to /chat/completions in 0.486040 seconds
2026-04-26 13:38:49,257 - INFO - Retrying request to /chat/completions in 0.385370 seconds
2026-04-26 13:38:49,528 - INFO - Retrying request to /chat/completions in 0.455616 seconds
2026-04-26 13:38:49,745 - INFO - Retrying request to /chat/completions in 0.846765 seconds
2026-04-26 13:38:49,812 - INFO - Retrying request to /chat/completions in 0.880982 seconds
2026-04-26 13:38:49,928 - INFO - Retrying request to /chat/completions in 0.457162 seconds
2026-04-26 13:38:50,147 - INFO - Retrying request to /chat/completions in 0.907733 seconds
2026-04-26 13:38:50,474 - INFO - Retrying request to /chat/completions in 0.778184 seconds
2026-04-26 13:38:50,821 - INFO - Retrying request to /chat/completions in 0.453815 seconds
2026-04-26 13:38:50,922 - INFO - Retrying request to /chat/completions in 0.490503 seconds
2026-04-26 13:38:51,338 - INFO - Retrying request to /chat/completions in 0.378184 seconds
2026-04-26 13:38:51,362 - INFO - Retrying request to /chat/completions in 0.907245 seconds
2026-04-26 13:38:51,494 - INFO - Retrying request to /chat/completions in 0.850433 seconds
2026-04-26 13:38:51,515 - INFO - Retrying request to /chat/completions in 0.395893 seconds
2026-04-26 13:38:51,815 - INFO - Retrying request to /chat/completions in 0.943301 seconds
2026-04-26 13:38:51,993 - INFO - Retrying request to /chat/completions in 0.851975 seconds
2026-04-26 13:38:52,523 - INFO - Retrying request to /chat/completions in 0.388975 seconds
2026-04-26 13:38:52,588 - INFO - Retrying request to /chat/completions in 0.403055 seconds
2026-04-26 13:38:53,000 - INFO - Retrying request to /chat/completions in 0.870849 seconds
2026-04-26 13:38:53,010 - INFO - Retrying request to /chat/completions in 0.403435 seconds
2026-04-26 13:38:53,084 - INFO - Retrying request to /chat/completions in 0.766963 seconds
2026-04-26 13:38:53,104 - INFO - Retrying request to /chat/completions in 0.465984 seconds
2026-04-26 13:38:53,490 - INFO - Retrying request to /chat/completions in 0.936959 seconds
2026-04-26 13:38:53,660 - INFO - Retrying request to /chat/completions in 0.943637 seconds
2026-04-26 13:38:54,108 - INFO - Retrying request to /chat/completions in 0.445061 seconds
2026-04-26 13:38:54,110 - INFO - Retrying request to /chat/completions in 0.486119 seconds
2026-04-26 13:38:54,642 - INFO - Retrying request to /chat/completions in 0.812931 seconds
2026-04-26 13:38:54,659 - INFO - Retrying request to /chat/completions in 0.473450 seconds
2026-04-26 13:38:54,693 - INFO - Retrying request to /chat/completions in 0.909723 seconds
2026-04-26 13:38:54,812 - INFO - Retrying request to /chat/completions in 0.482866 seconds
2026-04-26 13:38:55,221 - INFO - Retrying request to /chat/completions in 0.991863 seconds
2026-04-26 13:38:55,389 - INFO - Retrying request to /chat/completions in 0.996591 seconds
2026-04-26 13:38:55,831 - INFO - Retrying request to /chat/completions in 0.421436 seconds
2026-04-26 13:38:55,993 - INFO - Retrying request to /chat/completions in 0.418006 seconds
2026-04-26 13:38:56,331 - INFO - Retrying request to /chat/completions in 0.917157 seconds
2026-04-26 13:38:56,429 - INFO - Retrying request to /chat/completions in 0.445430 seconds
2026-04-26 13:38:56,515 - INFO - Retrying request to /chat/completions in 0.837423 seconds
2026-04-26 13:38:56,628 - INFO - Retrying request to /chat/completions in 0.391714 seconds
2026-04-26 13:38:56,960 - INFO - Retrying request to /chat/completions in 0.764640 seconds
2026-04-26 13:38:57,119 - INFO - Retrying request to /chat/completions in 0.795598 seconds
2026-04-26 13:38:57,479 - INFO - Retrying request to /chat/completions in 0.435432 seconds
2026-04-26 13:38:57,605 - INFO - Retrying request to /chat/completions in 0.465431 seconds
2026-04-26 13:38:57,965 - INFO - Retrying request to /chat/completions in 0.448066 seconds
2026-04-26 13:38:58,003 - INFO - Retrying request to /chat/completions in 0.941120 seconds
2026-04-26 13:38:58,124 - INFO - Retrying request to /chat/completions in 0.419153 seconds
2026-04-26 13:38:58,139 - INFO - Retrying request to /chat/completions in 0.977186 seconds
2026-04-26 13:38:58,492 - INFO - Retrying request to /chat/completions in 0.772170 seconds
2026-04-26 13:38:58,619 - INFO - Retrying request to /chat/completions in 0.864391 seconds
2026-04-26 13:38:59,156 - INFO - Retrying request to /chat/completions in 0.429051 seconds
2026-04-26 13:38:59,499 - INFO - Retrying request to /chat/completions in 0.388513 seconds
2026-04-26 13:38:59,694 - INFO - Retrying request to /chat/completions in 0.795412 seconds
2026-04-26 13:38:59,704 - INFO - Retrying request to /chat/completions in 0.481167 seconds
2026-04-26 13:38:59,782 - INFO - Retrying request to /chat/completions in 0.392058 seconds
2026-04-26 13:39:00,245 - INFO - Retrying request to /chat/completions in 0.768876 seconds
2026-04-26 13:39:00,272 - INFO - Retrying request to /chat/completions in 0.828027 seconds
2026-04-26 13:39:00,511 - INFO - Retrying request to /chat/completions in 0.391912 seconds
2026-04-26 13:39:00,688 - INFO - Retrying request to /chat/completions in 0.390188 seconds
2026-04-26 13:39:01,007 - INFO - Retrying request to /chat/completions in 0.838423 seconds
2026-04-26 13:39:01,184 - INFO - Retrying request to /chat/completions in 0.988962 seconds
2026-04-26 13:39:01,239 - INFO - Retrying request to /chat/completions in 0.427940 seconds
2026-04-26 13:39:01,320 - INFO - Retrying request to /chat/completions in 0.420069 seconds
2026-04-26 13:39:01,782 - INFO - Retrying request to /chat/completions in 0.836432 seconds
2026-04-26 13:39:01,824 - INFO - Retrying request to /chat/completions in 0.891759 seconds
2026-04-26 13:39:02,081 - INFO - Retrying request to /chat/completions in 0.389732 seconds
2026-04-26 13:39:02,571 - INFO - Retrying request to /chat/completions in 0.826623 seconds
2026-04-26 13:39:02,692 - INFO - Retrying request to /chat/completions in 0.480878 seconds
2026-04-26 13:39:02,806 - INFO - Retrying request to /chat/completions in 0.436209 seconds
2026-04-26 13:39:02,964 - INFO - Retrying request to /chat/completions in 0.495924 seconds
2026-04-26 13:39:03,318 - INFO - Retrying request to /chat/completions in 0.766087 seconds
2026-04-26 13:39:03,549 - INFO - Retrying request to /chat/completions in 0.755044 seconds
2026-04-26 13:39:03,647 - INFO - Retrying request to /chat/completions in 0.469678 seconds
2026-04-26 13:39:03,982 - INFO - Retrying request to /chat/completions in 0.426565 seconds
2026-04-26 13:39:04,221 - INFO - Retrying request to /chat/completions in 0.952863 seconds
2026-04-26 13:39:04,342 - INFO - Retrying request to /chat/completions in 0.419316 seconds
2026-04-26 13:39:04,518 - INFO - Retrying request to /chat/completions in 0.808688 seconds
2026-04-26 13:39:04,830 - INFO - Retrying request to /chat/completions in 0.478880 seconds
2026-04-26 13:39:04,851 - INFO - Retrying request to /chat/completions in 0.868607 seconds
2026-04-26 13:39:05,383 - INFO - Retrying request to /chat/completions in 0.776091 seconds
2026-04-26 13:39:05,576 - INFO - Retrying request to /chat/completions in 0.399842 seconds
2026-04-26 13:39:05,874 - INFO - Retrying request to /chat/completions in 0.403917 seconds
2026-04-26 13:39:05,990 - INFO - Retrying request to /chat/completions in 0.409861 seconds
2026-04-26 13:39:06,074 - INFO - Retrying request to /chat/completions in 0.860987 seconds
2026-04-26 13:39:06,358 - INFO - Retrying request to /chat/completions in 0.930035 seconds
2026-04-26 13:39:06,481 - INFO - Retrying request to /chat/completions in 0.985982 seconds
2026-04-26 13:39:06,648 - INFO - Retrying request to /chat/completions in 0.434706 seconds
2026-04-26 13:39:07,156 - INFO - Retrying request to /chat/completions in 0.404121 seconds
2026-04-26 13:39:07,176 - INFO - Retrying request to /chat/completions in 0.822603 seconds
2026-04-26 13:39:07,535 - INFO - Retrying request to /chat/completions in 0.440319 seconds
2026-04-26 13:39:07,645 - INFO - Retrying request to /chat/completions in 0.891672 seconds
2026-04-26 13:39:07,686 - INFO - Retrying request to /chat/completions in 0.487827 seconds
2026-04-26 13:39:08,067 - INFO - Retrying request to /chat/completions in 0.887313 seconds
2026-04-26 13:39:08,236 - INFO - Retrying request to /chat/completions in 0.448318 seconds
2026-04-26 13:39:08,656 - INFO - Retrying request to /chat/completions in 0.495681 seconds
2026-04-26 13:39:08,772 - INFO - Retrying request to /chat/completions in 0.882551 seconds
2026-04-26 13:39:08,785 - INFO - Retrying request to /chat/completions in 0.381844 seconds
2026-04-26 13:39:09,168 - INFO - Retrying request to /chat/completions in 0.446365 seconds
2026-04-26 13:39:09,253 - INFO - Retrying request to /chat/completions in 0.753529 seconds
2026-04-26 13:39:09,262 - INFO - Retrying request to /chat/completions in 0.919425 seconds
2026-04-26 13:39:09,710 - INFO - Retrying request to /chat/completions in 0.906317 seconds
2026-04-26 13:39:09,884 - INFO - Retrying request to /chat/completions in 0.380425 seconds
2026-04-26 13:39:10,222 - INFO - Retrying request to /chat/completions in 0.441148 seconds
2026-04-26 13:39:10,353 - INFO - Retrying request to /chat/completions in 0.952578 seconds
2026-04-26 13:39:10,398 - INFO - Retrying request to /chat/completions in 0.476272 seconds
2026-04-26 13:39:10,758 - INFO - Retrying request to /chat/completions in 0.945423 seconds
2026-04-26 13:39:10,841 - INFO - Retrying request to /chat/completions in 0.410819 seconds
2026-04-26 13:39:10,956 - INFO - Retrying request to /chat/completions in 0.922142 seconds
2026-04-26 13:39:11,551 - INFO - Retrying request to /chat/completions in 0.434202 seconds
2026-04-26 13:39:11,920 - INFO - Retrying request to /chat/completions in 0.448178 seconds
2026-04-26 13:39:12,077 - INFO - Retrying request to /chat/completions in 0.923376 seconds
2026-04-26 13:39:12,162 - INFO - Retrying request to /chat/completions in 0.471478 seconds
2026-04-26 13:39:12,717 - INFO - Retrying request to /chat/completions in 0.868495 seconds
2026-04-26 13:39:12,846 - INFO - Retrying request to /chat/completions in 0.441817 seconds
2026-04-26 13:39:12,912 - INFO - Retrying request to /chat/completions in 0.426445 seconds
2026-04-26 13:39:13,247 - INFO - Retrying request to /chat/completions in 0.377354 seconds
2026-04-26 13:39:13,374 - INFO - Retrying request to /chat/completions in 0.914313 seconds
2026-04-26 13:39:13,430 - INFO - Retrying request to /chat/completions in 0.936733 seconds
2026-04-26 13:39:13,721 - INFO - Retrying request to /chat/completions in 0.875062 seconds
2026-04-26 13:39:13,842 - INFO - Retrying request to /chat/completions in 0.466886 seconds
2026-04-26 13:39:14,372 - INFO - Retrying request to /chat/completions in 0.950799 seconds
2026-04-26 13:39:14,557 - INFO - Retrying request to /chat/completions in 0.443663 seconds
2026-04-26 13:39:14,624 - INFO - Retrying request to /chat/completions in 0.485035 seconds
2026-04-26 13:39:14,840 - INFO - Retrying request to /chat/completions in 0.474946 seconds
2026-04-26 13:39:15,093 - INFO - Retrying request to /chat/completions in 0.977324 seconds
2026-04-26 13:39:15,215 - INFO - Retrying request to /chat/completions in 0.978100 seconds
2026-04-26 13:39:15,414 - INFO - Retrying request to /chat/completions in 0.870382 seconds
2026-04-26 13:39:16,055 - INFO - Retrying request to /chat/completions in 0.421121 seconds
2026-04-26 13:39:16,314 - INFO - Retrying request to /chat/completions in 0.385397 seconds
2026-04-26 13:39:16,560 - INFO - Retrying request to /chat/completions in 0.946641 seconds
2026-04-26 13:39:16,608 - INFO - Retrying request to /chat/completions in 0.477024 seconds
2026-04-26 13:39:16,791 - INFO - Retrying request to /chat/completions in 0.856070 seconds
2026-04-26 13:39:16,902 - INFO - Retrying request to /chat/completions in 0.443099 seconds
2026-04-26 13:39:17,181 - INFO - Retrying request to /chat/completions in 0.759735 seconds
2026-04-26 13:39:17,440 - INFO - Retrying request to /chat/completions in 0.830382 seconds
2026-04-26 13:39:17,758 - INFO - Retrying request to /chat/completions in 0.407767 seconds
2026-04-26 13:39:17,895 - INFO - Retrying request to /chat/completions in 0.485533 seconds
2026-04-26 13:39:18,193 - INFO - Retrying request to /chat/completions in 0.492744 seconds
2026-04-26 13:39:18,241 - INFO - Retrying request to /chat/completions in 0.759421 seconds
2026-04-26 13:39:18,465 - INFO - Retrying request to /chat/completions in 0.939385 seconds
2026-04-26 13:39:18,502 - INFO - Retrying request to /chat/completions in 0.475020 seconds
2026-04-26 13:39:18,760 - INFO - Retrying request to /chat/completions in 0.855731 seconds
2026-04-26 13:39:19,076 - INFO - Retrying request to /chat/completions in 0.959240 seconds
2026-04-26 13:39:19,237 - INFO - Retrying request to /chat/completions in 0.490735 seconds
2026-04-26 13:39:19,647 - INFO - Retrying request to /chat/completions in 0.468843 seconds
2026-04-26 13:39:19,809 - INFO - Retrying request to /chat/completions in 0.816590 seconds
2026-04-26 13:39:20,151 - INFO - Retrying request to /chat/completions in 0.452741 seconds
2026-04-26 13:39:20,182 - INFO - Retrying request to /chat/completions in 0.995443 seconds
2026-04-26 13:39:20,271 - INFO - Retrying request to /chat/completions in 0.429617 seconds
2026-04-26 13:39:20,691 - INFO - Retrying request to /chat/completions in 0.815770 seconds
2026-04-26 13:39:20,788 - INFO - Retrying request to /chat/completions in 0.796864 seconds
2026-04-26 13:39:20,861 - INFO - Retrying request to /chat/completions in 0.479312 seconds
2026-04-26 13:39:21,418 - INFO - Retrying request to /chat/completions in 0.439280 seconds
2026-04-26 13:39:21,431 - INFO - Retrying request to /chat/completions in 0.866399 seconds
2026-04-26 13:39:21,745 - INFO - Retrying request to /chat/completions in 0.414250 seconds
2026-04-26 13:39:21,826 - INFO - Retrying request to /chat/completions in 0.443859 seconds
2026-04-26 13:39:21,953 - INFO - Retrying request to /chat/completions in 0.815392 seconds
2026-04-26 13:39:22,245 - INFO - Retrying request to /chat/completions in 0.968052 seconds
2026-04-26 13:39:22,351 - INFO - Retrying request to /chat/completions in 0.866522 seconds
2026-04-26 13:39:22,528 - INFO - Retrying request to /chat/completions in 0.390467 seconds
2026-04-26 13:39:23,008 - INFO - Retrying request to /chat/completions in 0.487572 seconds
2026-04-26 13:39:23,009 - INFO - Retrying request to /chat/completions in 0.916369 seconds
2026-04-26 13:39:23,449 - INFO - Retrying request to /chat/completions in 0.495092 seconds
2026-04-26 13:39:23,592 - INFO - Retrying request to /chat/completions in 0.997241 seconds
2026-04-26 13:39:24,029 - INFO - Retrying request to /chat/completions in 0.903290 seconds
2026-04-26 13:39:24,076 - INFO - Retrying request to /chat/completions in 0.476059 seconds
2026-04-26 13:39:24,433 - INFO - Retrying request to /chat/completions in 0.425520 seconds
2026-04-26 13:39:24,644 - INFO - Retrying request to /chat/completions in 0.987745 seconds
2026-04-26 13:39:24,814 - INFO - Retrying request to /chat/completions in 0.431280 seconds
2026-04-26 13:39:24,942 - INFO - Retrying request to /chat/completions in 0.974247 seconds
2026-04-26 13:39:25,188 - INFO - Retrying request to /chat/completions in 0.389704 seconds
2026-04-26 13:39:25,663 - INFO - Retrying request to /chat/completions in 0.759587 seconds
2026-04-26 13:39:25,789 - INFO - Retrying request to /chat/completions in 0.484373 seconds
2026-04-26 13:39:26,173 - INFO - Retrying request to /chat/completions in 0.448227 seconds
2026-04-26 13:39:26,343 - INFO - Retrying request to /chat/completions in 0.971819 seconds
2026-04-26 13:39:26,658 - INFO - Retrying request to /chat/completions in 0.461124 seconds
2026-04-26 13:39:26,706 - INFO - Retrying request to /chat/completions in 0.774812 seconds
2026-04-26 13:39:26,948 - INFO - Retrying request to /chat/completions in 0.420668 seconds
2026-04-26 13:39:27,201 - INFO - Retrying request to /chat/completions in 0.751547 seconds
2026-04-26 13:39:27,452 - INFO - Retrying request to /chat/completions in 0.869393 seconds
2026-04-26 13:39:27,699 - INFO - Retrying request to /chat/completions in 0.451447 seconds
2026-04-26 13:39:27,821 - INFO - Retrying request to /chat/completions in 0.451511 seconds
2026-04-26 13:39:28,185 - INFO - Retrying request to /chat/completions in 0.467766 seconds
2026-04-26 13:39:28,239 - INFO - Retrying request to /chat/completions in 0.886987 seconds
2026-04-26 13:39:28,377 - INFO - Retrying request to /chat/completions in 0.997403 seconds
2026-04-26 13:39:28,561 - INFO - Retrying request to /chat/completions in 0.389541 seconds
2026-04-26 13:39:28,730 - INFO - Retrying request to /chat/completions in 0.796304 seconds
2026-04-26 13:39:29,041 - INFO - Retrying request to /chat/completions in 0.892377 seconds
2026-04-26 13:39:29,401 - INFO - Retrying request to /chat/completions in 0.423427 seconds
2026-04-26 13:39:29,642 - INFO - Retrying request to /chat/completions in 0.418889 seconds
2026-04-26 13:39:29,791 - INFO - Retrying request to /chat/completions in 0.424316 seconds
2026-04-26 13:39:29,915 - INFO - Retrying request to /chat/completions in 0.811842 seconds
2026-04-26 13:39:30,128 - INFO - Retrying request to /chat/completions in 0.925958 seconds
2026-04-26 13:39:30,309 - INFO - Retrying request to /chat/completions in 0.890689 seconds
2026-04-26 13:39:30,990 - INFO - Retrying request to /chat/completions in 0.386202 seconds
2026-04-26 13:39:31,449 - INFO - Retrying request to /chat/completions in 0.438169 seconds
2026-04-26 13:39:31,554 - INFO - Retrying request to /chat/completions in 0.843765 seconds
2026-04-26 13:39:31,561 - INFO - Retrying request to /chat/completions in 0.394769 seconds
2026-04-26 13:39:31,760 - INFO - Retrying request to /chat/completions in 0.422301 seconds
2026-04-26 13:39:31,986 - INFO - Retrying request to /chat/completions in 0.880251 seconds
2026-04-26 13:39:32,022 - INFO - Retrying request to /chat/completions in 0.787236 seconds
2026-04-26 13:39:32,283 - INFO - Retrying request to /chat/completions in 0.837654 seconds
2026-04-26 13:39:32,648 - INFO - Retrying request to /chat/completions in 0.378397 seconds
2026-04-26 13:39:33,081 - INFO - Retrying request to /chat/completions in 0.456481 seconds
2026-04-26 13:39:33,082 - INFO - Retrying request to /chat/completions in 0.434326 seconds
2026-04-26 13:39:33,109 - INFO - Retrying request to /chat/completions in 0.888992 seconds
2026-04-26 13:39:33,599 - INFO - Retrying request to /chat/completions in 0.431329 seconds
2026-04-26 13:39:33,630 - INFO - Retrying request to /chat/completions in 0.884641 seconds
2026-04-26 13:39:34,011 - INFO - Retrying request to /chat/completions in 0.485344 seconds
2026-04-26 13:39:34,134 - INFO - Retrying request to /chat/completions in 0.886936 seconds
2026-04-26 13:39:34,242 - INFO - Retrying request to /chat/completions in 0.426316 seconds
2026-04-26 13:39:34,574 - INFO - Retrying request to /chat/completions in 0.869819 seconds
2026-04-26 13:39:34,742 - INFO - Retrying request to /chat/completions in 0.407024 seconds
2026-04-26 13:39:34,753 - INFO - Retrying request to /chat/completions in 0.807773 seconds
2026-04-26 13:39:35,250 - INFO - Retrying request to /chat/completions in 0.893402 seconds
2026-04-26 13:39:35,263 - INFO - Retrying request to /chat/completions in 0.428370 seconds
2026-04-26 13:39:35,685 - INFO - Retrying request to /chat/completions in 0.432021 seconds
2026-04-26 13:39:35,777 - INFO - Retrying request to /chat/completions in 0.798477 seconds
2026-04-26 13:39:35,825 - INFO - Retrying request to /chat/completions in 0.405349 seconds
2026-04-26 13:39:36,190 - INFO - Retrying request to /chat/completions in 0.934858 seconds
2026-04-26 13:39:36,333 - INFO - Retrying request to /chat/completions in 0.950274 seconds
2026-04-26 13:39:36,388 - INFO - Retrying request to /chat/completions in 0.437744 seconds
2026-04-26 13:39:36,821 - INFO - Retrying request to /chat/completions in 0.491243 seconds
2026-04-26 13:39:36,924 - INFO - Retrying request to /chat/completions in 0.920402 seconds
2026-04-26 13:39:37,401 - INFO - Retrying request to /chat/completions in 0.835981 seconds
2026-04-26 13:39:37,508 - INFO - Retrying request to /chat/completions in 0.459683 seconds
2026-04-26 13:39:38,075 - INFO - Retrying request to /chat/completions in 0.909830 seconds
2026-04-26 13:39:38,104 - INFO - Retrying request to /chat/completions in 0.472512 seconds
2026-04-26 13:39:38,132 - INFO - Retrying request to /chat/completions in 0.435794 seconds
2026-04-26 13:39:38,469 - INFO - Retrying request to /chat/completions in 0.491134 seconds
2026-04-26 13:39:38,657 - INFO - Retrying request to /chat/completions in 0.904935 seconds
2026-04-26 13:39:38,660 - INFO - Retrying request to /chat/completions in 0.792619 seconds
2026-04-26 13:39:39,069 - INFO - Retrying request to /chat/completions in 0.776929 seconds
2026-04-26 13:39:39,234 - INFO - Retrying request to /chat/completions in 0.416301 seconds
2026-04-26 13:39:39,690 - INFO - Retrying request to /chat/completions in 0.480364 seconds
2026-04-26 13:39:39,742 - INFO - Retrying request to /chat/completions in 0.881917 seconds
2026-04-26 13:39:39,799 - INFO - Retrying request to /chat/completions in 0.408950 seconds
2026-04-26 13:39:40,092 - INFO - Retrying request to /chat/completions in 0.474362 seconds
2026-04-26 13:39:40,296 - INFO - Retrying request to /chat/completions in 0.944112 seconds
2026-04-26 13:39:40,658 - INFO - Retrying request to /chat/completions in 0.855747 seconds
2026-04-26 13:39:40,715 - INFO - Retrying request to /chat/completions in 0.455094 seconds
2026-04-26 13:39:40,825 - INFO - Retrying request to /chat/completions in 0.478120 seconds
2026-04-26 13:39:41,255 - INFO - Retrying request to /chat/completions in 0.848691 seconds
2026-04-26 13:39:41,378 - INFO - Retrying request to /chat/completions in 0.803205 seconds
2026-04-26 13:39:41,486 - INFO - Retrying request to /chat/completions in 0.491763 seconds
2026-04-26 13:39:41,737 - INFO - Retrying request to /chat/completions in 0.466338 seconds
2026-04-26 13:39:42,053 - INFO - Retrying request to /chat/completions in 0.802912 seconds
2026-04-26 13:39:42,291 - INFO - Retrying request to /chat/completions in 0.767909 seconds
2026-04-26 13:39:42,407 - INFO - Retrying request to /chat/completions in 0.393984 seconds
2026-04-26 13:39:42,781 - INFO - Retrying request to /chat/completions in 0.443174 seconds
2026-04-26 13:39:42,906 - INFO - Retrying request to /chat/completions in 0.930116 seconds
2026-04-26 13:39:43,118 - INFO - Retrying request to /chat/completions in 0.419576 seconds
2026-04-26 13:39:43,327 - INFO - Retrying request to /chat/completions in 0.394952 seconds
2026-04-26 13:39:43,327 - INFO - Retrying request to /chat/completions in 0.921149 seconds
2026-04-26 13:39:43,613 - INFO - Retrying request to /chat/completions in 0.930408 seconds
2026-04-26 13:39:43,815 - INFO - Retrying request to /chat/completions in 0.965014 seconds
2026-04-26 13:39:44,091 - INFO - Retrying request to /chat/completions in 0.478438 seconds
2026-04-26 13:39:44,492 - INFO - Retrying request to /chat/completions in 0.438043 seconds
2026-04-26 13:39:44,660 - INFO - Retrying request to /chat/completions in 0.764689 seconds
2026-04-26 13:39:44,775 - INFO - Retrying request to /chat/completions in 0.390750 seconds
2026-04-26 13:39:45,012 - INFO - Retrying request to /chat/completions in 0.998999 seconds
2026-04-26 13:39:45,041 - INFO - Retrying request to /chat/completions in 0.490927 seconds
2026-04-26 13:39:45,257 - INFO - Retrying request to /chat/completions in 0.887900 seconds
2026-04-26 13:39:45,639 - INFO - Retrying request to /chat/completions in 0.797317 seconds
2026-04-26 13:39:45,664 - INFO - Retrying request to /chat/completions in 0.426970 seconds
2026-04-26 13:39:46,185 - INFO - Retrying request to /chat/completions in 0.829856 seconds
2026-04-26 13:39:46,273 - INFO - Retrying request to /chat/completions in 0.383163 seconds
2026-04-26 13:39:46,358 - INFO - Retrying request to /chat/completions in 0.438998 seconds
2026-04-26 13:39:46,682 - INFO - Retrying request to /chat/completions in 0.400795 seconds
2026-04-26 13:39:46,749 - INFO - Retrying request to /chat/completions in 0.995405 seconds
2026-04-26 13:39:46,887 - INFO - Retrying request to /chat/completions in 0.944389 seconds
2026-04-26 13:39:47,157 - INFO - Retrying request to /chat/completions in 0.917780 seconds
2026-04-26 13:39:47,249 - INFO - Retrying request to /chat/completions in 0.381206 seconds
2026-04-26 13:39:47,721 - INFO - Retrying request to /chat/completions in 0.874253 seconds
2026-04-26 13:39:48,001 - INFO - Retrying request to /chat/completions in 0.376095 seconds
2026-04-26 13:39:48,454 - INFO - Retrying request to /chat/completions in 0.379277 seconds
2026-04-26 13:39:48,462 - INFO - Retrying request to /chat/completions in 0.773006 seconds
2026-04-26 13:39:48,535 - INFO - Retrying request to /chat/completions in 0.385820 seconds
2026-04-26 13:39:48,886 - INFO - Retrying request to /chat/completions in 0.411260 seconds
2026-04-26 13:39:48,913 - INFO - Retrying request to /chat/completions in 0.928692 seconds
2026-04-26 13:39:49,013 - INFO - Retrying request to /chat/completions in 0.989930 seconds
2026-04-26 13:39:49,367 - INFO - Retrying request to /chat/completions in 0.937237 seconds
2026-04-26 13:39:49,538 - INFO - Retrying request to /chat/completions in 0.425065 seconds
2026-04-26 13:39:50,062 - INFO - Retrying request to /chat/completions in 0.875257 seconds
2026-04-26 13:39:50,211 - INFO - Retrying request to /chat/completions in 0.471826 seconds
2026-04-26 13:39:50,303 - INFO - Retrying request to /chat/completions in 0.375167 seconds
2026-04-26 13:39:50,586 - INFO - Retrying request to /chat/completions in 0.386812 seconds
2026-04-26 13:39:50,759 - INFO - Retrying request to /chat/completions in 0.984581 seconds
2026-04-26 13:39:50,779 - INFO - Retrying request to /chat/completions in 0.859756 seconds
2026-04-26 13:39:51,205 - INFO - Retrying request to /chat/completions in 0.451900 seconds
2026-04-26 13:39:51,607 - INFO - Retrying request to /chat/completions in 0.469118 seconds
2026-04-26 13:39:51,745 - INFO - Retrying request to /chat/completions in 0.935431 seconds
2026-04-26 13:39:51,875 - INFO - Retrying request to /chat/completions in 0.376875 seconds
2026-04-26 13:39:52,022 - INFO - Retrying request to /chat/completions in 0.490614 seconds
2026-04-26 13:39:52,339 - INFO - Retrying request to /chat/completions in 0.901441 seconds
2026-04-26 13:39:52,605 - INFO - Retrying request to /chat/completions in 0.794280 seconds
2026-04-26 13:39:52,690 - INFO - Retrying request to /chat/completions in 0.409184 seconds
2026-04-26 13:39:52,925 - INFO - Retrying request to /chat/completions in 0.469768 seconds
2026-04-26 13:39:53,189 - INFO - Retrying request to /chat/completions in 0.798935 seconds
2026-04-26 13:39:53,476 - INFO - Retrying request to /chat/completions in 0.940187 seconds
2026-04-26 13:39:54,077 - INFO - Retrying request to /chat/completions in 0.379332 seconds
2026-04-26 13:39:54,105 - INFO - Retrying request to /chat/completions in 0.455382 seconds
2026-04-26 13:39:54,555 - INFO - Retrying request to /chat/completions in 0.921570 seconds
2026-04-26 13:39:54,561 - INFO - Retrying request to /chat/completions in 0.453268 seconds
2026-04-26 13:39:54,645 - INFO - Retrying request to /chat/completions in 0.940122 seconds
2026-04-26 13:39:54,708 - INFO - Retrying request to /chat/completions in 0.439085 seconds
2026-04-26 13:39:55,100 - INFO - Retrying request to /chat/completions in 0.842628 seconds
2026-04-26 13:39:55,242 - INFO - Retrying request to /chat/completions in 0.900638 seconds
2026-04-26 13:39:55,748 - INFO - Retrying request to /chat/completions in 0.387555 seconds
2026-04-26 13:39:55,844 - INFO - Retrying request to /chat/completions in 0.488332 seconds
2026-04-26 13:39:56,220 - INFO - Retrying request to /chat/completions in 0.832189 seconds
2026-04-26 13:39:56,222 - INFO - Retrying request to /chat/completions in 0.409080 seconds
2026-04-26 13:39:56,415 - INFO - Retrying request to /chat/completions in 0.825328 seconds
2026-04-26 13:39:56,720 - INFO - Retrying request to /chat/completions in 0.989929 seconds
2026-04-26 13:39:56,776 - INFO - Retrying request to /chat/completions in 0.380835 seconds
2026-04-26 13:39:57,246 - INFO - Retrying request to /chat/completions in 0.897398 seconds
2026-04-26 13:39:57,299 - INFO - Retrying request to /chat/completions in 0.379530 seconds
2026-04-26 13:39:57,481 - INFO - Retrying request to /chat/completions in 0.487942 seconds
2026-04-26 13:39:57,774 - INFO - Retrying request to /chat/completions in 0.837622 seconds
2026-04-26 13:39:57,947 - INFO - Retrying request to /chat/completions in 0.485184 seconds
2026-04-26 13:39:58,057 - INFO - Retrying request to /chat/completions in 0.988219 seconds
2026-04-26 13:39:58,415 - INFO - Retrying request to /chat/completions in 0.458772 seconds
2026-04-26 13:39:58,534 - INFO - Retrying request to /chat/completions in 0.872062 seconds
2026-04-26 13:39:58,869 - INFO - Retrying request to /chat/completions in 0.484148 seconds
2026-04-26 13:39:58,963 - INFO - Retrying request to /chat/completions in 0.904941 seconds
2026-04-26 13:39:59,356 - INFO - Retrying request to /chat/completions in 0.477087 seconds
2026-04-26 13:39:59,454 - INFO - Retrying request to /chat/completions in 0.762053 seconds
2026-04-26 13:39:59,670 - INFO - Retrying request to /chat/completions in 0.377731 seconds
2026-04-26 13:39:59,933 - INFO - Retrying request to /chat/completions in 0.991999 seconds
2026-04-26 13:40:00,140 - INFO - Retrying request to /chat/completions in 0.850804 seconds
2026-04-26 13:40:00,407 - INFO - Retrying request to /chat/completions in 0.388689 seconds
2026-04-26 13:40:00,454 - INFO - Retrying request to /chat/completions in 0.433864 seconds
2026-04-26 13:40:00,971 - INFO - Retrying request to /chat/completions in 0.884057 seconds
2026-04-26 13:40:01,189 - INFO - Retrying request to /chat/completions in 0.402107 seconds
2026-04-26 13:40:01,193 - INFO - Retrying request to /chat/completions in 0.413863 seconds
2026-04-26 13:40:01,354 - INFO - Retrying request to /chat/completions in 0.386548 seconds
2026-04-26 13:40:01,682 - INFO - Retrying request to /chat/completions in 0.906701 seconds
2026-04-26 13:40:01,693 - INFO - Retrying request to /chat/completions in 0.974582 seconds
2026-04-26 13:40:01,830 - INFO - Retrying request to /chat/completions in 0.839743 seconds
2026-04-26 13:40:02,123 - INFO - Retrying request to /chat/completions in 0.412741 seconds
2026-04-26 13:40:02,627 - INFO - Retrying request to /chat/completions in 0.825273 seconds
2026-04-26 13:40:02,840 - INFO - Retrying request to /chat/completions in 0.456675 seconds
2026-04-26 13:40:02,937 - INFO - Retrying request to /chat/completions in 0.483515 seconds
2026-04-26 13:40:02,951 - INFO - Retrying request to /chat/completions in 0.498829 seconds
2026-04-26 13:40:03,508 - INFO - Retrying request to /chat/completions in 0.848753 seconds
2026-04-26 13:40:03,523 - INFO - Retrying request to /chat/completions in 0.904272 seconds
2026-04-26 13:40:03,772 - INFO - Retrying request to /chat/completions in 0.421479 seconds
2026-04-26 13:40:03,897 - INFO - Retrying request to /chat/completions in 0.463893 seconds
2026-04-26 13:40:04,297 - INFO - Retrying request to /chat/completions in 0.764508 seconds
2026-04-26 13:40:04,464 - INFO - Retrying request to /chat/completions in 0.850508 seconds
2026-04-26 13:40:04,626 - INFO - Retrying request to /chat/completions in 0.496115 seconds
2026-04-26 13:40:04,853 - INFO - Retrying request to /chat/completions in 0.383160 seconds
2026-04-26 13:40:05,190 - INFO - Retrying request to /chat/completions in 0.933345 seconds
2026-04-26 13:40:05,318 - INFO - Retrying request to /chat/completions in 0.760601 seconds
2026-04-26 13:40:05,332 - INFO - Retrying request to /chat/completions in 0.495012 seconds
2026-04-26 13:40:05,597 - INFO - Retrying request to /chat/completions in 0.483195 seconds
2026-04-26 13:40:05,911 - INFO - Retrying request to /chat/completions in 0.757797 seconds
2026-04-26 13:40:06,159 - INFO - Retrying request to /chat/completions in 0.935746 seconds
2026-04-26 13:40:06,318 - INFO - Retrying request to /chat/completions in 0.381996 seconds
2026-04-26 13:40:06,322 - INFO - Retrying request to /chat/completions in 0.458624 seconds
2026-04-26 13:40:06,796 - INFO - Retrying request to /chat/completions in 0.893385 seconds
2026-04-26 13:40:06,875 - INFO - Retrying request to /chat/completions in 0.948839 seconds
2026-04-26 13:40:06,953 - INFO - Retrying request to /chat/completions in 0.451001 seconds
2026-04-26 13:40:07,356 - INFO - Retrying request to /chat/completions in 0.471804 seconds
2026-04-26 13:40:07,497 - INFO - Retrying request to /chat/completions in 0.771233 seconds
2026-04-26 13:40:07,904 - INFO - Retrying request to /chat/completions in 0.898848 seconds
2026-04-26 13:40:07,936 - INFO - Retrying request to /chat/completions in 0.481592 seconds
2026-04-26 13:40:08,077 - INFO - Retrying request to /chat/completions in 0.496063 seconds
2026-04-26 13:40:08,517 - INFO - Retrying request to /chat/completions in 0.845421 seconds
2026-04-26 13:40:08,557 - INFO - Retrying request to /chat/completions in 0.406409 seconds
2026-04-26 13:40:08,660 - INFO - Retrying request to /chat/completions in 0.958844 seconds
2026-04-26 13:40:09,064 - INFO - Retrying request to /chat/completions in 0.847516 seconds
Running helper LM: 100%|██████████ 500/500 LM calls [03:11<00:00,  2.60it/s]Running helper LM: 100%|██████████ 500/500 LM calls [03:11<00:00,  2.60it/s]
Traceback (most recent call last):
  File "/mnt/e/Semantic Operators/SemBench/my_benchmark/paper/runner/lotus_r_Q3_t1.py", line 83, in <module>
    output = papers.sem_filter(
             ^^^^^^^^^^^^^^^^^^
  File "/home/littl/miniconda3/envs/sembench/lib/python3.12/site-packages/lotus/cache.py", line 93, in wrapper
    return func(self, *args, **kwargs)
           ^^^^^^^^^^^^^^^^^^^^^^^^^^^
  File "/home/littl/miniconda3/envs/sembench/lib/python3.12/site-packages/lotus/sem_ops/sem_filter.py", line 263, in __call__
    helper_output = sem_filter(
                    ^^^^^^^^^^^
  File "/home/littl/miniconda3/envs/sembench/lib/python3.12/site-packages/lotus/sem_ops/sem_filter.py", line 77, in sem_filter
    lm_output: LMOutput = model(
                          ^^^^^^
  File "/home/littl/miniconda3/envs/sembench/lib/python3.12/site-packages/lotus/models/lm.py", line 119, in __call__
    outputs = [self._get_top_choice(resp) for resp in all_responses]
               ^^^^^^^^^^^^^^^^^^^^^^^^^^
  File "/home/littl/miniconda3/envs/sembench/lib/python3.12/site-packages/lotus/models/lm.py", line 214, in _get_top_choice
    choice = response.choices[0]
             ^^^^^^^^^^^^^^^^
AttributeError: 'RateLimitError' object has no attribute 'choices'
